2024-02-18T03:59:28.6870374Z Requested labels: ubuntu-latest
2024-02-18T03:59:28.6870678Z Job defined at: kriegaex/Asciidoctor_HTMLContainsCRLFOnWindows/.github/workflows/maven.yml@refs/heads/master
2024-02-18T03:59:28.6870779Z Waiting for a runner to pick up this job...
2024-02-18T03:59:29.0838276Z Job is waiting for a hosted runner to come online.
2024-02-18T03:59:33.2673429Z Job is about to start running on the hosted runner: GitHub Actions 13 (hosted)
2024-02-18T03:59:35.2517357Z Current runner version: '2.313.0'
2024-02-18T03:59:35.2539469Z ##[group]Operating System
2024-02-18T03:59:35.2540213Z Ubuntu
2024-02-18T03:59:35.2540549Z 22.04.3
2024-02-18T03:59:35.2540884Z LTS
2024-02-18T03:59:35.2541287Z ##[endgroup]
2024-02-18T03:59:35.2541662Z ##[group]Runner Image
2024-02-18T03:59:35.2542140Z Image: ubuntu-22.04
2024-02-18T03:59:35.2542611Z Version: 20240212.1.0
2024-02-18T03:59:35.2543603Z Included Software: https://github.com/actions/runner-images/blob/ubuntu22/20240212.1/images/ubuntu/Ubuntu2204-Readme.md
2024-02-18T03:59:35.2545095Z Image Release: https://github.com/actions/runner-images/releases/tag/ubuntu22%2F20240212.1
2024-02-18T03:59:35.2546015Z ##[endgroup]
2024-02-18T03:59:35.2546434Z ##[group]Runner Image Provisioner
2024-02-18T03:59:35.2546907Z 2.0.341.1
2024-02-18T03:59:35.2547288Z ##[endgroup]
2024-02-18T03:59:35.2548283Z ##[group]GITHUB_TOKEN Permissions
2024-02-18T03:59:35.2549942Z Contents: read
2024-02-18T03:59:35.2550385Z Metadata: read
2024-02-18T03:59:35.2551257Z Packages: read
2024-02-18T03:59:35.2551843Z ##[endgroup]
2024-02-18T03:59:35.2554979Z Secret source: Actions
2024-02-18T03:59:35.2555676Z Prepare workflow directory
2024-02-18T03:59:35.3166489Z Prepare all required actions
2024-02-18T03:59:35.3322279Z Getting action download info
2024-02-18T03:59:35.4924362Z Download action repository 'actions/setup-java@v4' (SHA:387ac29b308b003ca37ba93a6cab5eb57c8f5f93)
2024-02-18T03:59:36.4606122Z Download action repository 'actions/checkout@v4' (SHA:b4ffde65f46336ab88eb53be808477a3936bae11)
2024-02-18T03:59:36.6465124Z Complete job name: Build on ubuntu-latest with JDK 8
2024-02-18T03:59:36.7332646Z ##[group]Run actions/setup-java@v4
2024-02-18T03:59:36.7333514Z with:
2024-02-18T03:59:36.7333893Z   java-version: 8
2024-02-18T03:59:36.7334305Z   distribution: temurin
2024-02-18T03:59:36.7334900Z   java-package: jdk
2024-02-18T03:59:36.7335340Z   check-latest: false
2024-02-18T03:59:36.7335751Z   server-id: github
2024-02-18T03:59:36.7336311Z   server-username: GITHUB_ACTOR
2024-02-18T03:59:36.7336901Z   server-password: GITHUB_TOKEN
2024-02-18T03:59:36.7337431Z   overwrite-settings: true
2024-02-18T03:59:36.7338083Z   job-status: success
2024-02-18T03:59:36.7338749Z   token: ***
2024-02-18T03:59:36.7339148Z ##[endgroup]
2024-02-18T03:59:37.0318523Z ##[group]Installed distributions
2024-02-18T03:59:37.0322767Z Resolved Java 8.0.402+6 from tool-cache
2024-02-18T03:59:37.0323240Z Setting Java 8.0.402+6 as the default
2024-02-18T03:59:37.0335817Z Creating toolchains.xml for JDK version 8 from temurin
2024-02-18T03:59:37.0410469Z Writing to /home/runner/.m2/toolchains.xml
2024-02-18T03:59:37.0411462Z
2024-02-18T03:59:37.0412214Z Java configuration:
2024-02-18T03:59:37.0412897Z   Distribution: temurin
2024-02-18T03:59:37.0413464Z   Version: 8.0.402+6
2024-02-18T03:59:37.0414363Z   Path: /opt/hostedtoolcache/Java_Temurin-Hotspot_jdk/8.0.402-6/x64
2024-02-18T03:59:37.0415204Z
2024-02-18T03:59:37.0415845Z ##[endgroup]
2024-02-18T03:59:37.0561865Z Creating settings.xml with server-id: github
2024-02-18T03:59:37.0562721Z Writing to /home/runner/.m2/settings.xml
2024-02-18T03:59:37.0820700Z ##[group]Run actions/checkout@v4
2024-02-18T03:59:37.0821183Z with:
2024-02-18T03:59:37.0821570Z   repository: kriegaex/Asciidoctor_HTMLContainsCRLFOnWindows
2024-02-18T03:59:37.0822401Z   token: ***
2024-02-18T03:59:37.0822741Z   ssh-strict: true
2024-02-18T03:59:37.0823056Z   persist-credentials: true
2024-02-18T03:59:37.0823526Z   clean: true
2024-02-18T03:59:37.0823869Z   sparse-checkout-cone-mode: true
2024-02-18T03:59:37.0824292Z   fetch-depth: 1
2024-02-18T03:59:37.0824721Z   fetch-tags: false
2024-02-18T03:59:37.0825069Z   show-progress: true
2024-02-18T03:59:37.0825399Z   lfs: false
2024-02-18T03:59:37.0825806Z   submodules: false
2024-02-18T03:59:37.0826145Z   set-safe-directory: true
2024-02-18T03:59:37.0826475Z env:
2024-02-18T03:59:37.0827023Z   JAVA_HOME: /opt/hostedtoolcache/Java_Temurin-Hotspot_jdk/8.0.402-6/x64
2024-02-18T03:59:37.0827729Z   JAVA_HOME_8_X64: /opt/hostedtoolcache/Java_Temurin-Hotspot_jdk/8.0.402-6/x64
2024-02-18T03:59:37.0828544Z ##[endgroup]
2024-02-18T03:59:37.1580681Z Syncing repository: kriegaex/Asciidoctor_HTMLContainsCRLFOnWindows
2024-02-18T03:59:37.1582256Z ##[group]Getting Git version info
2024-02-18T03:59:37.1583818Z Working directory is '/home/runner/work/Asciidoctor_HTMLContainsCRLFOnWindows/Asciidoctor_HTMLContainsCRLFOnWindows'
2024-02-18T03:59:37.1614786Z [command]/usr/bin/git version
2024-02-18T03:59:37.1687710Z git version 2.43.0
2024-02-18T03:59:37.1712258Z ##[endgroup]
2024-02-18T03:59:37.1731597Z Temporarily overriding HOME='/home/runner/work/_temp/ab4a8b9f-390d-4862-b727-cf04af7e4330' before making global git config changes
2024-02-18T03:59:37.1733356Z Adding repository directory to the temporary git global config as a safe directory
2024-02-18T03:59:37.1735434Z [command]/usr/bin/git config --global --add safe.directory /home/runner/work/Asciidoctor_HTMLContainsCRLFOnWindows/Asciidoctor_HTMLContainsCRLFOnWindows
2024-02-18T03:59:37.1764114Z Deleting the contents of '/home/runner/work/Asciidoctor_HTMLContainsCRLFOnWindows/Asciidoctor_HTMLContainsCRLFOnWindows'
2024-02-18T03:59:37.1770201Z ##[group]Initializing the repository
2024-02-18T03:59:37.1773591Z [command]/usr/bin/git init /home/runner/work/Asciidoctor_HTMLContainsCRLFOnWindows/Asciidoctor_HTMLContainsCRLFOnWindows
2024-02-18T03:59:37.1839474Z hint: Using 'master' as the name for the initial branch. This default branch name
2024-02-18T03:59:37.1840796Z hint: is subject to change. To configure the initial branch name to use in all
2024-02-18T03:59:37.1842179Z hint: of your new repositories, which will suppress this warning, call:
2024-02-18T03:59:37.1843063Z hint:
2024-02-18T03:59:37.1843679Z hint: 	git config --global init.defaultBranch <name>
2024-02-18T03:59:37.1844508Z hint:
2024-02-18T03:59:37.1845359Z hint: Names commonly chosen instead of 'master' are 'main', 'trunk' and
2024-02-18T03:59:37.1847549Z hint: 'development'. The just-created branch can be renamed via this command:
2024-02-18T03:59:37.1855969Z hint:
2024-02-18T03:59:37.1856649Z hint: 	git branch -m <name>
2024-02-18T03:59:37.1858405Z Initialized empty Git repository in /home/runner/work/Asciidoctor_HTMLContainsCRLFOnWindows/Asciidoctor_HTMLContainsCRLFOnWindows/.git/
2024-02-18T03:59:37.1861247Z [command]/usr/bin/git remote add origin https://github.com/kriegaex/Asciidoctor_HTMLContainsCRLFOnWindows
2024-02-18T03:59:37.1895730Z ##[endgroup]
2024-02-18T03:59:37.1896808Z ##[group]Disabling automatic garbage collection
2024-02-18T03:59:37.1898000Z [command]/usr/bin/git config --local gc.auto 0
2024-02-18T03:59:37.1927610Z ##[endgroup]
2024-02-18T03:59:37.1928822Z ##[group]Setting up auth
2024-02-18T03:59:37.1933864Z [command]/usr/bin/git config --local --name-only --get-regexp core\.sshCommand
2024-02-18T03:59:37.1965729Z [command]/usr/bin/git submodule foreach --recursive sh -c "git config --local --name-only --get-regexp 'core\.sshCommand' && git config --local --unset-all 'core.sshCommand' || :"
2024-02-18T03:59:37.2267630Z [command]/usr/bin/git config --local --name-only --get-regexp http\.https\:\/\/github\.com\/\.extraheader
2024-02-18T03:59:37.2294170Z [command]/usr/bin/git submodule foreach --recursive sh -c "git config --local --name-only --get-regexp 'http\.https\:\/\/github\.com\/\.extraheader' && git config --local --unset-all 'http.https://github.com/.extraheader' || :"
2024-02-18T03:59:37.2533661Z [command]/usr/bin/git config --local http.https://github.com/.extraheader AUTHORIZATION: basic ***
2024-02-18T03:59:37.2569244Z ##[endgroup]
2024-02-18T03:59:37.2570398Z ##[group]Fetching the repository
2024-02-18T03:59:37.2579456Z [command]/usr/bin/git -c protocol.version=2 fetch --no-tags --prune --no-recurse-submodules --depth=1 origin +0b64661c30cff2bdb70db12a65ff07bae82fb1e0:refs/remotes/origin/master
2024-02-18T03:59:37.6498443Z From https://github.com/kriegaex/Asciidoctor_HTMLContainsCRLFOnWindows
2024-02-18T03:59:37.6499497Z  * [new ref]         0b64661c30cff2bdb70db12a65ff07bae82fb1e0 -> origin/master
2024-02-18T03:59:37.6530200Z ##[endgroup]
2024-02-18T03:59:37.6531562Z ##[group]Determining the checkout info
2024-02-18T03:59:37.6532875Z ##[endgroup]
2024-02-18T03:59:37.6533765Z ##[group]Checking out the ref
2024-02-18T03:59:37.6538137Z [command]/usr/bin/git checkout --progress --force -B master refs/remotes/origin/master
2024-02-18T03:59:37.6587348Z Reset branch 'master'
2024-02-18T03:59:37.6588435Z branch 'master' set up to track 'origin/master'.
2024-02-18T03:59:37.6594148Z ##[endgroup]
2024-02-18T03:59:37.6625778Z [command]/usr/bin/git log -1 --format='%H'
2024-02-18T03:59:37.6648329Z '0b64661c30cff2bdb70db12a65ff07bae82fb1e0'
2024-02-18T03:59:37.6865507Z ##[group]Run mvn -B clean verify
2024-02-18T03:59:37.6866157Z [36;1mmvn -B clean verify[0m
2024-02-18T03:59:37.6907757Z shell: /usr/bin/bash -e {0}
2024-02-18T03:59:37.6908135Z env:
2024-02-18T03:59:37.6908616Z   JAVA_HOME: /opt/hostedtoolcache/Java_Temurin-Hotspot_jdk/8.0.402-6/x64
2024-02-18T03:59:37.6909562Z   JAVA_HOME_8_X64: /opt/hostedtoolcache/Java_Temurin-Hotspot_jdk/8.0.402-6/x64
2024-02-18T03:59:37.6910105Z ##[endgroup]
2024-02-18T03:59:38.8607810Z [INFO] Scanning for projects...
2024-02-18T03:59:38.9160042Z [INFO]
2024-02-18T03:59:38.9162940Z [INFO] --------------------< dev.aspectj:AsciidoctorDemo >---------------------
2024-02-18T03:59:38.9163661Z [INFO] Building AsciidoctorDemo 1.0-SNAPSHOT
2024-02-18T03:59:38.9166376Z [INFO]   from pom.xml
2024-02-18T03:59:38.9167492Z [INFO] --------------------------------[ jar ]---------------------------------
2024-02-18T03:59:39.1718223Z [INFO] Downloading from central: https://repo.maven.apache.org/maven2/org/apache/maven/plugins/maven-clean-plugin/2.5/maven-clean-plugin-2.5.pom
2024-02-18T03:59:39.5853021Z [INFO] Downloaded from central: https://repo.maven.apache.org/maven2/org/apache/maven/plugins/maven-clean-plugin/2.5/maven-clean-plugin-2.5.pom (3.9 kB at 9.4 kB/s)
2024-02-18T03:59:39.5973109Z [INFO] Downloading from central: https://repo.maven.apache.org/maven2/org/apache/maven/plugins/maven-plugins/22/maven-plugins-22.pom
2024-02-18T03:59:39.6324061Z [INFO] Downloaded from central: https://repo.maven.apache.org/maven2/org/apache/maven/plugins/maven-plugins/22/maven-plugins-22.pom (13 kB at 362 kB/s)
2024-02-18T03:59:39.6374753Z [INFO] Downloading from central: https://repo.maven.apache.org/maven2/org/apache/maven/maven-parent/21/maven-parent-21.pom
2024-02-18T03:59:39.6742698Z [INFO] Downloaded from central: https://repo.maven.apache.org/maven2/org/apache/maven/maven-parent/21/maven-parent-21.pom (26 kB at 732 kB/s)
2024-02-18T03:59:39.6788548Z [INFO] Downloading from central: https://repo.maven.apache.org/maven2/org/apache/apache/10/apache-10.pom
2024-02-18T03:59:39.7073579Z [INFO] Downloaded from central: https://repo.maven.apache.org/maven2/org/apache/apache/10/apache-10.pom (15 kB at 510 kB/s)
2024-02-18T03:59:39.7164268Z [INFO] Downloading from central: https://repo.maven.apache.org/maven2/org/apache/maven/plugins/maven-clean-plugin/2.5/maven-clean-plugin-2.5.jar
2024-02-18T03:59:39.7422132Z [INFO] Downloaded from central: https://repo.maven.apache.org/maven2/org/apache/maven/plugins/maven-clean-plugin/2.5/maven-clean-plugin-2.5.jar (25 kB at 985 kB/s)
2024-02-18T03:59:39.7501393Z [INFO] Downloading from central: https://repo.maven.apache.org/maven2/org/apache/maven/plugins/maven-resources-plugin/2.6/maven-resources-plugin-2.6.pom
2024-02-18T03:59:39.7745984Z [INFO] Downloaded from central: https://repo.maven.apache.org/maven2/org/apache/maven/plugins/maven-resources-plugin/2.6/maven-resources-plugin-2.6.pom (8.1 kB at 325 kB/s)
2024-02-18T03:59:39.7774770Z [INFO] Downloading from central: https://repo.maven.apache.org/maven2/org/apache/maven/plugins/maven-plugins/23/maven-plugins-23.pom
2024-02-18T03:59:39.8001915Z [INFO] Downloaded from central: https://repo.maven.apache.org/maven2/org/apache/maven/plugins/maven-plugins/23/maven-plugins-23.pom (9.2 kB at 418 kB/s)
2024-02-18T03:59:39.8022549Z [INFO] Downloading from central: https://repo.maven.apache.org/maven2/org/apache/maven/maven-parent/22/maven-parent-22.pom
2024-02-18T03:59:39.8251447Z [INFO] Downloaded from central: https://repo.maven.apache.org/maven2/org/apache/maven/maven-parent/22/maven-parent-22.pom (30 kB at 1.4 MB/s)
2024-02-18T03:59:39.8283834Z [INFO] Downloading from central: https://repo.maven.apache.org/maven2/org/apache/apache/11/apache-11.pom
2024-02-18T03:59:39.8517075Z [INFO] Downloaded from central: https://repo.maven.apache.org/maven2/org/apache/apache/11/apache-11.pom (15 kB at 644 kB/s)
2024-02-18T03:59:39.8561524Z [INFO] Downloading from central: https://repo.maven.apache.org/maven2/org/apache/maven/plugins/maven-resources-plugin/2.6/maven-resources-plugin-2.6.jar
2024-02-18T03:59:39.8800095Z [INFO] Downloaded from central: https://repo.maven.apache.org/maven2/org/apache/maven/plugins/maven-resources-plugin/2.6/maven-resources-plugin-2.6.jar (30 kB at 1.2 MB/s)
2024-02-18T03:59:39.8862425Z [INFO] Downloading from central: https://repo.maven.apache.org/maven2/org/apache/maven/plugins/maven-compiler-plugin/3.1/maven-compiler-plugin-3.1.pom
2024-02-18T03:59:39.9133181Z [INFO] Downloaded from central: https://repo.maven.apache.org/maven2/org/apache/maven/plugins/maven-compiler-plugin/3.1/maven-compiler-plugin-3.1.pom (10 kB at 378 kB/s)
2024-02-18T03:59:39.9154906Z [INFO] Downloading from central: https://repo.maven.apache.org/maven2/org/apache/maven/plugins/maven-plugins/24/maven-plugins-24.pom
2024-02-18T03:59:39.9386691Z [INFO] Downloaded from central: https://repo.maven.apache.org/maven2/org/apache/maven/plugins/maven-plugins/24/maven-plugins-24.pom (11 kB at 470 kB/s)
2024-02-18T03:59:39.9405112Z [INFO] Downloading from central: https://repo.maven.apache.org/maven2/org/apache/maven/maven-parent/23/maven-parent-23.pom
2024-02-18T03:59:39.9670429Z [INFO] Downloaded from central: https://repo.maven.apache.org/maven2/org/apache/maven/maven-parent/23/maven-parent-23.pom (33 kB at 1.3 MB/s)
2024-02-18T03:59:39.9696638Z [INFO] Downloading from central: https://repo.maven.apache.org/maven2/org/apache/apache/13/apache-13.pom
2024-02-18T03:59:39.9916547Z [INFO] Downloaded from central: https://repo.maven.apache.org/maven2/org/apache/apache/13/apache-13.pom (14 kB at 635 kB/s)
2024-02-18T03:59:39.9974634Z [INFO] Downloading from central: https://repo.maven.apache.org/maven2/org/apache/maven/plugins/maven-compiler-plugin/3.1/maven-compiler-plugin-3.1.jar
2024-02-18T03:59:40.0249808Z [INFO] Downloaded from central: https://repo.maven.apache.org/maven2/org/apache/maven/plugins/maven-compiler-plugin/3.1/maven-compiler-plugin-3.1.jar (43 kB at 1.6 MB/s)
2024-02-18T03:59:40.0318696Z [INFO] Downloading from central: https://repo.maven.apache.org/maven2/org/apache/maven/plugins/maven-surefire-plugin/2.12.4/maven-surefire-plugin-2.12.4.pom
2024-02-18T03:59:40.0536719Z [INFO] Downloaded from central: https://repo.maven.apache.org/maven2/org/apache/maven/plugins/maven-surefire-plugin/2.12.4/maven-surefire-plugin-2.12.4.pom (10 kB at 476 kB/s)
2024-02-18T03:59:40.0553103Z [INFO] Downloading from central: https://repo.maven.apache.org/maven2/org/apache/maven/surefire/surefire/2.12.4/surefire-2.12.4.pom
2024-02-18T03:59:40.0775847Z [INFO] Downloaded from central: https://repo.maven.apache.org/maven2/org/apache/maven/surefire/surefire/2.12.4/surefire-2.12.4.pom (14 kB at 627 kB/s)
2024-02-18T03:59:40.0824501Z [INFO] Downloading from central: https://repo.maven.apache.org/maven2/org/apache/maven/plugins/maven-surefire-plugin/2.12.4/maven-surefire-plugin-2.12.4.jar
2024-02-18T03:59:40.1043237Z [INFO] Downloaded from central: https://repo.maven.apache.org/maven2/org/apache/maven/plugins/maven-surefire-plugin/2.12.4/maven-surefire-plugin-2.12.4.jar (30 kB at 1.4 MB/s)
2024-02-18T03:59:40.1082014Z [INFO] Downloading from central: https://repo.maven.apache.org/maven2/org/apache/maven/plugins/maven-jar-plugin/2.4/maven-jar-plugin-2.4.pom
2024-02-18T03:59:40.1298346Z [INFO] Downloaded from central: https://repo.maven.apache.org/maven2/org/apache/maven/plugins/maven-jar-plugin/2.4/maven-jar-plugin-2.4.pom (5.8 kB at 265 kB/s)
2024-02-18T03:59:40.1333441Z [INFO] Downloading from central: https://repo.maven.apache.org/maven2/org/apache/maven/plugins/maven-jar-plugin/2.4/maven-jar-plugin-2.4.jar
2024-02-18T03:59:40.1562159Z [INFO] Downloaded from central: https://repo.maven.apache.org/maven2/org/apache/maven/plugins/maven-jar-plugin/2.4/maven-jar-plugin-2.4.jar (34 kB at 1.5 MB/s)
2024-02-18T03:59:40.1650280Z [INFO] Downloading from central: https://repo.maven.apache.org/maven2/org/asciidoctor/asciidoctorj/2.5.11/asciidoctorj-2.5.11.pom
2024-02-18T03:59:40.2002994Z [INFO] Downloaded from central: https://repo.maven.apache.org/maven2/org/asciidoctor/asciidoctorj/2.5.11/asciidoctorj-2.5.11.pom (2.8 kB at 77 kB/s)
2024-02-18T03:59:40.2034734Z [INFO] Downloading from central: https://repo.maven.apache.org/maven2/org/asciidoctor/asciidoctorj-api/2.5.11/asciidoctorj-api-2.5.11.pom
2024-02-18T03:59:40.2317383Z [INFO] Downloaded from central: https://repo.maven.apache.org/maven2/org/asciidoctor/asciidoctorj-api/2.5.11/asciidoctorj-api-2.5.11.pom (2.1 kB at 76 kB/s)
2024-02-18T03:59:40.2338565Z [INFO] Downloading from central: https://repo.maven.apache.org/maven2/org/jruby/jruby/9.4.5.0/jruby-9.4.5.0.pom
2024-02-18T03:59:40.2550169Z [INFO] Downloaded from central: https://repo.maven.apache.org/maven2/org/jruby/jruby/9.4.5.0/jruby-9.4.5.0.pom (7.0 kB at 333 kB/s)
2024-02-18T03:59:40.2565610Z [INFO] Downloading from central: https://repo.maven.apache.org/maven2/org/jruby/jruby-artifacts/9.4.5.0/jruby-artifacts-9.4.5.0.pom
2024-02-18T03:59:40.2783863Z [INFO] Downloaded from central: https://repo.maven.apache.org/maven2/org/jruby/jruby-artifacts/9.4.5.0/jruby-artifacts-9.4.5.0.pom (4.0 kB at 180 kB/s)
2024-02-18T03:59:40.2795813Z [INFO] Downloading from central: https://repo.maven.apache.org/maven2/org/jruby/jruby-parent/9.4.5.0/jruby-parent-9.4.5.0.pom
2024-02-18T03:59:40.3013627Z [INFO] Downloaded from central: https://repo.maven.apache.org/maven2/org/jruby/jruby-parent/9.4.5.0/jruby-parent-9.4.5.0.pom (25 kB at 1.1 MB/s)
2024-02-18T03:59:40.3032850Z [INFO] Downloading from central: https://repo.maven.apache.org/maven2/org/sonatype/oss/oss-parent/7/oss-parent-7.pom
2024-02-18T03:59:40.3237740Z [INFO] Downloaded from central: https://repo.maven.apache.org/maven2/org/sonatype/oss/oss-parent/7/oss-parent-7.pom (4.8 kB at 241 kB/s)
2024-02-18T03:59:40.3271391Z [INFO] Downloading from central: https://repo.maven.apache.org/maven2/org/jruby/jruby-base/9.4.5.0/jruby-base-9.4.5.0.pom
2024-02-18T03:59:40.3490651Z [INFO] Downloaded from central: https://repo.maven.apache.org/maven2/org/jruby/jruby-base/9.4.5.0/jruby-base-9.4.5.0.pom (30 kB at 1.3 MB/s)
2024-02-18T03:59:40.3561495Z [INFO] Downloading from central: https://repo.maven.apache.org/maven2/org/ow2/asm/asm/9.2/asm-9.2.pom
2024-02-18T03:59:40.3775487Z [INFO] Downloaded from central: https://repo.maven.apache.org/maven2/org/ow2/asm/asm/9.2/asm-9.2.pom (2.4 kB at 108 kB/s)
2024-02-18T03:59:40.3789200Z [INFO] Downloading from central: https://repo.maven.apache.org/maven2/org/ow2/ow2/1.5/ow2-1.5.pom
2024-02-18T03:59:40.4002646Z [INFO] Downloaded from central: https://repo.maven.apache.org/maven2/org/ow2/ow2/1.5/ow2-1.5.pom (11 kB at 510 kB/s)
2024-02-18T03:59:40.4031853Z [INFO] Downloading from central: https://repo.maven.apache.org/maven2/org/ow2/asm/asm-commons/9.2/asm-commons-9.2.pom
2024-02-18T03:59:40.4229160Z [INFO] Downloaded from central: https://repo.maven.apache.org/maven2/org/ow2/asm/asm-commons/9.2/asm-commons-9.2.pom (3.0 kB at 148 kB/s)
2024-02-18T03:59:40.4251914Z [INFO] Downloading from central: https://repo.maven.apache.org/maven2/org/ow2/asm/asm-tree/9.2/asm-tree-9.2.pom
2024-02-18T03:59:40.4463409Z [INFO] Downloaded from central: https://repo.maven.apache.org/maven2/org/ow2/asm/asm-tree/9.2/asm-tree-9.2.pom (2.6 kB at 118 kB/s)
2024-02-18T03:59:40.4484158Z [INFO] Downloading from central: https://repo.maven.apache.org/maven2/org/ow2/asm/asm-analysis/9.2/asm-analysis-9.2.pom
2024-02-18T03:59:40.4694912Z [INFO] Downloaded from central: https://repo.maven.apache.org/maven2/org/ow2/asm/asm-analysis/9.2/asm-analysis-9.2.pom (2.6 kB at 125 kB/s)
2024-02-18T03:59:40.4718427Z [INFO] Downloading from central: https://repo.maven.apache.org/maven2/org/ow2/asm/asm-util/9.2/asm-util-9.2.pom
2024-02-18T03:59:40.4921166Z [INFO] Downloaded from central: https://repo.maven.apache.org/maven2/org/ow2/asm/asm-util/9.2/asm-util-9.2.pom (2.9 kB at 147 kB/s)
2024-02-18T03:59:40.4950294Z [INFO] Downloading from central: https://repo.maven.apache.org/maven2/com/github/jnr/jnr-netdb/1.2.0/jnr-netdb-1.2.0.pom
2024-02-18T03:59:40.5160051Z [INFO] Downloaded from central: https://repo.maven.apache.org/maven2/com/github/jnr/jnr-netdb/1.2.0/jnr-netdb-1.2.0.pom (3.0 kB at 144 kB/s)
2024-02-18T03:59:40.5192368Z [INFO] Downloading from central: https://repo.maven.apache.org/maven2/com/github/jnr/jnr-enxio/0.32.16/jnr-enxio-0.32.16.pom
2024-02-18T03:59:40.5395449Z [INFO] Downloaded from central: https://repo.maven.apache.org/maven2/com/github/jnr/jnr-enxio/0.32.16/jnr-enxio-0.32.16.pom (4.8 kB at 228 kB/s)
2024-02-18T03:59:40.5418668Z [INFO] Downloading from central: https://repo.maven.apache.org/maven2/com/github/jnr/jnr-constants/0.10.4/jnr-constants-0.10.4.pom
2024-02-18T03:59:40.5630559Z [INFO] Downloaded from central: https://repo.maven.apache.org/maven2/com/github/jnr/jnr-constants/0.10.4/jnr-constants-0.10.4.pom (4.4 kB at 209 kB/s)
2024-02-18T03:59:40.5654652Z [INFO] Downloading from central: https://repo.maven.apache.org/maven2/com/github/jnr/jnr-unixsocket/0.38.21/jnr-unixsocket-0.38.21.pom
2024-02-18T03:59:40.5859744Z [INFO] Downloaded from central: https://repo.maven.apache.org/maven2/com/github/jnr/jnr-unixsocket/0.38.21/jnr-unixsocket-0.38.21.pom (11 kB at 535 kB/s)
2024-02-18T03:59:40.5890544Z [INFO] Downloading from central: https://repo.maven.apache.org/maven2/com/github/jnr/jnr-posix/3.1.18/jnr-posix-3.1.18.pom
2024-02-18T03:59:40.6107635Z [INFO] Downloaded from central: https://repo.maven.apache.org/maven2/com/github/jnr/jnr-posix/3.1.18/jnr-posix-3.1.18.pom (7.6 kB at 348 kB/s)
2024-02-18T03:59:40.6134945Z [INFO] Downloading from central: https://repo.maven.apache.org/maven2/com/github/jnr/jnr-ffi/2.2.15/jnr-ffi-2.2.15.pom
2024-02-18T03:59:40.6366432Z [INFO] Downloaded from central: https://repo.maven.apache.org/maven2/com/github/jnr/jnr-ffi/2.2.15/jnr-ffi-2.2.15.pom (10 kB at 436 kB/s)
2024-02-18T03:59:40.6386696Z [INFO] Downloading from central: https://repo.maven.apache.org/maven2/com/github/jnr/jffi/1.3.12/jffi-1.3.12.pom
2024-02-18T03:59:40.6603289Z [INFO] Downloaded from central: https://repo.maven.apache.org/maven2/com/github/jnr/jffi/1.3.12/jffi-1.3.12.pom (12 kB at 565 kB/s)
2024-02-18T03:59:40.6646524Z [INFO] Downloading from central: https://repo.maven.apache.org/maven2/com/github/jnr/jnr-a64asm/1.0.0/jnr-a64asm-1.0.0.pom
2024-02-18T03:59:40.6906720Z [INFO] Downloaded from central: https://repo.maven.apache.org/maven2/com/github/jnr/jnr-a64asm/1.0.0/jnr-a64asm-1.0.0.pom (2.5 kB at 97 kB/s)
2024-02-18T03:59:40.6929243Z [INFO] Downloading from central: https://repo.maven.apache.org/maven2/com/github/jnr/jnr-x86asm/1.0.2/jnr-x86asm-1.0.2.pom
2024-02-18T03:59:40.7160067Z [INFO] Downloaded from central: https://repo.maven.apache.org/maven2/com/github/jnr/jnr-x86asm/1.0.2/jnr-x86asm-1.0.2.pom (1.6 kB at 72 kB/s)
2024-02-18T03:59:40.7181551Z [INFO] Downloading from central: https://repo.maven.apache.org/maven2/org/jruby/joni/joni/2.2.1/joni-2.2.1.pom
2024-02-18T03:59:40.7395235Z [INFO] Downloaded from central: https://repo.maven.apache.org/maven2/org/jruby/joni/joni/2.2.1/joni-2.2.1.pom (6.8 kB at 308 kB/s)
2024-02-18T03:59:40.7417076Z [INFO] Downloading from central: https://repo.maven.apache.org/maven2/org/jruby/jcodings/jcodings/1.0.58/jcodings-1.0.58.pom
2024-02-18T03:59:40.7629177Z [INFO] Downloaded from central: https://repo.maven.apache.org/maven2/org/jruby/jcodings/jcodings/1.0.58/jcodings-1.0.58.pom (5.2 kB at 249 kB/s)
2024-02-18T03:59:40.7649846Z [INFO] Downloading from central: https://repo.maven.apache.org/maven2/org/jruby/dirgra/0.3/dirgra-0.3.pom
2024-02-18T03:59:40.7889707Z [INFO] Downloaded from central: https://repo.maven.apache.org/maven2/org/jruby/dirgra/0.3/dirgra-0.3.pom (2.9 kB at 122 kB/s)
2024-02-18T03:59:40.7906002Z [INFO] Downloading from central: https://repo.maven.apache.org/maven2/com/headius/invokebinder/1.13/invokebinder-1.13.pom
2024-02-18T03:59:40.8120120Z [INFO] Downloaded from central: https://repo.maven.apache.org/maven2/com/headius/invokebinder/1.13/invokebinder-1.13.pom (4.7 kB at 222 kB/s)
2024-02-18T03:59:40.8137245Z [INFO] Downloading from central: https://repo.maven.apache.org/maven2/com/headius/options/1.6/options-1.6.pom
2024-02-18T03:59:40.8383506Z [INFO] Downloaded from central: https://repo.maven.apache.org/maven2/com/headius/options/1.6/options-1.6.pom (2.7 kB at 113 kB/s)
2024-02-18T03:59:40.8394654Z [INFO] Downloading from central: https://repo.maven.apache.org/maven2/org/jruby/jzlib/1.1.5/jzlib-1.1.5.pom
2024-02-18T03:59:40.8678731Z [INFO] Downloaded from central: https://repo.maven.apache.org/maven2/org/jruby/jzlib/1.1.5/jzlib-1.1.5.pom (1.9 kB at 69 kB/s)
2024-02-18T03:59:40.8695756Z [INFO] Downloading from central: https://repo.maven.apache.org/maven2/joda-time/joda-time/2.12.5/joda-time-2.12.5.pom
2024-02-18T03:59:40.8919199Z [INFO] Downloaded from central: https://repo.maven.apache.org/maven2/joda-time/joda-time/2.12.5/joda-time-2.12.5.pom (40 kB at 1.8 MB/s)
2024-02-18T03:59:40.8945006Z [INFO] Downloading from central: https://repo.maven.apache.org/maven2/me/qmx/jitescript/jitescript/0.4.1/jitescript-0.4.1.pom
2024-02-18T03:59:40.9183989Z [INFO] Downloaded from central: https://repo.maven.apache.org/maven2/me/qmx/jitescript/jitescript/0.4.1/jitescript-0.4.1.pom (5.8 kB at 240 kB/s)
2024-02-18T03:59:40.9201692Z [INFO] Downloading from central: https://repo.maven.apache.org/maven2/com/headius/backport9/1.13/backport9-1.13.pom
2024-02-18T03:59:40.9433526Z [INFO] Downloaded from central: https://repo.maven.apache.org/maven2/com/headius/backport9/1.13/backport9-1.13.pom (3.0 kB at 125 kB/s)
2024-02-18T03:59:40.9449546Z [INFO] Downloading from central: https://repo.maven.apache.org/maven2/org/jruby/jruby-stdlib/9.4.5.0/jruby-stdlib-9.4.5.0.pom
2024-02-18T03:59:40.9700833Z [INFO] Downloaded from central: https://repo.maven.apache.org/maven2/org/jruby/jruby-stdlib/9.4.5.0/jruby-stdlib-9.4.5.0.pom (48 kB at 1.9 MB/s)
2024-02-18T03:59:40.9750239Z [INFO] Downloading from central: https://repo.maven.apache.org/maven2/com/beust/jcommander/1.82/jcommander-1.82.pom
2024-02-18T03:59:40.9959397Z [INFO] Downloaded from central: https://repo.maven.apache.org/maven2/com/beust/jcommander/1.82/jcommander-1.82.pom (1.5 kB at 72 kB/s)
2024-02-18T03:59:40.9975840Z [INFO] Downloading from central: https://repo.maven.apache.org/maven2/junit/junit/4.13.2/junit-4.13.2.pom
2024-02-18T03:59:41.0188375Z [INFO] Downloaded from central: https://repo.maven.apache.org/maven2/junit/junit/4.13.2/junit-4.13.2.pom (27 kB at 1.3 MB/s)
2024-02-18T03:59:41.0219858Z [INFO] Downloading from central: https://repo.maven.apache.org/maven2/org/hamcrest/hamcrest-core/1.3/hamcrest-core-1.3.pom
2024-02-18T03:59:41.0422395Z [INFO] Downloaded from central: https://repo.maven.apache.org/maven2/org/hamcrest/hamcrest-core/1.3/hamcrest-core-1.3.pom (766 B at 38 kB/s)
2024-02-18T03:59:41.0436061Z [INFO] Downloading from central: https://repo.maven.apache.org/maven2/org/hamcrest/hamcrest-parent/1.3/hamcrest-parent-1.3.pom
2024-02-18T03:59:41.0632736Z [INFO] Downloaded from central: https://repo.maven.apache.org/maven2/org/hamcrest/hamcrest-parent/1.3/hamcrest-parent-1.3.pom (2.0 kB at 99 kB/s)
2024-02-18T03:59:41.0773616Z [INFO] Downloading from central: https://repo.maven.apache.org/maven2/org/asciidoctor/asciidoctorj/2.5.11/asciidoctorj-2.5.11.jar
2024-02-18T03:59:41.0776387Z [INFO] Downloading from central: https://repo.maven.apache.org/maven2/org/asciidoctor/asciidoctorj-api/2.5.11/asciidoctorj-api-2.5.11.jar
2024-02-18T03:59:41.0785928Z [INFO] Downloading from central: https://repo.maven.apache.org/maven2/org/jruby/jruby/9.4.5.0/jruby-9.4.5.0.jar
2024-02-18T03:59:41.0794230Z [INFO] Downloading from central: https://repo.maven.apache.org/maven2/org/jruby/jruby-base/9.4.5.0/jruby-base-9.4.5.0.jar
2024-02-18T03:59:41.0800859Z [INFO] Downloading from central: https://repo.maven.apache.org/maven2/org/ow2/asm/asm/9.2/asm-9.2.jar
2024-02-18T03:59:41.1266147Z [INFO] Downloaded from central: https://repo.maven.apache.org/maven2/org/jruby/jruby/9.4.5.0/jruby-9.4.5.0.jar (26 kB at 533 kB/s)
2024-02-18T03:59:41.1269018Z [INFO] Downloading from central: https://repo.maven.apache.org/maven2/org/ow2/asm/asm-commons/9.2/asm-commons-9.2.jar
2024-02-18T03:59:41.1323394Z [INFO] Downloaded from central: https://repo.maven.apache.org/maven2/org/asciidoctor/asciidoctorj-api/2.5.11/asciidoctorj-api-2.5.11.jar (62 kB at 1.1 MB/s)
2024-02-18T03:59:41.1326627Z [INFO] Downloading from central: https://repo.maven.apache.org/maven2/org/ow2/asm/asm-tree/9.2/asm-tree-9.2.jar
2024-02-18T03:59:41.1431659Z [INFO] Downloaded from central: https://repo.maven.apache.org/maven2/org/ow2/asm/asm/9.2/asm-9.2.jar (122 kB at 1.9 MB/s)
2024-02-18T03:59:41.1433975Z [INFO] Downloading from central: https://repo.maven.apache.org/maven2/org/ow2/asm/asm-analysis/9.2/asm-analysis-9.2.jar
2024-02-18T03:59:41.1563516Z [INFO] Downloaded from central: https://repo.maven.apache.org/maven2/org/ow2/asm/asm-commons/9.2/asm-commons-9.2.jar (73 kB at 931 kB/s)
2024-02-18T03:59:41.1567180Z [INFO] Downloading from central: https://repo.maven.apache.org/maven2/org/ow2/asm/asm-util/9.2/asm-util-9.2.jar
2024-02-18T03:59:41.1589374Z [INFO] Downloaded from central: https://repo.maven.apache.org/maven2/org/ow2/asm/asm-tree/9.2/asm-tree-9.2.jar (53 kB at 658 kB/s)
2024-02-18T03:59:41.1595390Z [INFO] Downloading from central: https://repo.maven.apache.org/maven2/com/github/jnr/jnr-netdb/1.2.0/jnr-netdb-1.2.0.jar
2024-02-18T03:59:41.1672555Z [INFO] Downloaded from central: https://repo.maven.apache.org/maven2/org/ow2/asm/asm-analysis/9.2/asm-analysis-9.2.jar (34 kB at 389 kB/s)
2024-02-18T03:59:41.1676036Z [INFO] Downloading from central: https://repo.maven.apache.org/maven2/com/github/jnr/jnr-enxio/0.32.16/jnr-enxio-0.32.16.jar
2024-02-18T03:59:41.1780000Z [INFO] Downloaded from central: https://repo.maven.apache.org/maven2/org/asciidoctor/asciidoctorj/2.5.11/asciidoctorj-2.5.11.jar (1.9 MB at 19 MB/s)
2024-02-18T03:59:41.1782612Z [INFO] Downloading from central: https://repo.maven.apache.org/maven2/com/github/jnr/jnr-unixsocket/0.38.21/jnr-unixsocket-0.38.21.jar
2024-02-18T03:59:41.1809105Z [INFO] Downloaded from central: https://repo.maven.apache.org/maven2/org/ow2/asm/asm-util/9.2/asm-util-9.2.jar (85 kB at 832 kB/s)
2024-02-18T03:59:41.1811657Z [INFO] Downloading from central: https://repo.maven.apache.org/maven2/com/github/jnr/jnr-posix/3.1.18/jnr-posix-3.1.18.jar
2024-02-18T03:59:41.1854927Z [INFO] Downloaded from central: https://repo.maven.apache.org/maven2/com/github/jnr/jnr-netdb/1.2.0/jnr-netdb-1.2.0.jar (63 kB at 590 kB/s)
2024-02-18T03:59:41.1858097Z [INFO] Downloading from central: https://repo.maven.apache.org/maven2/com/github/jnr/jnr-constants/0.10.4/jnr-constants-0.10.4.jar
2024-02-18T03:59:41.1881099Z [INFO] Downloaded from central: https://repo.maven.apache.org/maven2/com/github/jnr/jnr-enxio/0.32.16/jnr-enxio-0.32.16.jar (35 kB at 318 kB/s)
2024-02-18T03:59:41.1883375Z [INFO] Downloading from central: https://repo.maven.apache.org/maven2/com/github/jnr/jnr-ffi/2.2.15/jnr-ffi-2.2.15.jar
2024-02-18T03:59:41.2006985Z [INFO] Downloaded from central: https://repo.maven.apache.org/maven2/com/github/jnr/jnr-unixsocket/0.38.21/jnr-unixsocket-0.38.21.jar (48 kB at 394 kB/s)
2024-02-18T03:59:41.2009857Z [INFO] Downloading from central: https://repo.maven.apache.org/maven2/com/github/jnr/jnr-a64asm/1.0.0/jnr-a64asm-1.0.0.jar
2024-02-18T03:59:41.2159523Z [INFO] Downloaded from central: https://repo.maven.apache.org/maven2/com/github/jnr/jnr-posix/3.1.18/jnr-posix-3.1.18.jar (285 kB at 2.1 MB/s)
2024-02-18T03:59:41.2162532Z [INFO] Downloading from central: https://repo.maven.apache.org/maven2/com/github/jnr/jnr-x86asm/1.0.2/jnr-x86asm-1.0.2.jar
2024-02-18T03:59:41.2250963Z [INFO] Downloaded from central: https://repo.maven.apache.org/maven2/com/github/jnr/jnr-a64asm/1.0.0/jnr-a64asm-1.0.0.jar (86 kB at 591 kB/s)
2024-02-18T03:59:41.2253862Z [INFO] Downloading from central: https://repo.maven.apache.org/maven2/com/github/jnr/jffi/1.3.12/jffi-1.3.12.jar
2024-02-18T03:59:41.2392404Z [INFO] Downloaded from central: https://repo.maven.apache.org/maven2/com/github/jnr/jnr-ffi/2.2.15/jnr-ffi-2.2.15.jar (738 kB at 4.6 MB/s)
2024-02-18T03:59:41.2395158Z [INFO] Downloading from central: https://repo.maven.apache.org/maven2/com/github/jnr/jffi/1.3.12/jffi-1.3.12-native.jar
2024-02-18T03:59:41.2502252Z [INFO] Downloaded from central: https://repo.maven.apache.org/maven2/com/github/jnr/jnr-x86asm/1.0.2/jnr-x86asm-1.0.2.jar (220 kB at 1.3 MB/s)
2024-02-18T03:59:41.2504864Z [INFO] Downloading from central: https://repo.maven.apache.org/maven2/org/jruby/joni/joni/2.2.1/joni-2.2.1.jar
2024-02-18T03:59:41.2590563Z [INFO] Downloaded from central: https://repo.maven.apache.org/maven2/com/github/jnr/jffi/1.3.12/jffi-1.3.12.jar (156 kB at 868 kB/s)
2024-02-18T03:59:41.2593178Z [INFO] Downloading from central: https://repo.maven.apache.org/maven2/org/jruby/jcodings/jcodings/1.0.58/jcodings-1.0.58.jar
2024-02-18T03:59:41.2799511Z [INFO] Downloaded from central: https://repo.maven.apache.org/maven2/org/jruby/joni/joni/2.2.1/joni-2.2.1.jar (230 kB at 1.2 MB/s)
2024-02-18T03:59:41.2856153Z [INFO] Downloading from central: https://repo.maven.apache.org/maven2/org/jruby/dirgra/0.3/dirgra-0.3.jar
2024-02-18T03:59:41.2858661Z [INFO] Downloaded from central: https://repo.maven.apache.org/maven2/com/github/jnr/jnr-constants/0.10.4/jnr-constants-0.10.4.jar (1.6 MB at 7.7 MB/s)
2024-02-18T03:59:41.2861305Z [INFO] Downloading from central: https://repo.maven.apache.org/maven2/com/headius/invokebinder/1.13/invokebinder-1.13.jar
2024-02-18T03:59:41.2949486Z [INFO] Downloaded from central: https://repo.maven.apache.org/maven2/com/github/jnr/jffi/1.3.12/jffi-1.3.12-native.jar (1.0 MB at 4.7 MB/s)
2024-02-18T03:59:41.2980338Z [INFO] Downloading from central: https://repo.maven.apache.org/maven2/com/headius/options/1.6/options-1.6.jar
2024-02-18T03:59:41.3039531Z [INFO] Downloaded from central: https://repo.maven.apache.org/maven2/org/jruby/dirgra/0.3/dirgra-0.3.jar (16 kB at 73 kB/s)
2024-02-18T03:59:41.3041714Z [INFO] Downloading from central: https://repo.maven.apache.org/maven2/org/jruby/jzlib/1.1.5/jzlib-1.1.5.jar
2024-02-18T03:59:41.3059686Z [INFO] Downloaded from central: https://repo.maven.apache.org/maven2/com/headius/invokebinder/1.13/invokebinder-1.13.jar (53 kB at 236 kB/s)
2024-02-18T03:59:41.3062526Z [INFO] Downloading from central: https://repo.maven.apache.org/maven2/joda-time/joda-time/2.12.5/joda-time-2.12.5.jar
2024-02-18T03:59:41.3192233Z [INFO] Downloaded from central: https://repo.maven.apache.org/maven2/com/headius/options/1.6/options-1.6.jar (15 kB at 62 kB/s)
2024-02-18T03:59:41.3195030Z [INFO] Downloading from central: https://repo.maven.apache.org/maven2/me/qmx/jitescript/jitescript/0.4.1/jitescript-0.4.1.jar
2024-02-18T03:59:41.3239789Z [INFO] Downloaded from central: https://repo.maven.apache.org/maven2/org/jruby/jcodings/jcodings/1.0.58/jcodings-1.0.58.jar (1.7 MB at 7.1 MB/s)
2024-02-18T03:59:41.3246354Z [INFO] Downloading from central: https://repo.maven.apache.org/maven2/com/headius/backport9/1.13/backport9-1.13.jar
2024-02-18T03:59:41.3256635Z [INFO] Downloaded from central: https://repo.maven.apache.org/maven2/org/jruby/jzlib/1.1.5/jzlib-1.1.5.jar (75 kB at 304 kB/s)
2024-02-18T03:59:41.3259234Z [INFO] Downloading from central: https://repo.maven.apache.org/maven2/org/jruby/jruby-stdlib/9.4.5.0/jruby-stdlib-9.4.5.0.jar
2024-02-18T03:59:41.3433217Z [INFO] Downloaded from central: https://repo.maven.apache.org/maven2/me/qmx/jitescript/jitescript/0.4.1/jitescript-0.4.1.jar (23 kB at 88 kB/s)
2024-02-18T03:59:41.3436387Z [INFO] Downloading from central: https://repo.maven.apache.org/maven2/com/beust/jcommander/1.82/jcommander-1.82.jar
2024-02-18T03:59:41.3561730Z [INFO] Downloaded from central: https://repo.maven.apache.org/maven2/joda-time/joda-time/2.12.5/joda-time-2.12.5.jar (638 kB at 2.3 MB/s)
2024-02-18T03:59:41.3563543Z [INFO] Downloading from central: https://repo.maven.apache.org/maven2/junit/junit/4.13.2/junit-4.13.2.jar
2024-02-18T03:59:41.3584280Z [INFO] Downloaded from central: https://repo.maven.apache.org/maven2/com/headius/backport9/1.13/backport9-1.13.jar (14 kB at 50 kB/s)
2024-02-18T03:59:41.3591040Z [INFO] Downloading from central: https://repo.maven.apache.org/maven2/org/hamcrest/hamcrest-core/1.3/hamcrest-core-1.3.jar
2024-02-18T03:59:41.3639437Z [INFO] Downloaded from central: https://repo.maven.apache.org/maven2/com/beust/jcommander/1.82/jcommander-1.82.jar (88 kB at 311 kB/s)
2024-02-18T03:59:41.3651325Z [INFO] Downloaded from central: https://repo.maven.apache.org/maven2/org/jruby/jruby-base/9.4.5.0/jruby-base-9.4.5.0.jar (8.8 MB at 31 MB/s)
2024-02-18T03:59:41.3800135Z [INFO] Downloaded from central: https://repo.maven.apache.org/maven2/org/hamcrest/hamcrest-core/1.3/hamcrest-core-1.3.jar (45 kB at 150 kB/s)
2024-02-18T03:59:41.3844410Z [INFO] Downloaded from central: https://repo.maven.apache.org/maven2/junit/junit/4.13.2/junit-4.13.2.jar (385 kB at 1.3 MB/s)
2024-02-18T03:59:41.5961468Z [INFO] Downloaded from central: https://repo.maven.apache.org/maven2/org/jruby/jruby-stdlib/9.4.5.0/jruby-stdlib-9.4.5.0.jar (17 MB at 33 MB/s)
2024-02-18T03:59:41.6085690Z [INFO]
2024-02-18T03:59:41.6086970Z [INFO] --- maven-clean-plugin:2.5:clean (default-clean) @ AsciidoctorDemo ---
2024-02-18T03:59:41.6140329Z [INFO] Downloading from central: https://repo.maven.apache.org/maven2/org/apache/maven/maven-plugin-api/2.0.6/maven-plugin-api-2.0.6.pom
2024-02-18T03:59:41.6386652Z [INFO] Downloaded from central: https://repo.maven.apache.org/maven2/org/apache/maven/maven-plugin-api/2.0.6/maven-plugin-api-2.0.6.pom (1.5 kB at 58 kB/s)
2024-02-18T03:59:41.6398562Z [INFO] Downloading from central: https://repo.maven.apache.org/maven2/org/apache/maven/maven/2.0.6/maven-2.0.6.pom
2024-02-18T03:59:41.6611058Z [INFO] Downloaded from central: https://repo.maven.apache.org/maven2/org/apache/maven/maven/2.0.6/maven-2.0.6.pom (9.0 kB at 431 kB/s)
2024-02-18T03:59:41.6624365Z [INFO] Downloading from central: https://repo.maven.apache.org/maven2/org/apache/maven/maven-parent/5/maven-parent-5.pom
2024-02-18T03:59:41.6848040Z [INFO] Downloaded from central: https://repo.maven.apache.org/maven2/org/apache/maven/maven-parent/5/maven-parent-5.pom (15 kB at 693 kB/s)
2024-02-18T03:59:41.6860109Z [INFO] Downloading from central: https://repo.maven.apache.org/maven2/org/apache/apache/3/apache-3.pom
2024-02-18T03:59:41.7063501Z [INFO] Downloaded from central: https://repo.maven.apache.org/maven2/org/apache/apache/3/apache-3.pom (3.4 kB at 163 kB/s)
2024-02-18T03:59:41.7081913Z [INFO] Downloading from central: https://repo.maven.apache.org/maven2/org/codehaus/plexus/plexus-utils/3.0/plexus-utils-3.0.pom
2024-02-18T03:59:41.7295724Z [INFO] Downloaded from central: https://repo.maven.apache.org/maven2/org/codehaus/plexus/plexus-utils/3.0/plexus-utils-3.0.pom (4.1 kB at 185 kB/s)
2024-02-18T03:59:41.7306437Z [INFO] Downloading from central: https://repo.maven.apache.org/maven2/org/sonatype/spice/spice-parent/16/spice-parent-16.pom
2024-02-18T03:59:41.7514213Z [INFO] Downloaded from central: https://repo.maven.apache.org/maven2/org/sonatype/spice/spice-parent/16/spice-parent-16.pom (8.4 kB at 398 kB/s)
2024-02-18T03:59:41.7526299Z [INFO] Downloading from central: https://repo.maven.apache.org/maven2/org/sonatype/forge/forge-parent/5/forge-parent-5.pom
2024-02-18T03:59:41.7745434Z [INFO] Downloaded from central: https://repo.maven.apache.org/maven2/org/sonatype/forge/forge-parent/5/forge-parent-5.pom (8.4 kB at 380 kB/s)
2024-02-18T03:59:41.7780179Z [INFO] Downloading from central: https://repo.maven.apache.org/maven2/org/apache/maven/maven-plugin-api/2.0.6/maven-plugin-api-2.0.6.jar
2024-02-18T03:59:41.7786237Z [INFO] Downloading from central: https://repo.maven.apache.org/maven2/org/codehaus/plexus/plexus-utils/3.0/plexus-utils-3.0.jar
2024-02-18T03:59:41.7974749Z [INFO] Downloaded from central: https://repo.maven.apache.org/maven2/org/apache/maven/maven-plugin-api/2.0.6/maven-plugin-api-2.0.6.jar (13 kB at 643 kB/s)
2024-02-18T03:59:41.8042518Z [INFO] Downloaded from central: https://repo.maven.apache.org/maven2/org/codehaus/plexus/plexus-utils/3.0/plexus-utils-3.0.jar (226 kB at 8.4 MB/s)
2024-02-18T03:59:41.8357950Z [INFO]
2024-02-18T03:59:41.8359409Z [INFO] --- maven-resources-plugin:2.6:resources (default-resources) @ AsciidoctorDemo ---
2024-02-18T03:59:41.8390206Z [INFO] Downloading from central: https://repo.maven.apache.org/maven2/org/apache/maven/maven-project/2.0.6/maven-project-2.0.6.pom
2024-02-18T03:59:41.8680120Z [INFO] Downloaded from central: https://repo.maven.apache.org/maven2/org/apache/maven/maven-project/2.0.6/maven-project-2.0.6.pom (2.6 kB at 91 kB/s)
2024-02-18T03:59:41.8702969Z [INFO] Downloading from central: https://repo.maven.apache.org/maven2/org/apache/maven/maven-settings/2.0.6/maven-settings-2.0.6.pom
2024-02-18T03:59:41.9114641Z [INFO] Downloaded from central: https://repo.maven.apache.org/maven2/org/apache/maven/maven-settings/2.0.6/maven-settings-2.0.6.pom (2.0 kB at 49 kB/s)
2024-02-18T03:59:41.9135436Z [INFO] Downloading from central: https://repo.maven.apache.org/maven2/org/apache/maven/maven-model/2.0.6/maven-model-2.0.6.pom
2024-02-18T03:59:41.9546075Z [INFO] Downloaded from central: https://repo.maven.apache.org/maven2/org/apache/maven/maven-model/2.0.6/maven-model-2.0.6.pom (3.0 kB at 74 kB/s)
2024-02-18T03:59:41.9574965Z [INFO] Downloading from central: https://repo.maven.apache.org/maven2/org/codehaus/plexus/plexus-utils/1.4.1/plexus-utils-1.4.1.pom
2024-02-18T03:59:41.9804651Z [INFO] Downloaded from central: https://repo.maven.apache.org/maven2/org/codehaus/plexus/plexus-utils/1.4.1/plexus-utils-1.4.1.pom (1.9 kB at 83 kB/s)
2024-02-18T03:59:41.9815633Z [INFO] Downloading from central: https://repo.maven.apache.org/maven2/org/codehaus/plexus/plexus/1.0.11/plexus-1.0.11.pom
2024-02-18T03:59:42.0022931Z [INFO] Downloaded from central: https://repo.maven.apache.org/maven2/org/codehaus/plexus/plexus/1.0.11/plexus-1.0.11.pom (9.0 kB at 427 kB/s)
2024-02-18T03:59:42.0048730Z [INFO] Downloading from central: https://repo.maven.apache.org/maven2/org/codehaus/plexus/plexus-container-default/1.0-alpha-9-stable-1/plexus-container-default-1.0-alpha-9-stable-1.pom
2024-02-18T03:59:42.0258380Z [INFO] Downloaded from central: https://repo.maven.apache.org/maven2/org/codehaus/plexus/plexus-container-default/1.0-alpha-9-stable-1/plexus-container-default-1.0-alpha-9-stable-1.pom (3.9 kB at 188 kB/s)
2024-02-18T03:59:42.0269831Z [INFO] Downloading from central: https://repo.maven.apache.org/maven2/org/codehaus/plexus/plexus-containers/1.0.3/plexus-containers-1.0.3.pom
2024-02-18T03:59:42.0470930Z [INFO] Downloaded from central: https://repo.maven.apache.org/maven2/org/codehaus/plexus/plexus-containers/1.0.3/plexus-containers-1.0.3.pom (492 B at 25 kB/s)
2024-02-18T03:59:42.0479277Z [INFO] Downloading from central: https://repo.maven.apache.org/maven2/org/codehaus/plexus/plexus/1.0.4/plexus-1.0.4.pom
2024-02-18T03:59:42.0689041Z [INFO] Downloaded from central: https://repo.maven.apache.org/maven2/org/codehaus/plexus/plexus/1.0.4/plexus-1.0.4.pom (5.7 kB at 273 kB/s)
2024-02-18T03:59:42.0705944Z [INFO] Downloading from central: https://repo.maven.apache.org/maven2/junit/junit/3.8.1/junit-3.8.1.pom
2024-02-18T03:59:42.0910352Z [INFO] Downloaded from central: https://repo.maven.apache.org/maven2/junit/junit/3.8.1/junit-3.8.1.pom (998 B at 50 kB/s)
2024-02-18T03:59:42.0923582Z [INFO] Downloading from central: https://repo.maven.apache.org/maven2/org/codehaus/plexus/plexus-utils/1.0.4/plexus-utils-1.0.4.pom
2024-02-18T03:59:42.1128551Z [INFO] Downloaded from central: https://repo.maven.apache.org/maven2/org/codehaus/plexus/plexus-utils/1.0.4/plexus-utils-1.0.4.pom (6.9 kB at 343 kB/s)
2024-02-18T03:59:42.1142650Z [INFO] Downloading from central: https://repo.maven.apache.org/maven2/classworlds/classworlds/1.1-alpha-2/classworlds-1.1-alpha-2.pom
2024-02-18T03:59:42.1342029Z [INFO] Downloaded from central: https://repo.maven.apache.org/maven2/classworlds/classworlds/1.1-alpha-2/classworlds-1.1-alpha-2.pom (3.1 kB at 165 kB/s)
2024-02-18T03:59:42.1353539Z [INFO] Downloading from central: https://repo.maven.apache.org/maven2/org/apache/maven/maven-profile/2.0.6/maven-profile-2.0.6.pom
2024-02-18T03:59:42.1601616Z [INFO] Downloaded from central: https://repo.maven.apache.org/maven2/org/apache/maven/maven-profile/2.0.6/maven-profile-2.0.6.pom (2.0 kB at 82 kB/s)
2024-02-18T03:59:42.1629843Z [INFO] Downloading from central: https://repo.maven.apache.org/maven2/org/apache/maven/maven-artifact-manager/2.0.6/maven-artifact-manager-2.0.6.pom
2024-02-18T03:59:42.1838975Z [INFO] Downloaded from central: https://repo.maven.apache.org/maven2/org/apache/maven/maven-artifact-manager/2.0.6/maven-artifact-manager-2.0.6.pom (2.6 kB at 125 kB/s)
2024-02-18T03:59:42.1862778Z [INFO] Downloading from central: https://repo.maven.apache.org/maven2/org/apache/maven/maven-repository-metadata/2.0.6/maven-repository-metadata-2.0.6.pom
2024-02-18T03:59:42.2069332Z [INFO] Downloaded from central: https://repo.maven.apache.org/maven2/org/apache/maven/maven-repository-metadata/2.0.6/maven-repository-metadata-2.0.6.pom (1.9 kB at 92 kB/s)
2024-02-18T03:59:42.2094704Z [INFO] Downloading from central: https://repo.maven.apache.org/maven2/org/apache/maven/maven-artifact/2.0.6/maven-artifact-2.0.6.pom
2024-02-18T03:59:42.2309588Z [INFO] Downloaded from central: https://repo.maven.apache.org/maven2/org/apache/maven/maven-artifact/2.0.6/maven-artifact-2.0.6.pom (1.6 kB at 75 kB/s)
2024-02-18T03:59:42.2332620Z [INFO] Downloading from central: https://repo.maven.apache.org/maven2/org/apache/maven/maven-plugin-registry/2.0.6/maven-plugin-registry-2.0.6.pom
2024-02-18T03:59:42.2541124Z [INFO] Downloaded from central: https://repo.maven.apache.org/maven2/org/apache/maven/maven-plugin-registry/2.0.6/maven-plugin-registry-2.0.6.pom (1.9 kB at 97 kB/s)
2024-02-18T03:59:42.2571985Z [INFO] Downloading from central: https://repo.maven.apache.org/maven2/org/apache/maven/maven-core/2.0.6/maven-core-2.0.6.pom
2024-02-18T03:59:42.2788888Z [INFO] Downloaded from central: https://repo.maven.apache.org/maven2/org/apache/maven/maven-core/2.0.6/maven-core-2.0.6.pom (6.7 kB at 305 kB/s)
2024-02-18T03:59:42.2814655Z [INFO] Downloading from central: https://repo.maven.apache.org/maven2/org/apache/maven/maven-plugin-parameter-documenter/2.0.6/maven-plugin-parameter-documenter-2.0.6.pom
2024-02-18T03:59:42.3040944Z [INFO] Downloaded from central: https://repo.maven.apache.org/maven2/org/apache/maven/maven-plugin-parameter-documenter/2.0.6/maven-plugin-parameter-documenter-2.0.6.pom (1.9 kB at 87 kB/s)
2024-02-18T03:59:42.3066654Z [INFO] Downloading from central: https://repo.maven.apache.org/maven2/org/apache/maven/reporting/maven-reporting-api/2.0.6/maven-reporting-api-2.0.6.pom
2024-02-18T03:59:42.3321252Z [INFO] Downloaded from central: https://repo.maven.apache.org/maven2/org/apache/maven/reporting/maven-reporting-api/2.0.6/maven-reporting-api-2.0.6.pom (1.8 kB at 70 kB/s)
2024-02-18T03:59:42.3333940Z [INFO] Downloading from central: https://repo.maven.apache.org/maven2/org/apache/maven/reporting/maven-reporting/2.0.6/maven-reporting-2.0.6.pom
2024-02-18T03:59:42.3532138Z [INFO] Downloaded from central: https://repo.maven.apache.org/maven2/org/apache/maven/reporting/maven-reporting/2.0.6/maven-reporting-2.0.6.pom (1.4 kB at 76 kB/s)
2024-02-18T03:59:42.3553094Z [INFO] Downloading from central: https://repo.maven.apache.org/maven2/org/apache/maven/doxia/doxia-sink-api/1.0-alpha-7/doxia-sink-api-1.0-alpha-7.pom
2024-02-18T03:59:42.3753336Z [INFO] Downloaded from central: https://repo.maven.apache.org/maven2/org/apache/maven/doxia/doxia-sink-api/1.0-alpha-7/doxia-sink-api-1.0-alpha-7.pom (424 B at 21 kB/s)
2024-02-18T03:59:42.3765932Z [INFO] Downloading from central: https://repo.maven.apache.org/maven2/org/apache/maven/doxia/doxia/1.0-alpha-7/doxia-1.0-alpha-7.pom
2024-02-18T03:59:42.3964270Z [INFO] Downloaded from central: https://repo.maven.apache.org/maven2/org/apache/maven/doxia/doxia/1.0-alpha-7/doxia-1.0-alpha-7.pom (3.9 kB at 196 kB/s)
2024-02-18T03:59:42.3985239Z [INFO] Downloading from central: https://repo.maven.apache.org/maven2/org/apache/maven/maven-error-diagnostics/2.0.6/maven-error-diagnostics-2.0.6.pom
2024-02-18T03:59:42.4186280Z [INFO] Downloaded from central: https://repo.maven.apache.org/maven2/org/apache/maven/maven-error-diagnostics/2.0.6/maven-error-diagnostics-2.0.6.pom (1.7 kB at 85 kB/s)
2024-02-18T03:59:42.4207458Z [INFO] Downloading from central: https://repo.maven.apache.org/maven2/commons-cli/commons-cli/1.0/commons-cli-1.0.pom
2024-02-18T03:59:42.4420367Z [INFO] Downloaded from central: https://repo.maven.apache.org/maven2/commons-cli/commons-cli/1.0/commons-cli-1.0.pom (2.1 kB at 100 kB/s)
2024-02-18T03:59:42.4438490Z [INFO] Downloading from central: https://repo.maven.apache.org/maven2/org/apache/maven/maven-plugin-descriptor/2.0.6/maven-plugin-descriptor-2.0.6.pom
2024-02-18T03:59:42.4652124Z [INFO] Downloaded from central: https://repo.maven.apache.org/maven2/org/apache/maven/maven-plugin-descriptor/2.0.6/maven-plugin-descriptor-2.0.6.pom (2.0 kB at 96 kB/s)
2024-02-18T03:59:42.4675212Z [INFO] Downloading from central: https://repo.maven.apache.org/maven2/org/codehaus/plexus/plexus-interactivity-api/1.0-alpha-4/plexus-interactivity-api-1.0-alpha-4.pom
2024-02-18T03:59:42.4877705Z [INFO] Downloaded from central: https://repo.maven.apache.org/maven2/org/codehaus/plexus/plexus-interactivity-api/1.0-alpha-4/plexus-interactivity-api-1.0-alpha-4.pom (7.1 kB at 355 kB/s)
2024-02-18T03:59:42.4898710Z [INFO] Downloading from central: https://repo.maven.apache.org/maven2/org/apache/maven/maven-monitor/2.0.6/maven-monitor-2.0.6.pom
2024-02-18T03:59:42.5087881Z [INFO] Downloaded from central: https://repo.maven.apache.org/maven2/org/apache/maven/maven-monitor/2.0.6/maven-monitor-2.0.6.pom (1.3 kB at 66 kB/s)
2024-02-18T03:59:42.5105887Z [INFO] Downloading from central: https://repo.maven.apache.org/maven2/classworlds/classworlds/1.1/classworlds-1.1.pom
2024-02-18T03:59:42.5298904Z [INFO] Downloaded from central: https://repo.maven.apache.org/maven2/classworlds/classworlds/1.1/classworlds-1.1.pom (3.3 kB at 175 kB/s)
2024-02-18T03:59:42.5317834Z [INFO] Downloading from central: https://repo.maven.apache.org/maven2/org/codehaus/plexus/plexus-utils/2.0.5/plexus-utils-2.0.5.pom
2024-02-18T03:59:42.5601630Z [INFO] Downloaded from central: https://repo.maven.apache.org/maven2/org/codehaus/plexus/plexus-utils/2.0.5/plexus-utils-2.0.5.pom (3.3 kB at 119 kB/s)
2024-02-18T03:59:42.5613583Z [INFO] Downloading from central: https://repo.maven.apache.org/maven2/org/codehaus/plexus/plexus/2.0.6/plexus-2.0.6.pom
2024-02-18T03:59:42.5808073Z [INFO] Downloaded from central: https://repo.maven.apache.org/maven2/org/codehaus/plexus/plexus/2.0.6/plexus-2.0.6.pom (17 kB at 882 kB/s)
2024-02-18T03:59:42.5828561Z [INFO] Downloading from central: https://repo.maven.apache.org/maven2/org/apache/maven/shared/maven-filtering/1.1/maven-filtering-1.1.pom
2024-02-18T03:59:42.6035503Z [INFO] Downloaded from central: https://repo.maven.apache.org/maven2/org/apache/maven/shared/maven-filtering/1.1/maven-filtering-1.1.pom (5.8 kB at 276 kB/s)
2024-02-18T03:59:42.6047097Z [INFO] Downloading from central: https://repo.maven.apache.org/maven2/org/apache/maven/shared/maven-shared-components/17/maven-shared-components-17.pom
2024-02-18T03:59:42.6246262Z [INFO] Downloaded from central: https://repo.maven.apache.org/maven2/org/apache/maven/shared/maven-shared-components/17/maven-shared-components-17.pom (8.7 kB at 435 kB/s)
2024-02-18T03:59:42.6270007Z [INFO] Downloading from central: https://repo.maven.apache.org/maven2/org/codehaus/plexus/plexus-utils/1.5.15/plexus-utils-1.5.15.pom
2024-02-18T03:59:42.6476081Z [INFO] Downloaded from central: https://repo.maven.apache.org/maven2/org/codehaus/plexus/plexus-utils/1.5.15/plexus-utils-1.5.15.pom (6.8 kB at 326 kB/s)
2024-02-18T03:59:42.6486884Z [INFO] Downloading from central: https://repo.maven.apache.org/maven2/org/codehaus/plexus/plexus/2.0.2/plexus-2.0.2.pom
2024-02-18T03:59:42.6708592Z [INFO] Downloaded from central: https://repo.maven.apache.org/maven2/org/codehaus/plexus/plexus/2.0.2/plexus-2.0.2.pom (12 kB at 528 kB/s)
2024-02-18T03:59:42.6724576Z [INFO] Downloading from central: https://repo.maven.apache.org/maven2/org/codehaus/plexus/plexus-interpolation/1.12/plexus-interpolation-1.12.pom
2024-02-18T03:59:42.6936359Z [INFO] Downloaded from central: https://repo.maven.apache.org/maven2/org/codehaus/plexus/plexus-interpolation/1.12/plexus-interpolation-1.12.pom (889 B at 42 kB/s)
2024-02-18T03:59:42.6944749Z [INFO] Downloading from central: https://repo.maven.apache.org/maven2/org/codehaus/plexus/plexus-components/1.1.14/plexus-components-1.1.14.pom
2024-02-18T03:59:42.7146534Z [INFO] Downloaded from central: https://repo.maven.apache.org/maven2/org/codehaus/plexus/plexus-components/1.1.14/plexus-components-1.1.14.pom (5.8 kB at 292 kB/s)
2024-02-18T03:59:42.7163545Z [INFO] Downloading from central: https://repo.maven.apache.org/maven2/org/sonatype/plexus/plexus-build-api/0.0.4/plexus-build-api-0.0.4.pom
2024-02-18T03:59:42.7361378Z [INFO] Downloaded from central: https://repo.maven.apache.org/maven2/org/sonatype/plexus/plexus-build-api/0.0.4/plexus-build-api-0.0.4.pom (2.9 kB at 151 kB/s)
2024-02-18T03:59:42.7371012Z [INFO] Downloading from central: https://repo.maven.apache.org/maven2/org/sonatype/spice/spice-parent/10/spice-parent-10.pom
2024-02-18T03:59:42.7566634Z [INFO] Downloaded from central: https://repo.maven.apache.org/maven2/org/sonatype/spice/spice-parent/10/spice-parent-10.pom (3.0 kB at 151 kB/s)
2024-02-18T03:59:42.7576002Z [INFO] Downloading from central: https://repo.maven.apache.org/maven2/org/sonatype/forge/forge-parent/3/forge-parent-3.pom
2024-02-18T03:59:42.7778521Z [INFO] Downloaded from central: https://repo.maven.apache.org/maven2/org/sonatype/forge/forge-parent/3/forge-parent-3.pom (5.0 kB at 252 kB/s)
2024-02-18T03:59:42.7796328Z [INFO] Downloading from central: https://repo.maven.apache.org/maven2/org/codehaus/plexus/plexus-utils/1.5.8/plexus-utils-1.5.8.pom
2024-02-18T03:59:42.8011720Z [INFO] Downloaded from central: https://repo.maven.apache.org/maven2/org/codehaus/plexus/plexus-utils/1.5.8/plexus-utils-1.5.8.pom (8.1 kB at 384 kB/s)
2024-02-18T03:59:42.8030168Z [INFO] Downloading from central: https://repo.maven.apache.org/maven2/org/codehaus/plexus/plexus-interpolation/1.13/plexus-interpolation-1.13.pom
2024-02-18T03:59:42.8230108Z [INFO] Downloaded from central: https://repo.maven.apache.org/maven2/org/codehaus/plexus/plexus-interpolation/1.13/plexus-interpolation-1.13.pom (890 B at 44 kB/s)
2024-02-18T03:59:42.8239681Z [INFO] Downloading from central: https://repo.maven.apache.org/maven2/org/codehaus/plexus/plexus-components/1.1.15/plexus-components-1.1.15.pom
2024-02-18T03:59:42.8440990Z [INFO] Downloaded from central: https://repo.maven.apache.org/maven2/org/codehaus/plexus/plexus-components/1.1.15/plexus-components-1.1.15.pom (2.8 kB at 142 kB/s)
2024-02-18T03:59:42.8453074Z [INFO] Downloading from central: https://repo.maven.apache.org/maven2/org/codehaus/plexus/plexus/2.0.3/plexus-2.0.3.pom
2024-02-18T03:59:42.8654956Z [INFO] Downloaded from central: https://repo.maven.apache.org/maven2/org/codehaus/plexus/plexus/2.0.3/plexus-2.0.3.pom (15 kB at 773 kB/s)
2024-02-18T03:59:42.8712195Z [INFO] Downloading from central: https://repo.maven.apache.org/maven2/org/apache/maven/maven-project/2.0.6/maven-project-2.0.6.jar
2024-02-18T03:59:42.8714709Z [INFO] Downloading from central: https://repo.maven.apache.org/maven2/org/apache/maven/maven-profile/2.0.6/maven-profile-2.0.6.jar
2024-02-18T03:59:42.8724282Z [INFO] Downloading from central: https://repo.maven.apache.org/maven2/org/apache/maven/maven-plugin-registry/2.0.6/maven-plugin-registry-2.0.6.jar
2024-02-18T03:59:42.8726997Z [INFO] Downloading from central: https://repo.maven.apache.org/maven2/org/apache/maven/maven-artifact-manager/2.0.6/maven-artifact-manager-2.0.6.jar
2024-02-18T03:59:42.8730410Z [INFO] Downloading from central: https://repo.maven.apache.org/maven2/org/apache/maven/maven-core/2.0.6/maven-core-2.0.6.jar
2024-02-18T03:59:42.8916459Z [INFO] Downloaded from central: https://repo.maven.apache.org/maven2/org/apache/maven/maven-profile/2.0.6/maven-profile-2.0.6.jar (35 kB at 1.7 MB/s)
2024-02-18T03:59:42.8919635Z [INFO] Downloading from central: https://repo.maven.apache.org/maven2/org/apache/maven/maven-plugin-parameter-documenter/2.0.6/maven-plugin-parameter-documenter-2.0.6.jar
2024-02-18T03:59:42.8922960Z [INFO] Downloaded from central: https://repo.maven.apache.org/maven2/org/apache/maven/maven-plugin-registry/2.0.6/maven-plugin-registry-2.0.6.jar (29 kB at 1.4 MB/s)
2024-02-18T03:59:42.8924851Z [INFO] Downloading from central: https://repo.maven.apache.org/maven2/org/apache/maven/reporting/maven-reporting-api/2.0.6/maven-reporting-api-2.0.6.jar
2024-02-18T03:59:42.8929331Z [INFO] Downloaded from central: https://repo.maven.apache.org/maven2/org/apache/maven/maven-project/2.0.6/maven-project-2.0.6.jar (116 kB at 5.3 MB/s)
2024-02-18T03:59:42.8932383Z [INFO] Downloading from central: https://repo.maven.apache.org/maven2/org/apache/maven/doxia/doxia-sink-api/1.0-alpha-7/doxia-sink-api-1.0-alpha-7.jar
2024-02-18T03:59:42.8935472Z [INFO] Downloaded from central: https://repo.maven.apache.org/maven2/org/apache/maven/maven-artifact-manager/2.0.6/maven-artifact-manager-2.0.6.jar (57 kB at 2.6 MB/s)
2024-02-18T03:59:42.8937509Z [INFO] Downloading from central: https://repo.maven.apache.org/maven2/org/apache/maven/maven-repository-metadata/2.0.6/maven-repository-metadata-2.0.6.jar
2024-02-18T03:59:42.8957516Z [INFO] Downloaded from central: https://repo.maven.apache.org/maven2/org/apache/maven/maven-core/2.0.6/maven-core-2.0.6.jar (152 kB at 6.3 MB/s)
2024-02-18T03:59:42.8959100Z [INFO] Downloading from central: https://repo.maven.apache.org/maven2/org/apache/maven/maven-error-diagnostics/2.0.6/maven-error-diagnostics-2.0.6.jar
2024-02-18T03:59:42.9104036Z [INFO] Downloaded from central: https://repo.maven.apache.org/maven2/org/apache/maven/reporting/maven-reporting-api/2.0.6/maven-reporting-api-2.0.6.jar (9.9 kB at 262 kB/s)
2024-02-18T03:59:42.9105606Z [INFO] Downloading from central: https://repo.maven.apache.org/maven2/commons-cli/commons-cli/1.0/commons-cli-1.0.jar
2024-02-18T03:59:42.9116713Z [INFO] Downloaded from central: https://repo.maven.apache.org/maven2/org/apache/maven/doxia/doxia-sink-api/1.0-alpha-7/doxia-sink-api-1.0-alpha-7.jar (5.9 kB at 152 kB/s)
2024-02-18T03:59:42.9119709Z [INFO] Downloading from central: https://repo.maven.apache.org/maven2/org/apache/maven/maven-plugin-descriptor/2.0.6/maven-plugin-descriptor-2.0.6.jar
2024-02-18T03:59:42.9131114Z [INFO] Downloaded from central: https://repo.maven.apache.org/maven2/org/apache/maven/maven-repository-metadata/2.0.6/maven-repository-metadata-2.0.6.jar (24 kB at 612 kB/s)
2024-02-18T03:59:42.9133696Z [INFO] Downloading from central: https://repo.maven.apache.org/maven2/org/codehaus/plexus/plexus-interactivity-api/1.0-alpha-4/plexus-interactivity-api-1.0-alpha-4.jar
2024-02-18T03:59:42.9142142Z [INFO] Downloaded from central: https://repo.maven.apache.org/maven2/org/apache/maven/maven-plugin-parameter-documenter/2.0.6/maven-plugin-parameter-documenter-2.0.6.jar (21 kB at 506 kB/s)
2024-02-18T03:59:42.9144388Z [INFO] Downloading from central: https://repo.maven.apache.org/maven2/classworlds/classworlds/1.1/classworlds-1.1.jar
2024-02-18T03:59:42.9155079Z [INFO] Downloaded from central: https://repo.maven.apache.org/maven2/org/apache/maven/maven-error-diagnostics/2.0.6/maven-error-diagnostics-2.0.6.jar (14 kB at 317 kB/s)
2024-02-18T03:59:42.9157164Z [INFO] Downloading from central: https://repo.maven.apache.org/maven2/org/apache/maven/maven-artifact/2.0.6/maven-artifact-2.0.6.jar
2024-02-18T03:59:42.9295945Z [INFO] Downloaded from central: https://repo.maven.apache.org/maven2/commons-cli/commons-cli/1.0/commons-cli-1.0.jar (30 kB at 528 kB/s)
2024-02-18T03:59:42.9298521Z [INFO] Downloading from central: https://repo.maven.apache.org/maven2/org/apache/maven/maven-settings/2.0.6/maven-settings-2.0.6.jar
2024-02-18T03:59:42.9326804Z [INFO] Downloaded from central: https://repo.maven.apache.org/maven2/org/codehaus/plexus/plexus-interactivity-api/1.0-alpha-4/plexus-interactivity-api-1.0-alpha-4.jar (13 kB at 223 kB/s)
2024-02-18T03:59:42.9330209Z [INFO] Downloading from central: https://repo.maven.apache.org/maven2/org/apache/maven/maven-model/2.0.6/maven-model-2.0.6.jar
2024-02-18T03:59:42.9343738Z [INFO] Downloaded from central: https://repo.maven.apache.org/maven2/classworlds/classworlds/1.1/classworlds-1.1.jar (38 kB at 611 kB/s)
2024-02-18T03:59:42.9346499Z [INFO] Downloading from central: https://repo.maven.apache.org/maven2/org/apache/maven/maven-monitor/2.0.6/maven-monitor-2.0.6.jar
2024-02-18T03:59:42.9368563Z [INFO] Downloaded from central: https://repo.maven.apache.org/maven2/org/apache/maven/maven-plugin-descriptor/2.0.6/maven-plugin-descriptor-2.0.6.jar (37 kB at 576 kB/s)
2024-02-18T03:59:42.9372702Z [INFO] Downloading from central: https://repo.maven.apache.org/maven2/org/codehaus/plexus/plexus-container-default/1.0-alpha-9-stable-1/plexus-container-default-1.0-alpha-9-stable-1.jar
2024-02-18T03:59:42.9374547Z [INFO] Downloaded from central: https://repo.maven.apache.org/maven2/org/apache/maven/maven-artifact/2.0.6/maven-artifact-2.0.6.jar (87 kB at 1.4 MB/s)
2024-02-18T03:59:42.9375791Z [INFO] Downloading from central: https://repo.maven.apache.org/maven2/junit/junit/3.8.1/junit-3.8.1.jar
2024-02-18T03:59:42.9505982Z [INFO] Downloaded from central: https://repo.maven.apache.org/maven2/org/apache/maven/maven-settings/2.0.6/maven-settings-2.0.6.jar (49 kB at 629 kB/s)
2024-02-18T03:59:42.9507665Z [INFO] Downloading from central: https://repo.maven.apache.org/maven2/org/codehaus/plexus/plexus-utils/2.0.5/plexus-utils-2.0.5.jar
2024-02-18T03:59:42.9520606Z [INFO] Downloaded from central: https://repo.maven.apache.org/maven2/org/apache/maven/maven-model/2.0.6/maven-model-2.0.6.jar (86 kB at 1.1 MB/s)
2024-02-18T03:59:42.9523210Z [INFO] Downloading from central: https://repo.maven.apache.org/maven2/org/apache/maven/shared/maven-filtering/1.1/maven-filtering-1.1.jar
2024-02-18T03:59:42.9532711Z [INFO] Downloaded from central: https://repo.maven.apache.org/maven2/org/apache/maven/maven-monitor/2.0.6/maven-monitor-2.0.6.jar (10 kB at 126 kB/s)
2024-02-18T03:59:42.9535653Z [INFO] Downloading from central: https://repo.maven.apache.org/maven2/org/sonatype/plexus/plexus-build-api/0.0.4/plexus-build-api-0.0.4.jar
2024-02-18T03:59:42.9579383Z [INFO] Downloaded from central: https://repo.maven.apache.org/maven2/junit/junit/3.8.1/junit-3.8.1.jar (121 kB at 1.4 MB/s)
2024-02-18T03:59:42.9580826Z [INFO] Downloading from central: https://repo.maven.apache.org/maven2/org/codehaus/plexus/plexus-interpolation/1.13/plexus-interpolation-1.13.jar
2024-02-18T03:59:42.9589049Z [INFO] Downloaded from central: https://repo.maven.apache.org/maven2/org/codehaus/plexus/plexus-container-default/1.0-alpha-9-stable-1/plexus-container-default-1.0-alpha-9-stable-1.jar (194 kB at 2.3 MB/s)
2024-02-18T03:59:42.9711729Z [INFO] Downloaded from central: https://repo.maven.apache.org/maven2/org/apache/maven/shared/maven-filtering/1.1/maven-filtering-1.1.jar (43 kB at 440 kB/s)
2024-02-18T03:59:42.9727674Z [INFO] Downloaded from central: https://repo.maven.apache.org/maven2/org/sonatype/plexus/plexus-build-api/0.0.4/plexus-build-api-0.0.4.jar (6.8 kB at 68 kB/s)
2024-02-18T03:59:42.9732203Z [INFO] Downloaded from central: https://repo.maven.apache.org/maven2/org/codehaus/plexus/plexus-utils/2.0.5/plexus-utils-2.0.5.jar (223 kB at 2.2 MB/s)
2024-02-18T03:59:42.9770102Z [INFO] Downloaded from central: https://repo.maven.apache.org/maven2/org/codehaus/plexus/plexus-interpolation/1.13/plexus-interpolation-1.13.jar (61 kB at 587 kB/s)
2024-02-18T03:59:43.0179342Z [INFO] Using 'UTF-8' encoding to copy filtered resources.
2024-02-18T03:59:43.0196825Z [INFO] Copying 1 resource
2024-02-18T03:59:43.0227496Z [INFO]
2024-02-18T03:59:43.0228573Z [INFO] --- maven-compiler-plugin:3.1:compile (default-compile) @ AsciidoctorDemo ---
2024-02-18T03:59:43.0267444Z [INFO] Downloading from central: https://repo.maven.apache.org/maven2/org/apache/maven/maven-plugin-api/2.0.9/maven-plugin-api-2.0.9.pom
2024-02-18T03:59:43.0476094Z [INFO] Downloaded from central: https://repo.maven.apache.org/maven2/org/apache/maven/maven-plugin-api/2.0.9/maven-plugin-api-2.0.9.pom (1.5 kB at 71 kB/s)
2024-02-18T03:59:43.0487577Z [INFO] Downloading from central: https://repo.maven.apache.org/maven2/org/apache/maven/maven/2.0.9/maven-2.0.9.pom
2024-02-18T03:59:43.0690691Z [INFO] Downloaded from central: https://repo.maven.apache.org/maven2/org/apache/maven/maven/2.0.9/maven-2.0.9.pom (19 kB at 945 kB/s)
2024-02-18T03:59:43.0708704Z [INFO] Downloading from central: https://repo.maven.apache.org/maven2/org/apache/maven/maven-parent/8/maven-parent-8.pom
2024-02-18T03:59:43.0946303Z [INFO] Downloaded from central: https://repo.maven.apache.org/maven2/org/apache/maven/maven-parent/8/maven-parent-8.pom (24 kB at 1.0 MB/s)
2024-02-18T03:59:43.0959552Z [INFO] Downloading from central: https://repo.maven.apache.org/maven2/org/apache/apache/4/apache-4.pom
2024-02-18T03:59:43.1152916Z [INFO] Downloaded from central: https://repo.maven.apache.org/maven2/org/apache/apache/4/apache-4.pom (4.5 kB at 225 kB/s)
2024-02-18T03:59:43.1171124Z [INFO] Downloading from central: https://repo.maven.apache.org/maven2/org/apache/maven/maven-artifact/2.0.9/maven-artifact-2.0.9.pom
2024-02-18T03:59:43.1396540Z [INFO] Downloaded from central: https://repo.maven.apache.org/maven2/org/apache/maven/maven-artifact/2.0.9/maven-artifact-2.0.9.pom (1.6 kB at 70 kB/s)
2024-02-18T03:59:43.1418770Z [INFO] Downloading from central: https://repo.maven.apache.org/maven2/org/codehaus/plexus/plexus-utils/1.5.1/plexus-utils-1.5.1.pom
2024-02-18T03:59:43.1617896Z [INFO] Downloaded from central: https://repo.maven.apache.org/maven2/org/codehaus/plexus/plexus-utils/1.5.1/plexus-utils-1.5.1.pom (2.3 kB at 115 kB/s)
2024-02-18T03:59:43.1634664Z [INFO] Downloading from central: https://repo.maven.apache.org/maven2/org/apache/maven/maven-core/2.0.9/maven-core-2.0.9.pom
2024-02-18T03:59:43.1873358Z [INFO] Downloaded from central: https://repo.maven.apache.org/maven2/org/apache/maven/maven-core/2.0.9/maven-core-2.0.9.pom (7.8 kB at 338 kB/s)
2024-02-18T03:59:43.1895360Z [INFO] Downloading from central: https://repo.maven.apache.org/maven2/org/apache/maven/maven-settings/2.0.9/maven-settings-2.0.9.pom
2024-02-18T03:59:43.2180663Z [INFO] Downloaded from central: https://repo.maven.apache.org/maven2/org/apache/maven/maven-settings/2.0.9/maven-settings-2.0.9.pom (2.1 kB at 74 kB/s)
2024-02-18T03:59:43.2199619Z [INFO] Downloading from central: https://repo.maven.apache.org/maven2/org/apache/maven/maven-model/2.0.9/maven-model-2.0.9.pom
2024-02-18T03:59:43.2485165Z [INFO] Downloaded from central: https://repo.maven.apache.org/maven2/org/apache/maven/maven-model/2.0.9/maven-model-2.0.9.pom (3.1 kB at 108 kB/s)
2024-02-18T03:59:43.2510558Z [INFO] Downloading from central: https://repo.maven.apache.org/maven2/org/apache/maven/maven-plugin-parameter-documenter/2.0.9/maven-plugin-parameter-documenter-2.0.9.pom
2024-02-18T03:59:43.2731502Z [INFO] Downloaded from central: https://repo.maven.apache.org/maven2/org/apache/maven/maven-plugin-parameter-documenter/2.0.9/maven-plugin-parameter-documenter-2.0.9.pom (2.0 kB at 89 kB/s)
2024-02-18T03:59:43.2753118Z [INFO] Downloading from central: https://repo.maven.apache.org/maven2/org/apache/maven/maven-profile/2.0.9/maven-profile-2.0.9.pom
2024-02-18T03:59:43.2951328Z [INFO] Downloaded from central: https://repo.maven.apache.org/maven2/org/apache/maven/maven-profile/2.0.9/maven-profile-2.0.9.pom (2.0 kB at 108 kB/s)
2024-02-18T03:59:43.2976752Z [INFO] Downloading from central: https://repo.maven.apache.org/maven2/org/apache/maven/maven-repository-metadata/2.0.9/maven-repository-metadata-2.0.9.pom
2024-02-18T03:59:43.3182961Z [INFO] Downloaded from central: https://repo.maven.apache.org/maven2/org/apache/maven/maven-repository-metadata/2.0.9/maven-repository-metadata-2.0.9.pom (1.9 kB at 91 kB/s)
2024-02-18T03:59:43.3204435Z [INFO] Downloading from central: https://repo.maven.apache.org/maven2/org/apache/maven/maven-error-diagnostics/2.0.9/maven-error-diagnostics-2.0.9.pom
2024-02-18T03:59:43.3400524Z [INFO] Downloaded from central: https://repo.maven.apache.org/maven2/org/apache/maven/maven-error-diagnostics/2.0.9/maven-error-diagnostics-2.0.9.pom (1.7 kB at 92 kB/s)
2024-02-18T03:59:43.3421983Z [INFO] Downloading from central: https://repo.maven.apache.org/maven2/org/apache/maven/maven-project/2.0.9/maven-project-2.0.9.pom
2024-02-18T03:59:43.3615134Z [INFO] Downloaded from central: https://repo.maven.apache.org/maven2/org/apache/maven/maven-project/2.0.9/maven-project-2.0.9.pom (2.7 kB at 136 kB/s)
2024-02-18T03:59:43.3635111Z [INFO] Downloading from central: https://repo.maven.apache.org/maven2/org/apache/maven/maven-artifact-manager/2.0.9/maven-artifact-manager-2.0.9.pom
2024-02-18T03:59:43.3857619Z [INFO] Downloaded from central: https://repo.maven.apache.org/maven2/org/apache/maven/maven-artifact-manager/2.0.9/maven-artifact-manager-2.0.9.pom (2.7 kB at 123 kB/s)
2024-02-18T03:59:43.3877192Z [INFO] Downloading from central: https://repo.maven.apache.org/maven2/org/apache/maven/maven-plugin-registry/2.0.9/maven-plugin-registry-2.0.9.pom
2024-02-18T03:59:43.4072739Z [INFO] Downloaded from central: https://repo.maven.apache.org/maven2/org/apache/maven/maven-plugin-registry/2.0.9/maven-plugin-registry-2.0.9.pom (2.0 kB at 104 kB/s)
2024-02-18T03:59:43.4097296Z [INFO] Downloading from central: https://repo.maven.apache.org/maven2/org/apache/maven/maven-plugin-descriptor/2.0.9/maven-plugin-descriptor-2.0.9.pom
2024-02-18T03:59:43.4293752Z [INFO] Downloaded from central: https://repo.maven.apache.org/maven2/org/apache/maven/maven-plugin-descriptor/2.0.9/maven-plugin-descriptor-2.0.9.pom (2.1 kB at 104 kB/s)
2024-02-18T03:59:43.4313843Z [INFO] Downloading from central: https://repo.maven.apache.org/maven2/org/apache/maven/maven-monitor/2.0.9/maven-monitor-2.0.9.pom
2024-02-18T03:59:43.4512468Z [INFO] Downloaded from central: https://repo.maven.apache.org/maven2/org/apache/maven/maven-monitor/2.0.9/maven-monitor-2.0.9.pom (1.3 kB at 68 kB/s)
2024-02-18T03:59:43.4535735Z [INFO] Downloading from central: https://repo.maven.apache.org/maven2/org/apache/maven/maven-toolchain/1.0/maven-toolchain-1.0.pom
2024-02-18T03:59:43.4755406Z [INFO] Downloaded from central: https://repo.maven.apache.org/maven2/org/apache/maven/maven-toolchain/1.0/maven-toolchain-1.0.pom (3.4 kB at 155 kB/s)
2024-02-18T03:59:43.4811461Z [INFO] Downloading from central: https://repo.maven.apache.org/maven2/org/apache/maven/shared/maven-shared-utils/0.1/maven-shared-utils-0.1.pom
2024-02-18T03:59:43.5014991Z [INFO] Downloaded from central: https://repo.maven.apache.org/maven2/org/apache/maven/shared/maven-shared-utils/0.1/maven-shared-utils-0.1.pom (4.0 kB at 193 kB/s)
2024-02-18T03:59:43.5025777Z [INFO] Downloading from central: https://repo.maven.apache.org/maven2/org/apache/maven/shared/maven-shared-components/18/maven-shared-components-18.pom
2024-02-18T03:59:43.5211584Z [INFO] Downloaded from central: https://repo.maven.apache.org/maven2/org/apache/maven/shared/maven-shared-components/18/maven-shared-components-18.pom (4.9 kB at 274 kB/s)
2024-02-18T03:59:43.5228739Z [INFO] Downloading from central: https://repo.maven.apache.org/maven2/com/google/code/findbugs/jsr305/2.0.1/jsr305-2.0.1.pom
2024-02-18T03:59:43.5416426Z [INFO] Downloaded from central: https://repo.maven.apache.org/maven2/com/google/code/findbugs/jsr305/2.0.1/jsr305-2.0.1.pom (965 B at 51 kB/s)
2024-02-18T03:59:43.5427784Z [INFO] Downloading from central: https://repo.maven.apache.org/maven2/org/apache/maven/shared/maven-shared-incremental/1.1/maven-shared-incremental-1.1.pom
2024-02-18T03:59:43.5610683Z [INFO] Downloaded from central: https://repo.maven.apache.org/maven2/org/apache/maven/shared/maven-shared-incremental/1.1/maven-shared-incremental-1.1.pom (4.7 kB at 263 kB/s)
2024-02-18T03:59:43.5622335Z [INFO] Downloading from central: https://repo.maven.apache.org/maven2/org/apache/maven/shared/maven-shared-components/19/maven-shared-components-19.pom
2024-02-18T03:59:43.5807853Z [INFO] Downloaded from central: https://repo.maven.apache.org/maven2/org/apache/maven/shared/maven-shared-components/19/maven-shared-components-19.pom (6.4 kB at 335 kB/s)
2024-02-18T03:59:43.5828712Z [INFO] Downloading from central: https://repo.maven.apache.org/maven2/org/apache/maven/maven-plugin-api/2.2.1/maven-plugin-api-2.2.1.pom
2024-02-18T03:59:43.6014691Z [INFO] Downloaded from central: https://repo.maven.apache.org/maven2/org/apache/maven/maven-plugin-api/2.2.1/maven-plugin-api-2.2.1.pom (1.5 kB at 77 kB/s)
2024-02-18T03:59:43.6028047Z [INFO] Downloading from central: https://repo.maven.apache.org/maven2/org/apache/maven/maven/2.2.1/maven-2.2.1.pom
2024-02-18T03:59:43.6212424Z [INFO] Downloaded from central: https://repo.maven.apache.org/maven2/org/apache/maven/maven/2.2.1/maven-2.2.1.pom (22 kB at 1.2 MB/s)
2024-02-18T03:59:43.6227773Z [INFO] Downloading from central: https://repo.maven.apache.org/maven2/org/apache/maven/maven-parent/11/maven-parent-11.pom
2024-02-18T03:59:43.6413906Z [INFO] Downloaded from central: https://repo.maven.apache.org/maven2/org/apache/maven/maven-parent/11/maven-parent-11.pom (32 kB at 1.7 MB/s)
2024-02-18T03:59:43.6427424Z [INFO] Downloading from central: https://repo.maven.apache.org/maven2/org/apache/apache/5/apache-5.pom
2024-02-18T03:59:43.6617955Z [INFO] Downloaded from central: https://repo.maven.apache.org/maven2/org/apache/apache/5/apache-5.pom (4.1 kB at 216 kB/s)
2024-02-18T03:59:43.6641598Z [INFO] Downloading from central: https://repo.maven.apache.org/maven2/org/apache/maven/maven-core/2.2.1/maven-core-2.2.1.pom
2024-02-18T03:59:43.6824044Z [INFO] Downloaded from central: https://repo.maven.apache.org/maven2/org/apache/maven/maven-core/2.2.1/maven-core-2.2.1.pom (12 kB at 612 kB/s)
2024-02-18T03:59:43.6847410Z [INFO] Downloading from central: https://repo.maven.apache.org/maven2/org/apache/maven/maven-settings/2.2.1/maven-settings-2.2.1.pom
2024-02-18T03:59:43.7030337Z [INFO] Downloaded from central: https://repo.maven.apache.org/maven2/org/apache/maven/maven-settings/2.2.1/maven-settings-2.2.1.pom (2.2 kB at 121 kB/s)
2024-02-18T03:59:43.7048017Z [INFO] Downloading from central: https://repo.maven.apache.org/maven2/org/apache/maven/maven-model/2.2.1/maven-model-2.2.1.pom
2024-02-18T03:59:43.7229651Z [INFO] Downloaded from central: https://repo.maven.apache.org/maven2/org/apache/maven/maven-model/2.2.1/maven-model-2.2.1.pom (3.2 kB at 180 kB/s)
2024-02-18T03:59:43.7251263Z [INFO] Downloading from central: https://repo.maven.apache.org/maven2/org/codehaus/plexus/plexus-interpolation/1.11/plexus-interpolation-1.11.pom
2024-02-18T03:59:43.7445850Z [INFO] Downloaded from central: https://repo.maven.apache.org/maven2/org/codehaus/plexus/plexus-interpolation/1.11/plexus-interpolation-1.11.pom (889 B at 44 kB/s)
2024-02-18T03:59:43.7460827Z [INFO] Downloading from central: https://repo.maven.apache.org/maven2/org/apache/maven/maven-plugin-parameter-documenter/2.2.1/maven-plugin-parameter-documenter-2.2.1.pom
2024-02-18T03:59:43.7646161Z [INFO] Downloaded from central: https://repo.maven.apache.org/maven2/org/apache/maven/maven-plugin-parameter-documenter/2.2.1/maven-plugin-parameter-documenter-2.2.1.pom (2.0 kB at 103 kB/s)
2024-02-18T03:59:43.7663207Z [INFO] Downloading from central: https://repo.maven.apache.org/maven2/org/slf4j/slf4j-jdk14/1.5.6/slf4j-jdk14-1.5.6.pom
2024-02-18T03:59:43.7885087Z [INFO] Downloaded from central: https://repo.maven.apache.org/maven2/org/slf4j/slf4j-jdk14/1.5.6/slf4j-jdk14-1.5.6.pom (1.9 kB at 86 kB/s)
2024-02-18T03:59:43.7898269Z [INFO] Downloading from central: https://repo.maven.apache.org/maven2/org/slf4j/slf4j-parent/1.5.6/slf4j-parent-1.5.6.pom
2024-02-18T03:59:43.8086973Z [INFO] Downloaded from central: https://repo.maven.apache.org/maven2/org/slf4j/slf4j-parent/1.5.6/slf4j-parent-1.5.6.pom (7.9 kB at 417 kB/s)
2024-02-18T03:59:43.8106208Z [INFO] Downloading from central: https://repo.maven.apache.org/maven2/org/slf4j/slf4j-api/1.5.6/slf4j-api-1.5.6.pom
2024-02-18T03:59:43.8289038Z [INFO] Downloaded from central: https://repo.maven.apache.org/maven2/org/slf4j/slf4j-api/1.5.6/slf4j-api-1.5.6.pom (3.0 kB at 166 kB/s)
2024-02-18T03:59:43.8307476Z [INFO] Downloading from central: https://repo.maven.apache.org/maven2/org/slf4j/jcl-over-slf4j/1.5.6/jcl-over-slf4j-1.5.6.pom
2024-02-18T03:59:43.8494089Z [INFO] Downloaded from central: https://repo.maven.apache.org/maven2/org/slf4j/jcl-over-slf4j/1.5.6/jcl-over-slf4j-1.5.6.pom (2.2 kB at 114 kB/s)
2024-02-18T03:59:43.8505744Z [INFO] Downloading from central: https://repo.maven.apache.org/maven2/org/apache/maven/maven-profile/2.2.1/maven-profile-2.2.1.pom
2024-02-18T03:59:43.8701125Z [INFO] Downloaded from central: https://repo.maven.apache.org/maven2/org/apache/maven/maven-profile/2.2.1/maven-profile-2.2.1.pom (2.2 kB at 114 kB/s)
2024-02-18T03:59:43.8722598Z [INFO] Downloading from central: https://repo.maven.apache.org/maven2/org/apache/maven/maven-artifact/2.2.1/maven-artifact-2.2.1.pom
2024-02-18T03:59:43.8905685Z [INFO] Downloaded from central: https://repo.maven.apache.org/maven2/org/apache/maven/maven-artifact/2.2.1/maven-artifact-2.2.1.pom (1.6 kB at 88 kB/s)
2024-02-18T03:59:43.8929959Z [INFO] Downloading from central: https://repo.maven.apache.org/maven2/org/apache/maven/maven-repository-metadata/2.2.1/maven-repository-metadata-2.2.1.pom
2024-02-18T03:59:43.9119182Z [INFO] Downloaded from central: https://repo.maven.apache.org/maven2/org/apache/maven/maven-repository-metadata/2.2.1/maven-repository-metadata-2.2.1.pom (1.9 kB at 98 kB/s)
2024-02-18T03:59:43.9149042Z [INFO] Downloading from central: https://repo.maven.apache.org/maven2/org/apache/maven/maven-error-diagnostics/2.2.1/maven-error-diagnostics-2.2.1.pom
2024-02-18T03:59:43.9337340Z [INFO] Downloaded from central: https://repo.maven.apache.org/maven2/org/apache/maven/maven-error-diagnostics/2.2.1/maven-error-diagnostics-2.2.1.pom (1.7 kB at 90 kB/s)
2024-02-18T03:59:43.9359638Z [INFO] Downloading from central: https://repo.maven.apache.org/maven2/org/apache/maven/maven-project/2.2.1/maven-project-2.2.1.pom
2024-02-18T03:59:43.9544317Z [INFO] Downloaded from central: https://repo.maven.apache.org/maven2/org/apache/maven/maven-project/2.2.1/maven-project-2.2.1.pom (2.8 kB at 146 kB/s)
2024-02-18T03:59:43.9565865Z [INFO] Downloading from central: https://repo.maven.apache.org/maven2/org/apache/maven/maven-artifact-manager/2.2.1/maven-artifact-manager-2.2.1.pom
2024-02-18T03:59:43.9752659Z [INFO] Downloaded from central: https://repo.maven.apache.org/maven2/org/apache/maven/maven-artifact-manager/2.2.1/maven-artifact-manager-2.2.1.pom (3.1 kB at 163 kB/s)
2024-02-18T03:59:43.9772640Z [INFO] Downloading from central: https://repo.maven.apache.org/maven2/backport-util-concurrent/backport-util-concurrent/3.1/backport-util-concurrent-3.1.pom
2024-02-18T03:59:43.9959069Z [INFO] Downloaded from central: https://repo.maven.apache.org/maven2/backport-util-concurrent/backport-util-concurrent/3.1/backport-util-concurrent-3.1.pom (880 B at 49 kB/s)
2024-02-18T03:59:43.9969531Z [INFO] Downloading from central: https://repo.maven.apache.org/maven2/org/apache/maven/maven-plugin-registry/2.2.1/maven-plugin-registry-2.2.1.pom
2024-02-18T03:59:44.0152291Z [INFO] Downloaded from central: https://repo.maven.apache.org/maven2/org/apache/maven/maven-plugin-registry/2.2.1/maven-plugin-registry-2.2.1.pom (1.9 kB at 107 kB/s)
2024-02-18T03:59:44.0174167Z [INFO] Downloading from central: https://repo.maven.apache.org/maven2/org/apache/maven/maven-plugin-descriptor/2.2.1/maven-plugin-descriptor-2.2.1.pom
2024-02-18T03:59:44.0355753Z [INFO] Downloaded from central: https://repo.maven.apache.org/maven2/org/apache/maven/maven-plugin-descriptor/2.2.1/maven-plugin-descriptor-2.2.1.pom (2.1 kB at 109 kB/s)
2024-02-18T03:59:44.0372574Z [INFO] Downloading from central: https://repo.maven.apache.org/maven2/org/apache/maven/maven-monitor/2.2.1/maven-monitor-2.2.1.pom
2024-02-18T03:59:44.0557382Z [INFO] Downloaded from central: https://repo.maven.apache.org/maven2/org/apache/maven/maven-monitor/2.2.1/maven-monitor-2.2.1.pom (1.3 kB at 70 kB/s)
2024-02-18T03:59:44.0572903Z [INFO] Downloading from central: https://repo.maven.apache.org/maven2/org/sonatype/plexus/plexus-sec-dispatcher/1.3/plexus-sec-dispatcher-1.3.pom
2024-02-18T03:59:44.0754867Z [INFO] Downloaded from central: https://repo.maven.apache.org/maven2/org/sonatype/plexus/plexus-sec-dispatcher/1.3/plexus-sec-dispatcher-1.3.pom (3.0 kB at 164 kB/s)
2024-02-18T03:59:44.0765211Z [INFO] Downloading from central: https://repo.maven.apache.org/maven2/org/sonatype/spice/spice-parent/12/spice-parent-12.pom
2024-02-18T03:59:44.0952391Z [INFO] Downloaded from central: https://repo.maven.apache.org/maven2/org/sonatype/spice/spice-parent/12/spice-parent-12.pom (6.8 kB at 378 kB/s)
2024-02-18T03:59:44.0961979Z [INFO] Downloading from central: https://repo.maven.apache.org/maven2/org/sonatype/forge/forge-parent/4/forge-parent-4.pom
2024-02-18T03:59:44.1154103Z [INFO] Downloaded from central: https://repo.maven.apache.org/maven2/org/sonatype/forge/forge-parent/4/forge-parent-4.pom (8.4 kB at 420 kB/s)
2024-02-18T03:59:44.1174030Z [INFO] Downloading from central: https://repo.maven.apache.org/maven2/org/codehaus/plexus/plexus-utils/1.5.5/plexus-utils-1.5.5.pom
2024-02-18T03:59:44.1361582Z [INFO] Downloaded from central: https://repo.maven.apache.org/maven2/org/codehaus/plexus/plexus-utils/1.5.5/plexus-utils-1.5.5.pom (5.1 kB at 286 kB/s)
2024-02-18T03:59:44.1375797Z [INFO] Downloading from central: https://repo.maven.apache.org/maven2/org/sonatype/plexus/plexus-cipher/1.4/plexus-cipher-1.4.pom
2024-02-18T03:59:44.1557815Z [INFO] Downloaded from central: https://repo.maven.apache.org/maven2/org/sonatype/plexus/plexus-cipher/1.4/plexus-cipher-1.4.pom (2.1 kB at 115 kB/s)
2024-02-18T03:59:44.1576471Z [INFO] Downloading from central: https://repo.maven.apache.org/maven2/org/codehaus/plexus/plexus-component-annotations/1.5.5/plexus-component-annotations-1.5.5.pom
2024-02-18T03:59:44.1771326Z [INFO] Downloaded from central: https://repo.maven.apache.org/maven2/org/codehaus/plexus/plexus-component-annotations/1.5.5/plexus-component-annotations-1.5.5.pom (815 B at 43 kB/s)
2024-02-18T03:59:44.1779692Z [INFO] Downloading from central: https://repo.maven.apache.org/maven2/org/codehaus/plexus/plexus-containers/1.5.5/plexus-containers-1.5.5.pom
2024-02-18T03:59:44.1966078Z [INFO] Downloaded from central: https://repo.maven.apache.org/maven2/org/codehaus/plexus/plexus-containers/1.5.5/plexus-containers-1.5.5.pom (4.2 kB at 223 kB/s)
2024-02-18T03:59:44.1975233Z [INFO] Downloading from central: https://repo.maven.apache.org/maven2/org/codehaus/plexus/plexus/2.0.7/plexus-2.0.7.pom
2024-02-18T03:59:44.2160601Z [INFO] Downloaded from central: https://repo.maven.apache.org/maven2/org/codehaus/plexus/plexus/2.0.7/plexus-2.0.7.pom (17 kB at 961 kB/s)
2024-02-18T03:59:44.2175983Z [INFO] Downloading from central: https://repo.maven.apache.org/maven2/org/codehaus/plexus/plexus-compiler-api/2.2/plexus-compiler-api-2.2.pom
2024-02-18T03:59:44.2382071Z [INFO] Downloaded from central: https://repo.maven.apache.org/maven2/org/codehaus/plexus/plexus-compiler-api/2.2/plexus-compiler-api-2.2.pom (865 B at 43 kB/s)
2024-02-18T03:59:44.2390443Z [INFO] Downloading from central: https://repo.maven.apache.org/maven2/org/codehaus/plexus/plexus-compiler/2.2/plexus-compiler-2.2.pom
2024-02-18T03:59:44.2584698Z [INFO] Downloaded from central: https://repo.maven.apache.org/maven2/org/codehaus/plexus/plexus-compiler/2.2/plexus-compiler-2.2.pom (3.6 kB at 181 kB/s)
2024-02-18T03:59:44.2594575Z [INFO] Downloading from central: https://repo.maven.apache.org/maven2/org/codehaus/plexus/plexus-components/1.3.1/plexus-components-1.3.1.pom
2024-02-18T03:59:44.2778577Z [INFO] Downloaded from central: https://repo.maven.apache.org/maven2/org/codehaus/plexus/plexus-components/1.3.1/plexus-components-1.3.1.pom (3.1 kB at 170 kB/s)
2024-02-18T03:59:44.2789786Z [INFO] Downloading from central: https://repo.maven.apache.org/maven2/org/codehaus/plexus/plexus/3.3.1/plexus-3.3.1.pom
2024-02-18T03:59:44.2975925Z [INFO] Downloaded from central: https://repo.maven.apache.org/maven2/org/codehaus/plexus/plexus/3.3.1/plexus-3.3.1.pom (20 kB at 1.1 MB/s)
2024-02-18T03:59:44.2989164Z [INFO] Downloading from central: https://repo.maven.apache.org/maven2/org/sonatype/spice/spice-parent/17/spice-parent-17.pom
2024-02-18T03:59:44.3170569Z [INFO] Downloaded from central: https://repo.maven.apache.org/maven2/org/sonatype/spice/spice-parent/17/spice-parent-17.pom (6.8 kB at 376 kB/s)
2024-02-18T03:59:44.3180786Z [INFO] Downloading from central: https://repo.maven.apache.org/maven2/org/sonatype/forge/forge-parent/10/forge-parent-10.pom
2024-02-18T03:59:44.3385523Z [INFO] Downloaded from central: https://repo.maven.apache.org/maven2/org/sonatype/forge/forge-parent/10/forge-parent-10.pom (14 kB at 646 kB/s)
2024-02-18T03:59:44.3406190Z [INFO] Downloading from central: https://repo.maven.apache.org/maven2/org/codehaus/plexus/plexus-utils/3.0.8/plexus-utils-3.0.8.pom
2024-02-18T03:59:44.3606538Z [INFO] Downloaded from central: https://repo.maven.apache.org/maven2/org/codehaus/plexus/plexus-utils/3.0.8/plexus-utils-3.0.8.pom (3.1 kB at 157 kB/s)
2024-02-18T03:59:44.3615794Z [INFO] Downloading from central: https://repo.maven.apache.org/maven2/org/codehaus/plexus/plexus/3.2/plexus-3.2.pom
2024-02-18T03:59:44.3825724Z [INFO] Downloaded from central: https://repo.maven.apache.org/maven2/org/codehaus/plexus/plexus/3.2/plexus-3.2.pom (19 kB at 893 kB/s)
2024-02-18T03:59:44.3845513Z [INFO] Downloading from central: https://repo.maven.apache.org/maven2/org/codehaus/plexus/plexus-compiler-manager/2.2/plexus-compiler-manager-2.2.pom
2024-02-18T03:59:44.4048112Z [INFO] Downloaded from central: https://repo.maven.apache.org/maven2/org/codehaus/plexus/plexus-compiler-manager/2.2/plexus-compiler-manager-2.2.pom (690 B at 34 kB/s)
2024-02-18T03:59:44.4068356Z [INFO] Downloading from central: https://repo.maven.apache.org/maven2/org/codehaus/plexus/plexus-compiler-javac/2.2/plexus-compiler-javac-2.2.pom
2024-02-18T03:59:44.4264192Z [INFO] Downloaded from central: https://repo.maven.apache.org/maven2/org/codehaus/plexus/plexus-compiler-javac/2.2/plexus-compiler-javac-2.2.pom (769 B at 38 kB/s)
2024-02-18T03:59:44.4272887Z [INFO] Downloading from central: https://repo.maven.apache.org/maven2/org/codehaus/plexus/plexus-compilers/2.2/plexus-compilers-2.2.pom
2024-02-18T03:59:44.4503175Z [INFO] Downloaded from central: https://repo.maven.apache.org/maven2/org/codehaus/plexus/plexus-compilers/2.2/plexus-compilers-2.2.pom (1.2 kB at 54 kB/s)
2024-02-18T03:59:44.4524603Z [INFO] Downloading from central: https://repo.maven.apache.org/maven2/org/codehaus/plexus/plexus-container-default/1.5.5/plexus-container-default-1.5.5.pom
2024-02-18T03:59:44.4724206Z [INFO] Downloaded from central: https://repo.maven.apache.org/maven2/org/codehaus/plexus/plexus-container-default/1.5.5/plexus-container-default-1.5.5.pom (2.8 kB at 138 kB/s)
2024-02-18T03:59:44.4738828Z [INFO] Downloading from central: https://repo.maven.apache.org/maven2/org/codehaus/plexus/plexus-utils/1.4.5/plexus-utils-1.4.5.pom
2024-02-18T03:59:44.4938604Z [INFO] Downloaded from central: https://repo.maven.apache.org/maven2/org/codehaus/plexus/plexus-utils/1.4.5/plexus-utils-1.4.5.pom (2.3 kB at 113 kB/s)
2024-02-18T03:59:44.4956190Z [INFO] Downloading from central: https://repo.maven.apache.org/maven2/org/codehaus/plexus/plexus-classworlds/2.2.2/plexus-classworlds-2.2.2.pom
2024-02-18T03:59:44.5142915Z [INFO] Downloaded from central: https://repo.maven.apache.org/maven2/org/codehaus/plexus/plexus-classworlds/2.2.2/plexus-classworlds-2.2.2.pom (4.0 kB at 212 kB/s)
2024-02-18T03:59:44.5157483Z [INFO] Downloading from central: https://repo.maven.apache.org/maven2/org/apache/xbean/xbean-reflect/3.4/xbean-reflect-3.4.pom
2024-02-18T03:59:44.5339614Z [INFO] Downloaded from central: https://repo.maven.apache.org/maven2/org/apache/xbean/xbean-reflect/3.4/xbean-reflect-3.4.pom (2.8 kB at 156 kB/s)
2024-02-18T03:59:44.5349847Z [INFO] Downloading from central: https://repo.maven.apache.org/maven2/org/apache/xbean/xbean/3.4/xbean-3.4.pom
2024-02-18T03:59:44.5576179Z [INFO] Downloaded from central: https://repo.maven.apache.org/maven2/org/apache/xbean/xbean/3.4/xbean-3.4.pom (19 kB at 806 kB/s)
2024-02-18T03:59:44.5596866Z [INFO] Downloading from central: https://repo.maven.apache.org/maven2/log4j/log4j/1.2.12/log4j-1.2.12.pom
2024-02-18T03:59:44.5781288Z [INFO] Downloaded from central: https://repo.maven.apache.org/maven2/log4j/log4j/1.2.12/log4j-1.2.12.pom (145 B at 8.1 kB/s)
2024-02-18T03:59:44.5792940Z [INFO] Downloading from central: https://repo.maven.apache.org/maven2/commons-logging/commons-logging-api/1.1/commons-logging-api-1.1.pom
2024-02-18T03:59:44.5972412Z [INFO] Downloaded from central: https://repo.maven.apache.org/maven2/commons-logging/commons-logging-api/1.1/commons-logging-api-1.1.pom (5.3 kB at 297 kB/s)
2024-02-18T03:59:44.5987854Z [INFO] Downloading from central: https://repo.maven.apache.org/maven2/com/google/collections/google-collections/1.0/google-collections-1.0.pom
2024-02-18T03:59:44.6168265Z [INFO] Downloaded from central: https://repo.maven.apache.org/maven2/com/google/collections/google-collections/1.0/google-collections-1.0.pom (2.5 kB at 138 kB/s)
2024-02-18T03:59:44.6178151Z [INFO] Downloading from central: https://repo.maven.apache.org/maven2/com/google/google/1/google-1.pom
2024-02-18T03:59:44.6364987Z [INFO] Downloaded from central: https://repo.maven.apache.org/maven2/com/google/google/1/google-1.pom (1.6 kB at 82 kB/s)
2024-02-18T03:59:44.6377522Z [INFO] Downloading from central: https://repo.maven.apache.org/maven2/junit/junit/3.8.2/junit-3.8.2.pom
2024-02-18T03:59:44.6569342Z [INFO] Downloaded from central: https://repo.maven.apache.org/maven2/junit/junit/3.8.2/junit-3.8.2.pom (747 B at 39 kB/s)
2024-02-18T03:59:44.6617613Z [INFO] Downloading from central: https://repo.maven.apache.org/maven2/org/apache/maven/maven-plugin-api/2.0.9/maven-plugin-api-2.0.9.jar
2024-02-18T03:59:44.6621654Z [INFO] Downloading from central: https://repo.maven.apache.org/maven2/org/codehaus/plexus/plexus-utils/1.5.1/plexus-utils-1.5.1.jar
2024-02-18T03:59:44.6624586Z [INFO] Downloading from central: https://repo.maven.apache.org/maven2/org/apache/maven/maven-artifact/2.0.9/maven-artifact-2.0.9.jar
2024-02-18T03:59:44.6627571Z [INFO] Downloading from central: https://repo.maven.apache.org/maven2/org/apache/maven/maven-core/2.0.9/maven-core-2.0.9.jar
2024-02-18T03:59:44.6635803Z [INFO] Downloading from central: https://repo.maven.apache.org/maven2/org/apache/maven/maven-settings/2.0.9/maven-settings-2.0.9.jar
2024-02-18T03:59:44.6840190Z [INFO] Downloaded from central: https://repo.maven.apache.org/maven2/org/apache/maven/maven-plugin-api/2.0.9/maven-plugin-api-2.0.9.jar (13 kB at 586 kB/s)
2024-02-18T03:59:44.6843096Z [INFO] Downloading from central: https://repo.maven.apache.org/maven2/org/apache/maven/maven-plugin-parameter-documenter/2.0.9/maven-plugin-parameter-documenter-2.0.9.jar
2024-02-18T03:59:44.6846387Z [INFO] Downloaded from central: https://repo.maven.apache.org/maven2/org/apache/maven/maven-artifact/2.0.9/maven-artifact-2.0.9.jar (89 kB at 3.9 MB/s)
2024-02-18T03:59:44.6849119Z [INFO] Downloading from central: https://repo.maven.apache.org/maven2/org/apache/maven/maven-profile/2.0.9/maven-profile-2.0.9.jar
2024-02-18T03:59:44.6851509Z [INFO] Downloaded from central: https://repo.maven.apache.org/maven2/org/apache/maven/maven-settings/2.0.9/maven-settings-2.0.9.jar (49 kB at 2.2 MB/s)
2024-02-18T03:59:44.6852972Z [INFO] Downloading from central: https://repo.maven.apache.org/maven2/org/apache/maven/maven-model/2.0.9/maven-model-2.0.9.jar
2024-02-18T03:59:44.6866076Z [INFO] Downloaded from central: https://repo.maven.apache.org/maven2/org/apache/maven/maven-core/2.0.9/maven-core-2.0.9.jar (160 kB at 6.4 MB/s)
2024-02-18T03:59:44.6869301Z [INFO] Downloading from central: https://repo.maven.apache.org/maven2/org/apache/maven/maven-repository-metadata/2.0.9/maven-repository-metadata-2.0.9.jar
2024-02-18T03:59:44.6872438Z [INFO] Downloaded from central: https://repo.maven.apache.org/maven2/org/codehaus/plexus/plexus-utils/1.5.1/plexus-utils-1.5.1.jar (211 kB at 8.4 MB/s)
2024-02-18T03:59:44.6875682Z [INFO] Downloading from central: https://repo.maven.apache.org/maven2/org/apache/maven/maven-error-diagnostics/2.0.9/maven-error-diagnostics-2.0.9.jar
2024-02-18T03:59:44.7045931Z [INFO] Downloaded from central: https://repo.maven.apache.org/maven2/org/apache/maven/maven-repository-metadata/2.0.9/maven-repository-metadata-2.0.9.jar (25 kB at 585 kB/s)
2024-02-18T03:59:44.7049328Z [INFO] Downloading from central: https://repo.maven.apache.org/maven2/org/apache/maven/maven-project/2.0.9/maven-project-2.0.9.jar
2024-02-18T03:59:44.7052523Z [INFO] Downloaded from central: https://repo.maven.apache.org/maven2/org/apache/maven/maven-profile/2.0.9/maven-profile-2.0.9.jar (35 kB at 842 kB/s)
2024-02-18T03:59:44.7055350Z [INFO] Downloading from central: https://repo.maven.apache.org/maven2/org/apache/maven/maven-plugin-registry/2.0.9/maven-plugin-registry-2.0.9.jar
2024-02-18T03:59:44.7058490Z [INFO] Downloaded from central: https://repo.maven.apache.org/maven2/org/apache/maven/maven-error-diagnostics/2.0.9/maven-error-diagnostics-2.0.9.jar (14 kB at 321 kB/s)
2024-02-18T03:59:44.7061687Z [INFO] Downloading from central: https://repo.maven.apache.org/maven2/org/apache/maven/maven-plugin-descriptor/2.0.9/maven-plugin-descriptor-2.0.9.jar
2024-02-18T03:59:44.7068816Z [INFO] Downloaded from central: https://repo.maven.apache.org/maven2/org/apache/maven/maven-plugin-parameter-documenter/2.0.9/maven-plugin-parameter-documenter-2.0.9.jar (21 kB at 474 kB/s)
2024-02-18T03:59:44.7072180Z [INFO] Downloading from central: https://repo.maven.apache.org/maven2/org/apache/maven/maven-artifact-manager/2.0.9/maven-artifact-manager-2.0.9.jar
2024-02-18T03:59:44.7079361Z [INFO] Downloaded from central: https://repo.maven.apache.org/maven2/org/apache/maven/maven-model/2.0.9/maven-model-2.0.9.jar (87 kB at 1.9 MB/s)
2024-02-18T03:59:44.7081937Z [INFO] Downloading from central: https://repo.maven.apache.org/maven2/org/apache/maven/maven-monitor/2.0.9/maven-monitor-2.0.9.jar
2024-02-18T03:59:44.7251214Z [INFO] Downloaded from central: https://repo.maven.apache.org/maven2/org/apache/maven/maven-plugin-registry/2.0.9/maven-plugin-registry-2.0.9.jar (29 kB at 469 kB/s)
2024-02-18T03:59:44.7258829Z [INFO] Downloading from central: https://repo.maven.apache.org/maven2/org/apache/maven/maven-toolchain/1.0/maven-toolchain-1.0.jar
2024-02-18T03:59:44.7260653Z [INFO] Downloaded from central: https://repo.maven.apache.org/maven2/org/apache/maven/maven-plugin-descriptor/2.0.9/maven-plugin-descriptor-2.0.9.jar (37 kB at 588 kB/s)
2024-02-18T03:59:44.7262711Z [INFO] Downloading from central: https://repo.maven.apache.org/maven2/org/apache/maven/shared/maven-shared-utils/0.1/maven-shared-utils-0.1.jar
2024-02-18T03:59:44.7275018Z [INFO] Downloaded from central: https://repo.maven.apache.org/maven2/org/apache/maven/maven-project/2.0.9/maven-project-2.0.9.jar (122 kB at 1.9 MB/s)
2024-02-18T03:59:44.7277556Z [INFO] Downloading from central: https://repo.maven.apache.org/maven2/com/google/code/findbugs/jsr305/2.0.1/jsr305-2.0.1.jar
2024-02-18T03:59:44.7283662Z [INFO] Downloaded from central: https://repo.maven.apache.org/maven2/org/apache/maven/maven-artifact-manager/2.0.9/maven-artifact-manager-2.0.9.jar (58 kB at 876 kB/s)
2024-02-18T03:59:44.7285410Z [INFO] Downloading from central: https://repo.maven.apache.org/maven2/org/apache/maven/shared/maven-shared-incremental/1.1/maven-shared-incremental-1.1.jar
2024-02-18T03:59:44.7294838Z [INFO] Downloaded from central: https://repo.maven.apache.org/maven2/org/apache/maven/maven-monitor/2.0.9/maven-monitor-2.0.9.jar (10 kB at 153 kB/s)
2024-02-18T03:59:44.7296678Z [INFO] Downloading from central: https://repo.maven.apache.org/maven2/org/codehaus/plexus/plexus-component-annotations/1.5.5/plexus-component-annotations-1.5.5.jar
2024-02-18T03:59:44.7472962Z [INFO] Downloaded from central: https://repo.maven.apache.org/maven2/org/apache/maven/maven-toolchain/1.0/maven-toolchain-1.0.jar (33 kB at 387 kB/s)
2024-02-18T03:59:44.7475187Z [INFO] Downloading from central: https://repo.maven.apache.org/maven2/org/codehaus/plexus/plexus-compiler-api/2.2/plexus-compiler-api-2.2.jar
2024-02-18T03:59:44.7485998Z [INFO] Downloaded from central: https://repo.maven.apache.org/maven2/org/apache/maven/shared/maven-shared-incremental/1.1/maven-shared-incremental-1.1.jar (14 kB at 157 kB/s)
2024-02-18T03:59:44.7489433Z [INFO] Downloading from central: https://repo.maven.apache.org/maven2/org/codehaus/plexus/plexus-compiler-manager/2.2/plexus-compiler-manager-2.2.jar
2024-02-18T03:59:44.7494714Z [INFO] Downloaded from central: https://repo.maven.apache.org/maven2/org/codehaus/plexus/plexus-component-annotations/1.5.5/plexus-component-annotations-1.5.5.jar (4.2 kB at 48 kB/s)
2024-02-18T03:59:44.7499686Z [INFO] Downloaded from central: https://repo.maven.apache.org/maven2/com/google/code/findbugs/jsr305/2.0.1/jsr305-2.0.1.jar (32 kB at 366 kB/s)
2024-02-18T03:59:44.7502404Z [INFO] Downloading from central: https://repo.maven.apache.org/maven2/org/codehaus/plexus/plexus-container-default/1.5.5/plexus-container-default-1.5.5.jar
2024-02-18T03:59:44.7505638Z [INFO] Downloaded from central: https://repo.maven.apache.org/maven2/org/apache/maven/shared/maven-shared-utils/0.1/maven-shared-utils-0.1.jar (155 kB at 1.8 MB/s)
2024-02-18T03:59:44.7508801Z [INFO] Downloading from central: https://repo.maven.apache.org/maven2/org/codehaus/plexus/plexus-compiler-javac/2.2/plexus-compiler-javac-2.2.jar
2024-02-18T03:59:44.7515255Z [INFO] Downloading from central: https://repo.maven.apache.org/maven2/org/codehaus/plexus/plexus-classworlds/2.2.2/plexus-classworlds-2.2.2.jar
2024-02-18T03:59:44.7714852Z [INFO] Downloaded from central: https://repo.maven.apache.org/maven2/org/codehaus/plexus/plexus-compiler-api/2.2/plexus-compiler-api-2.2.jar (25 kB at 229 kB/s)
2024-02-18T03:59:44.7717681Z [INFO] Downloading from central: https://repo.maven.apache.org/maven2/org/apache/xbean/xbean-reflect/3.4/xbean-reflect-3.4.jar
2024-02-18T03:59:44.7720404Z [INFO] Downloaded from central: https://repo.maven.apache.org/maven2/org/codehaus/plexus/plexus-classworlds/2.2.2/plexus-classworlds-2.2.2.jar (46 kB at 427 kB/s)
2024-02-18T03:59:44.7722954Z [INFO] Downloading from central: https://repo.maven.apache.org/maven2/log4j/log4j/1.2.12/log4j-1.2.12.jar
2024-02-18T03:59:44.7725453Z [INFO] Downloaded from central: https://repo.maven.apache.org/maven2/org/codehaus/plexus/plexus-compiler-javac/2.2/plexus-compiler-javac-2.2.jar (19 kB at 176 kB/s)
2024-02-18T03:59:44.7728127Z [INFO] Downloading from central: https://repo.maven.apache.org/maven2/commons-logging/commons-logging-api/1.1/commons-logging-api-1.1.jar
2024-02-18T03:59:44.7739498Z [INFO] Downloaded from central: https://repo.maven.apache.org/maven2/org/codehaus/plexus/plexus-container-default/1.5.5/plexus-container-default-1.5.5.jar (217 kB at 2.0 MB/s)
2024-02-18T03:59:44.7747092Z [INFO] Downloaded from central: https://repo.maven.apache.org/maven2/org/codehaus/plexus/plexus-compiler-manager/2.2/plexus-compiler-manager-2.2.jar (4.6 kB at 41 kB/s)
2024-02-18T03:59:44.7749047Z [INFO] Downloading from central: https://repo.maven.apache.org/maven2/com/google/collections/google-collections/1.0/google-collections-1.0.jar
2024-02-18T03:59:44.7750479Z [INFO] Downloading from central: https://repo.maven.apache.org/maven2/junit/junit/3.8.2/junit-3.8.2.jar
2024-02-18T03:59:44.7924570Z [INFO] Downloaded from central: https://repo.maven.apache.org/maven2/commons-logging/commons-logging-api/1.1/commons-logging-api-1.1.jar (45 kB at 346 kB/s)
2024-02-18T03:59:44.7934645Z [INFO] Downloaded from central: https://repo.maven.apache.org/maven2/org/apache/xbean/xbean-reflect/3.4/xbean-reflect-3.4.jar (134 kB at 1.0 MB/s)
2024-02-18T03:59:44.7971943Z [INFO] Downloaded from central: https://repo.maven.apache.org/maven2/junit/junit/3.8.2/junit-3.8.2.jar (121 kB at 907 kB/s)
2024-02-18T03:59:44.7989062Z [INFO] Downloaded from central: https://repo.maven.apache.org/maven2/log4j/log4j/1.2.12/log4j-1.2.12.jar (358 kB at 2.7 MB/s)
2024-02-18T03:59:44.8064785Z [INFO] Downloaded from central: https://repo.maven.apache.org/maven2/com/google/collections/google-collections/1.0/google-collections-1.0.jar (640 kB at 4.5 MB/s)
2024-02-18T03:59:44.8449251Z [INFO] No sources to compile
2024-02-18T03:59:44.8451305Z [INFO]
2024-02-18T03:59:44.8453561Z [INFO] --- maven-resources-plugin:2.6:testResources (default-testResources) @ AsciidoctorDemo ---
2024-02-18T03:59:44.8466207Z [INFO] Using 'UTF-8' encoding to copy filtered resources.
2024-02-18T03:59:44.8471795Z [INFO] Copying 1 resource
2024-02-18T03:59:44.8475653Z [INFO]
2024-02-18T03:59:44.8478041Z [INFO] --- maven-compiler-plugin:3.1:testCompile (default-testCompile) @ AsciidoctorDemo ---
2024-02-18T03:59:44.8577415Z [INFO] Changes detected - recompiling the module!
2024-02-18T03:59:44.8601214Z [INFO] Compiling 1 source file to /home/runner/work/Asciidoctor_HTMLContainsCRLFOnWindows/Asciidoctor_HTMLContainsCRLFOnWindows/target/test-classes
2024-02-18T03:59:45.2144786Z [INFO]
2024-02-18T03:59:45.2146399Z [INFO] --- maven-surefire-plugin:2.12.4:test (default-test) @ AsciidoctorDemo ---
2024-02-18T03:59:45.2184939Z [INFO] Downloading from central: https://repo.maven.apache.org/maven2/org/apache/maven/surefire/surefire-booter/2.12.4/surefire-booter-2.12.4.pom
2024-02-18T03:59:45.2417219Z [INFO] Downloaded from central: https://repo.maven.apache.org/maven2/org/apache/maven/surefire/surefire-booter/2.12.4/surefire-booter-2.12.4.pom (3.0 kB at 132 kB/s)
2024-02-18T03:59:45.2440128Z [INFO] Downloading from central: https://repo.maven.apache.org/maven2/org/apache/maven/surefire/surefire-api/2.12.4/surefire-api-2.12.4.pom
2024-02-18T03:59:45.2659307Z [INFO] Downloaded from central: https://repo.maven.apache.org/maven2/org/apache/maven/surefire/surefire-api/2.12.4/surefire-api-2.12.4.pom (2.5 kB at 113 kB/s)
2024-02-18T03:59:45.2682272Z [INFO] Downloading from central: https://repo.maven.apache.org/maven2/org/apache/maven/surefire/maven-surefire-common/2.12.4/maven-surefire-common-2.12.4.pom
2024-02-18T03:59:45.2903369Z [INFO] Downloaded from central: https://repo.maven.apache.org/maven2/org/apache/maven/surefire/maven-surefire-common/2.12.4/maven-surefire-common-2.12.4.pom (5.5 kB at 240 kB/s)
2024-02-18T03:59:45.2923087Z [INFO] Downloading from central: https://repo.maven.apache.org/maven2/org/apache/maven/plugin-tools/maven-plugin-annotations/3.1/maven-plugin-annotations-3.1.pom
2024-02-18T03:59:45.3113624Z [INFO] Downloaded from central: https://repo.maven.apache.org/maven2/org/apache/maven/plugin-tools/maven-plugin-annotations/3.1/maven-plugin-annotations-3.1.pom (1.6 kB at 85 kB/s)
2024-02-18T03:59:45.3121630Z [INFO] Downloading from central: https://repo.maven.apache.org/maven2/org/apache/maven/plugin-tools/maven-plugin-tools/3.1/maven-plugin-tools-3.1.pom
2024-02-18T03:59:45.3317709Z [INFO] Downloaded from central: https://repo.maven.apache.org/maven2/org/apache/maven/plugin-tools/maven-plugin-tools/3.1/maven-plugin-tools-3.1.pom (16 kB at 809 kB/s)
2024-02-18T03:59:45.3359417Z [INFO] Downloading from central: https://repo.maven.apache.org/maven2/org/apache/maven/reporting/maven-reporting-api/2.0.9/maven-reporting-api-2.0.9.pom
2024-02-18T03:59:45.3555918Z [INFO] Downloaded from central: https://repo.maven.apache.org/maven2/org/apache/maven/reporting/maven-reporting-api/2.0.9/maven-reporting-api-2.0.9.pom (1.8 kB at 90 kB/s)
2024-02-18T03:59:45.3564688Z [INFO] Downloading from central: https://repo.maven.apache.org/maven2/org/apache/maven/reporting/maven-reporting/2.0.9/maven-reporting-2.0.9.pom
2024-02-18T03:59:45.3757283Z [INFO] Downloaded from central: https://repo.maven.apache.org/maven2/org/apache/maven/reporting/maven-reporting/2.0.9/maven-reporting-2.0.9.pom (1.5 kB at 78 kB/s)
2024-02-18T03:59:45.3785982Z [INFO] Downloading from central: https://repo.maven.apache.org/maven2/org/apache/maven/maven-toolchain/2.0.9/maven-toolchain-2.0.9.pom
2024-02-18T03:59:45.4000372Z [INFO] Downloaded from central: https://repo.maven.apache.org/maven2/org/apache/maven/maven-toolchain/2.0.9/maven-toolchain-2.0.9.pom (3.5 kB at 166 kB/s)
2024-02-18T03:59:45.4020611Z [INFO] Downloading from central: https://repo.maven.apache.org/maven2/org/apache/commons/commons-lang3/3.1/commons-lang3-3.1.pom
2024-02-18T03:59:45.4225377Z [INFO] Downloaded from central: https://repo.maven.apache.org/maven2/org/apache/commons/commons-lang3/3.1/commons-lang3-3.1.pom (17 kB at 796 kB/s)
2024-02-18T03:59:45.4237307Z [INFO] Downloading from central: https://repo.maven.apache.org/maven2/org/apache/commons/commons-parent/22/commons-parent-22.pom
2024-02-18T03:59:45.4582779Z [INFO] Downloaded from central: https://repo.maven.apache.org/maven2/org/apache/commons/commons-parent/22/commons-parent-22.pom (42 kB at 1.2 MB/s)
2024-02-18T03:59:45.4608543Z [INFO] Downloading from central: https://repo.maven.apache.org/maven2/org/apache/apache/9/apache-9.pom
2024-02-18T03:59:45.4810589Z [INFO] Downloaded from central: https://repo.maven.apache.org/maven2/org/apache/apache/9/apache-9.pom (15 kB at 758 kB/s)
2024-02-18T03:59:45.4839135Z [INFO] Downloading from central: https://repo.maven.apache.org/maven2/org/apache/maven/shared/maven-common-artifact-filters/1.3/maven-common-artifact-filters-1.3.pom
2024-02-18T03:59:45.5045404Z [INFO] Downloaded from central: https://repo.maven.apache.org/maven2/org/apache/maven/shared/maven-common-artifact-filters/1.3/maven-common-artifact-filters-1.3.pom (3.7 kB at 176 kB/s)
2024-02-18T03:59:45.5055175Z [INFO] Downloading from central: https://repo.maven.apache.org/maven2/org/apache/maven/shared/maven-shared-components/12/maven-shared-components-12.pom
2024-02-18T03:59:45.5246937Z [INFO] Downloaded from central: https://repo.maven.apache.org/maven2/org/apache/maven/shared/maven-shared-components/12/maven-shared-components-12.pom (9.3 kB at 491 kB/s)
2024-02-18T03:59:45.5258087Z [INFO] Downloading from central: https://repo.maven.apache.org/maven2/org/apache/maven/maven-parent/13/maven-parent-13.pom
2024-02-18T03:59:45.5454760Z [INFO] Downloaded from central: https://repo.maven.apache.org/maven2/org/apache/maven/maven-parent/13/maven-parent-13.pom (23 kB at 1.1 MB/s)
2024-02-18T03:59:45.5466838Z [INFO] Downloading from central: https://repo.maven.apache.org/maven2/org/apache/apache/6/apache-6.pom
2024-02-18T03:59:45.5667423Z [INFO] Downloaded from central: https://repo.maven.apache.org/maven2/org/apache/apache/6/apache-6.pom (13 kB at 640 kB/s)
2024-02-18T03:59:45.5712345Z [INFO] Downloading from central: https://repo.maven.apache.org/maven2/org/codehaus/plexus/plexus-container-default/1.0-alpha-9/plexus-container-default-1.0-alpha-9.pom
2024-02-18T03:59:45.5949764Z [INFO] Downloaded from central: https://repo.maven.apache.org/maven2/org/codehaus/plexus/plexus-container-default/1.0-alpha-9/plexus-container-default-1.0-alpha-9.pom (1.2 kB at 52 kB/s)
2024-02-18T03:59:45.6023004Z [INFO] Downloading from central: https://repo.maven.apache.org/maven2/org/apache/maven/surefire/surefire-booter/2.12.4/surefire-booter-2.12.4.jar
2024-02-18T03:59:45.6025904Z [INFO] Downloading from central: https://repo.maven.apache.org/maven2/org/apache/maven/surefire/surefire-api/2.12.4/surefire-api-2.12.4.jar
2024-02-18T03:59:45.6029369Z [INFO] Downloading from central: https://repo.maven.apache.org/maven2/org/apache/maven/surefire/maven-surefire-common/2.12.4/maven-surefire-common-2.12.4.jar
2024-02-18T03:59:45.6032624Z [INFO] Downloading from central: https://repo.maven.apache.org/maven2/org/apache/commons/commons-lang3/3.1/commons-lang3-3.1.jar
2024-02-18T03:59:45.6047277Z [INFO] Downloading from central: https://repo.maven.apache.org/maven2/org/apache/maven/shared/maven-common-artifact-filters/1.3/maven-common-artifact-filters-1.3.jar
2024-02-18T03:59:45.6231411Z [INFO] Downloaded from central: https://repo.maven.apache.org/maven2/org/apache/maven/surefire/surefire-booter/2.12.4/surefire-booter-2.12.4.jar (35 kB at 1.7 MB/s)
2024-02-18T03:59:45.6234285Z [INFO] Downloading from central: https://repo.maven.apache.org/maven2/org/codehaus/plexus/plexus-utils/3.0.8/plexus-utils-3.0.8.jar
2024-02-18T03:59:45.6248878Z [INFO] Downloaded from central: https://repo.maven.apache.org/maven2/org/apache/maven/surefire/surefire-api/2.12.4/surefire-api-2.12.4.jar (118 kB at 5.1 MB/s)
2024-02-18T03:59:45.6251020Z [INFO] Downloading from central: https://repo.maven.apache.org/maven2/org/apache/maven/reporting/maven-reporting-api/2.0.9/maven-reporting-api-2.0.9.jar
2024-02-18T03:59:45.6270409Z [INFO] Downloaded from central: https://repo.maven.apache.org/maven2/org/apache/maven/shared/maven-common-artifact-filters/1.3/maven-common-artifact-filters-1.3.jar (31 kB at 1.3 MB/s)
2024-02-18T03:59:45.6273074Z [INFO] Downloading from central: https://repo.maven.apache.org/maven2/org/apache/maven/maven-toolchain/2.0.9/maven-toolchain-2.0.9.jar
2024-02-18T03:59:45.6311251Z [INFO] Downloaded from central: https://repo.maven.apache.org/maven2/org/apache/maven/surefire/maven-surefire-common/2.12.4/maven-surefire-common-2.12.4.jar (263 kB at 9.4 MB/s)
2024-02-18T03:59:45.6314512Z [INFO] Downloading from central: https://repo.maven.apache.org/maven2/org/apache/maven/plugin-tools/maven-plugin-annotations/3.1/maven-plugin-annotations-3.1.jar
2024-02-18T03:59:45.6326871Z [INFO] Downloaded from central: https://repo.maven.apache.org/maven2/org/apache/commons/commons-lang3/3.1/commons-lang3-3.1.jar (316 kB at 11 MB/s)
2024-02-18T03:59:45.6429760Z [INFO] Downloaded from central: https://repo.maven.apache.org/maven2/org/apache/maven/reporting/maven-reporting-api/2.0.9/maven-reporting-api-2.0.9.jar (10 kB at 260 kB/s)
2024-02-18T03:59:45.6467455Z [INFO] Downloaded from central: https://repo.maven.apache.org/maven2/org/codehaus/plexus/plexus-utils/3.0.8/plexus-utils-3.0.8.jar (232 kB at 5.4 MB/s)
2024-02-18T03:59:45.6472603Z [INFO] Downloaded from central: https://repo.maven.apache.org/maven2/org/apache/maven/maven-toolchain/2.0.9/maven-toolchain-2.0.9.jar (38 kB at 863 kB/s)
2024-02-18T03:59:45.6509331Z [INFO] Downloaded from central: https://repo.maven.apache.org/maven2/org/apache/maven/plugin-tools/maven-plugin-annotations/3.1/maven-plugin-annotations-3.1.jar (14 kB at 305 kB/s)
2024-02-18T03:59:45.6894154Z [INFO] Surefire report directory: /home/runner/work/Asciidoctor_HTMLContainsCRLFOnWindows/Asciidoctor_HTMLContainsCRLFOnWindows/target/surefire-reports
2024-02-18T03:59:45.7177804Z [INFO] Downloading from central: https://repo.maven.apache.org/maven2/org/apache/maven/surefire/surefire-junit4/2.12.4/surefire-junit4-2.12.4.pom
2024-02-18T03:59:45.7394414Z [INFO] Downloaded from central: https://repo.maven.apache.org/maven2/org/apache/maven/surefire/surefire-junit4/2.12.4/surefire-junit4-2.12.4.pom (2.4 kB at 110 kB/s)
2024-02-18T03:59:45.7408286Z [INFO] Downloading from central: https://repo.maven.apache.org/maven2/org/apache/maven/surefire/surefire-providers/2.12.4/surefire-providers-2.12.4.pom
2024-02-18T03:59:45.7661510Z [INFO] Downloaded from central: https://repo.maven.apache.org/maven2/org/apache/maven/surefire/surefire-providers/2.12.4/surefire-providers-2.12.4.pom (2.3 kB at 94 kB/s)
2024-02-18T03:59:45.7845779Z [INFO] Downloading from central: https://repo.maven.apache.org/maven2/org/apache/maven/surefire/surefire-junit4/2.12.4/surefire-junit4-2.12.4.jar
2024-02-18T03:59:45.8055705Z [INFO] Downloaded from central: https://repo.maven.apache.org/maven2/org/apache/maven/surefire/surefire-junit4/2.12.4/surefire-junit4-2.12.4.jar (37 kB at 1.8 MB/s)
2024-02-18T03:59:45.8107228Z
2024-02-18T03:59:45.8107831Z -------------------------------------------------------
2024-02-18T03:59:45.8108939Z  T E S T S
2024-02-18T03:59:45.8111346Z -------------------------------------------------------
2024-02-18T03:59:45.9459184Z Running dev.aspectj.AsciidoctorDemoTest
2024-02-18T03:59:50.0792679Z Tests run: 2, Failures: 0, Errors: 0, Skipped: 0, Time elapsed: 4.131 sec
2024-02-18T03:59:50.1011585Z
2024-02-18T03:59:50.1012820Z Results :
2024-02-18T03:59:50.1013203Z
2024-02-18T03:59:50.1036261Z Tests run: 2, Failures: 0, Errors: 0, Skipped: 0
2024-02-18T03:59:50.1037055Z
2024-02-18T03:59:50.1042990Z [INFO]
2024-02-18T03:59:50.1044028Z [INFO] --- maven-jar-plugin:2.4:jar (default-jar) @ AsciidoctorDemo ---
2024-02-18T03:59:50.1086834Z [INFO] Downloading from central: https://repo.maven.apache.org/maven2/org/apache/maven/maven-archiver/2.5/maven-archiver-2.5.pom
2024-02-18T03:59:50.1346583Z [INFO] Downloaded from central: https://repo.maven.apache.org/maven2/org/apache/maven/maven-archiver/2.5/maven-archiver-2.5.pom (4.5 kB at 175 kB/s)
2024-02-18T03:59:50.1384956Z [INFO] Downloading from central: https://repo.maven.apache.org/maven2/org/codehaus/plexus/plexus-archiver/2.1/plexus-archiver-2.1.pom
2024-02-18T03:59:50.1568022Z [INFO] Downloaded from central: https://repo.maven.apache.org/maven2/org/codehaus/plexus/plexus-archiver/2.1/plexus-archiver-2.1.pom (2.8 kB at 156 kB/s)
2024-02-18T03:59:50.1584839Z [INFO] Downloading from central: https://repo.maven.apache.org/maven2/org/codehaus/plexus/plexus-io/2.0.2/plexus-io-2.0.2.pom
2024-02-18T03:59:50.1812191Z [INFO] Downloaded from central: https://repo.maven.apache.org/maven2/org/codehaus/plexus/plexus-io/2.0.2/plexus-io-2.0.2.pom (1.7 kB at 75 kB/s)
2024-02-18T03:59:50.1819561Z [INFO] Downloading from central: https://repo.maven.apache.org/maven2/org/codehaus/plexus/plexus-components/1.1.19/plexus-components-1.1.19.pom
2024-02-18T03:59:50.2003868Z [INFO] Downloaded from central: https://repo.maven.apache.org/maven2/org/codehaus/plexus/plexus-components/1.1.19/plexus-components-1.1.19.pom (2.7 kB at 142 kB/s)
2024-02-18T03:59:50.2012744Z [INFO] Downloading from central: https://repo.maven.apache.org/maven2/org/codehaus/plexus/plexus/3.0.1/plexus-3.0.1.pom
2024-02-18T03:59:50.2205547Z [INFO] Downloaded from central: https://repo.maven.apache.org/maven2/org/codehaus/plexus/plexus/3.0.1/plexus-3.0.1.pom (19 kB at 980 kB/s)
2024-02-18T03:59:50.2223962Z [INFO] Downloading from central: https://repo.maven.apache.org/maven2/org/codehaus/plexus/plexus-interpolation/1.15/plexus-interpolation-1.15.pom
2024-02-18T03:59:50.2444538Z [INFO] Downloaded from central: https://repo.maven.apache.org/maven2/org/codehaus/plexus/plexus-interpolation/1.15/plexus-interpolation-1.15.pom (1.0 kB at 46 kB/s)
2024-02-18T03:59:50.2457873Z [INFO] Downloading from central: https://repo.maven.apache.org/maven2/commons-lang/commons-lang/2.1/commons-lang-2.1.pom
2024-02-18T03:59:50.2657264Z [INFO] Downloaded from central: https://repo.maven.apache.org/maven2/commons-lang/commons-lang/2.1/commons-lang-2.1.pom (9.9 kB at 496 kB/s)
2024-02-18T03:59:50.2708904Z [INFO] Downloading from central: https://repo.maven.apache.org/maven2/classworlds/classworlds/1.1-alpha-2/classworlds-1.1-alpha-2.jar
2024-02-18T03:59:50.2711495Z [INFO] Downloading from central: https://repo.maven.apache.org/maven2/org/apache/maven/maven-archiver/2.5/maven-archiver-2.5.jar
2024-02-18T03:59:50.2717720Z [INFO] Downloading from central: https://repo.maven.apache.org/maven2/org/codehaus/plexus/plexus-interpolation/1.15/plexus-interpolation-1.15.jar
2024-02-18T03:59:50.2720430Z [INFO] Downloading from central: https://repo.maven.apache.org/maven2/org/codehaus/plexus/plexus-archiver/2.1/plexus-archiver-2.1.jar
2024-02-18T03:59:50.2722869Z [INFO] Downloading from central: https://repo.maven.apache.org/maven2/org/codehaus/plexus/plexus-io/2.0.2/plexus-io-2.0.2.jar
2024-02-18T03:59:50.2930950Z [INFO] Downloaded from central: https://repo.maven.apache.org/maven2/org/apache/maven/maven-archiver/2.5/maven-archiver-2.5.jar (22 kB at 992 kB/s)
2024-02-18T03:59:50.2933223Z [INFO] Downloading from central: https://repo.maven.apache.org/maven2/commons-lang/commons-lang/2.1/commons-lang-2.1.jar
2024-02-18T03:59:50.2937280Z [INFO] Downloaded from central: https://repo.maven.apache.org/maven2/classworlds/classworlds/1.1-alpha-2/classworlds-1.1-alpha-2.jar (38 kB at 1.6 MB/s)
2024-02-18T03:59:50.2942852Z [INFO] Downloaded from central: https://repo.maven.apache.org/maven2/org/codehaus/plexus/plexus-io/2.0.2/plexus-io-2.0.2.jar (58 kB at 2.5 MB/s)
2024-02-18T03:59:50.2949646Z [INFO] Downloaded from central: https://repo.maven.apache.org/maven2/org/codehaus/plexus/plexus-archiver/2.1/plexus-archiver-2.1.jar (184 kB at 7.7 MB/s)
2024-02-18T03:59:50.3158608Z [INFO] Downloaded from central: https://repo.maven.apache.org/maven2/commons-lang/commons-lang/2.1/commons-lang-2.1.jar (208 kB at 4.7 MB/s)
2024-02-18T03:59:50.3224187Z [INFO] Downloaded from central: https://repo.maven.apache.org/maven2/org/codehaus/plexus/plexus-interpolation/1.15/plexus-interpolation-1.15.jar (60 kB at 1.2 MB/s)
2024-02-18T03:59:50.3972144Z [INFO] Building jar: /home/runner/work/Asciidoctor_HTMLContainsCRLFOnWindows/Asciidoctor_HTMLContainsCRLFOnWindows/target/AsciidoctorDemo-1.0-SNAPSHOT.jar
2024-02-18T03:59:50.4056446Z [INFO] ------------------------------------------------------------------------
2024-02-18T03:59:50.4057489Z [INFO] BUILD SUCCESS
2024-02-18T03:59:50.4059629Z [INFO] ------------------------------------------------------------------------
2024-02-18T03:59:50.4073215Z [INFO] Total time:  11.570 s
2024-02-18T03:59:50.4074703Z [INFO] Finished at: 2024-02-18T03:59:50Z
2024-02-18T03:59:50.4075935Z [INFO] ------------------------------------------------------------------------
2024-02-18T03:59:50.4406326Z Post job cleanup.
2024-02-18T03:59:50.5142856Z [command]/usr/bin/git version
2024-02-18T03:59:50.5184039Z git version 2.43.0
2024-02-18T03:59:50.5230850Z Temporarily overriding HOME='/home/runner/work/_temp/53cb530e-59e8-41bd-a41a-595a6739bcbf' before making global git config changes
2024-02-18T03:59:50.5232636Z Adding repository directory to the temporary git global config as a safe directory
2024-02-18T03:59:50.5236984Z [command]/usr/bin/git config --global --add safe.directory /home/runner/work/Asciidoctor_HTMLContainsCRLFOnWindows/Asciidoctor_HTMLContainsCRLFOnWindows
2024-02-18T03:59:50.5269316Z [command]/usr/bin/git config --local --name-only --get-regexp core\.sshCommand
2024-02-18T03:59:50.5300147Z [command]/usr/bin/git submodule foreach --recursive sh -c "git config --local --name-only --get-regexp 'core\.sshCommand' && git config --local --unset-all 'core.sshCommand' || :"
2024-02-18T03:59:50.5537847Z [command]/usr/bin/git config --local --name-only --get-regexp http\.https\:\/\/github\.com\/\.extraheader
2024-02-18T03:59:50.5558864Z http.https://github.com/.extraheader
2024-02-18T03:59:50.5570252Z [command]/usr/bin/git config --local --unset-all http.https://github.com/.extraheader
2024-02-18T03:59:50.5600207Z [command]/usr/bin/git submodule foreach --recursive sh -c "git config --local --name-only --get-regexp 'http\.https\:\/\/github\.com\/\.extraheader' && git config --local --unset-all 'http.https://github.com/.extraheader' || :"
2024-02-18T03:59:50.5975514Z Post job cleanup.
2024-02-18T03:59:50.7881848Z Cleaning up orphan processes