2024-02-11T16:55:50.9267941Z Requested labels: ubuntu-latest
2024-02-11T16:55:50.9268324Z Job defined at: cunla/ghactions-manager/.github/workflows/build.yml@refs/heads/master
2024-02-11T16:55:50.9268442Z Waiting for a runner to pick up this job...
2024-02-11T16:55:51.1915614Z Job is waiting for a hosted runner to come online.
2024-02-11T16:55:54.9763701Z Job is about to start running on the hosted runner: GitHub Actions 6 (hosted)
2024-02-11T16:55:57.0117943Z Current runner version: '2.312.0'
2024-02-11T16:55:57.0139000Z ##[group]Operating System
2024-02-11T16:55:57.0139749Z Ubuntu
2024-02-11T16:55:57.0140087Z 22.04.3
2024-02-11T16:55:57.0140390Z LTS
2024-02-11T16:55:57.0140796Z ##[endgroup]
2024-02-11T16:55:57.0141162Z ##[group]Runner Image
2024-02-11T16:55:57.0141568Z Image: ubuntu-22.04
2024-02-11T16:55:57.0142024Z Version: 20240204.1.0
2024-02-11T16:55:57.0143007Z Included Software: https://github.com/actions/runner-images/blob/ubuntu22/20240204.1/images/ubuntu/Ubuntu2204-Readme.md
2024-02-11T16:55:57.0144425Z Image Release: https://github.com/actions/runner-images/releases/tag/ubuntu22%2F20240204.1
2024-02-11T16:55:57.0145344Z ##[endgroup]
2024-02-11T16:55:57.0145752Z ##[group]Runner Image Provisioner
2024-02-11T16:55:57.0146198Z 2.0.341.1
2024-02-11T16:55:57.0146598Z ##[endgroup]
2024-02-11T16:55:57.0148710Z ##[group]GITHUB_TOKEN Permissions
2024-02-11T16:55:57.0150397Z Actions: write
2024-02-11T16:55:57.0150840Z Checks: write
2024-02-11T16:55:57.0151326Z Contents: write
2024-02-11T16:55:57.0151887Z Deployments: write
2024-02-11T16:55:57.0152323Z Discussions: write
2024-02-11T16:55:57.0152767Z Issues: write
2024-02-11T16:55:57.0153152Z Metadata: read
2024-02-11T16:55:57.0153844Z Packages: write
2024-02-11T16:55:57.0154338Z Pages: write
2024-02-11T16:55:57.0154706Z PullRequests: write
2024-02-11T16:55:57.0155083Z RepositoryProjects: write
2024-02-11T16:55:57.0155621Z SecurityEvents: write
2024-02-11T16:55:57.0156027Z Statuses: write
2024-02-11T16:55:57.0156362Z ##[endgroup]
2024-02-11T16:55:57.0159324Z Secret source: Actions
2024-02-11T16:55:57.0159891Z Prepare workflow directory
2024-02-11T16:55:57.0766435Z Prepare all required actions
2024-02-11T16:55:57.0921428Z Getting action download info
2024-02-11T16:55:57.3522477Z Download action repository 'actions/checkout@v4' (SHA:b4ffde65f46336ab88eb53be808477a3936bae11)
2024-02-11T16:55:57.4540707Z Download action repository 'gradle/wrapper-validation-action@v1.1.0' (SHA:56b90f209b02bf6d1deae490e9ef18b21a389cd4)
2024-02-11T16:55:57.6087370Z Download action repository 'actions/setup-java@v4' (SHA:387ac29b308b003ca37ba93a6cab5eb57c8f5f93)
2024-02-11T16:55:57.8657977Z Download action repository 'actions/upload-artifact@v4' (SHA:5d5d22a31266ced268874388b861e4b58bb5c2f3)
2024-02-11T16:55:58.1000888Z Download action repository 'actions/cache@v4' (SHA:13aacd865c20de90d75de3b17ebe84f7a17d57d2)
2024-02-11T16:55:58.3255868Z Complete job name: Build
2024-02-11T16:55:58.4108585Z ##[group]Run sudo rm -rf /usr/share/dotnet
2024-02-11T16:55:58.4109210Z [36;1msudo rm -rf /usr/share/dotnet[0m
2024-02-11T16:55:58.4109801Z [36;1msudo rm -rf /usr/local/lib/android[0m
2024-02-11T16:55:58.4110254Z [36;1msudo rm -rf /opt/ghc[0m
2024-02-11T16:55:58.4188687Z shell: /usr/bin/bash -e {0}
2024-02-11T16:55:58.4189092Z ##[endgroup]
2024-02-11T16:56:05.5131855Z ##[group]Run actions/checkout@v4
2024-02-11T16:56:05.5132254Z with:
2024-02-11T16:56:05.5132540Z   repository: cunla/ghactions-manager
2024-02-11T16:56:05.5133070Z   token: ***
2024-02-11T16:56:05.5133343Z   ssh-strict: true
2024-02-11T16:56:05.5133607Z   persist-credentials: true
2024-02-11T16:56:05.5133896Z   clean: true
2024-02-11T16:56:05.5134167Z   sparse-checkout-cone-mode: true
2024-02-11T16:56:05.5134492Z   fetch-depth: 1
2024-02-11T16:56:05.5134738Z   fetch-tags: false
2024-02-11T16:56:05.5135000Z   show-progress: true
2024-02-11T16:56:05.5135251Z   lfs: false
2024-02-11T16:56:05.5135501Z   submodules: false
2024-02-11T16:56:05.5135757Z   set-safe-directory: true
2024-02-11T16:56:05.5136036Z ##[endgroup]
2024-02-11T16:56:05.6595005Z Syncing repository: cunla/ghactions-manager
2024-02-11T16:56:05.6597331Z ##[group]Getting Git version info
2024-02-11T16:56:05.6598487Z Working directory is '/home/runner/work/ghactions-manager/ghactions-manager'
2024-02-11T16:56:05.6599947Z [command]/usr/bin/git version
2024-02-11T16:56:05.6610563Z git version 2.43.0
2024-02-11T16:56:05.6636135Z ##[endgroup]
2024-02-11T16:56:05.6654252Z Temporarily overriding HOME='/home/runner/work/_temp/b5cf4126-54e8-4feb-9866-6ad4b42d7853' before making global git config changes
2024-02-11T16:56:05.6656250Z Adding repository directory to the temporary git global config as a safe directory
2024-02-11T16:56:05.6657876Z [command]/usr/bin/git config --global --add safe.directory /home/runner/work/ghactions-manager/ghactions-manager
2024-02-11T16:56:05.6689610Z Deleting the contents of '/home/runner/work/ghactions-manager/ghactions-manager'
2024-02-11T16:56:05.6695740Z ##[group]Initializing the repository
2024-02-11T16:56:05.6699414Z [command]/usr/bin/git init /home/runner/work/ghactions-manager/ghactions-manager
2024-02-11T16:56:05.6755065Z hint: Using 'master' as the name for the initial branch. This default branch name
2024-02-11T16:56:05.6756419Z hint: is subject to change. To configure the initial branch name to use in all
2024-02-11T16:56:05.6757629Z hint: of your new repositories, which will suppress this warning, call:
2024-02-11T16:56:05.6758485Z hint:
2024-02-11T16:56:05.6759153Z hint: 	git config --global init.defaultBranch <name>
2024-02-11T16:56:05.6759861Z hint:
2024-02-11T16:56:05.6760361Z hint: Names commonly chosen instead of 'master' are 'main', 'trunk' and
2024-02-11T16:56:05.6761059Z hint: 'development'. The just-created branch can be renamed via this command:
2024-02-11T16:56:05.6761536Z hint:
2024-02-11T16:56:05.6761773Z hint: 	git branch -m <name>
2024-02-11T16:56:05.6768992Z Initialized empty Git repository in /home/runner/work/ghactions-manager/ghactions-manager/.git/
2024-02-11T16:56:05.6780625Z [command]/usr/bin/git remote add origin https://github.com/cunla/ghactions-manager
2024-02-11T16:56:05.6814585Z ##[endgroup]
2024-02-11T16:56:05.6815211Z ##[group]Disabling automatic garbage collection
2024-02-11T16:56:05.6818242Z [command]/usr/bin/git config --local gc.auto 0
2024-02-11T16:56:05.6848440Z ##[endgroup]
2024-02-11T16:56:05.6849697Z ##[group]Setting up auth
2024-02-11T16:56:05.6853845Z [command]/usr/bin/git config --local --name-only --get-regexp core\.sshCommand
2024-02-11T16:56:05.6881498Z [command]/usr/bin/git submodule foreach --recursive sh -c "git config --local --name-only --get-regexp 'core\.sshCommand' && git config --local --unset-all 'core.sshCommand' || :"
2024-02-11T16:56:05.7171282Z [command]/usr/bin/git config --local --name-only --get-regexp http\.https\:\/\/github\.com\/\.extraheader
2024-02-11T16:56:05.7197555Z [command]/usr/bin/git submodule foreach --recursive sh -c "git config --local --name-only --get-regexp 'http\.https\:\/\/github\.com\/\.extraheader' && git config --local --unset-all 'http.https://github.com/.extraheader' || :"
2024-02-11T16:56:05.7425732Z [command]/usr/bin/git config --local http.https://github.com/.extraheader AUTHORIZATION: basic ***
2024-02-11T16:56:05.7460331Z ##[endgroup]
2024-02-11T16:56:05.7461058Z ##[group]Fetching the repository
2024-02-11T16:56:05.7471006Z [command]/usr/bin/git -c protocol.version=2 fetch --no-tags --prune --no-recurse-submodules --depth=1 origin +8e6561b39073fba247634b3ebaf32a352fe819c5:refs/remotes/origin/master
2024-02-11T16:56:05.9825151Z From https://github.com/cunla/ghactions-manager
2024-02-11T16:56:05.9826233Z  * [new ref]         8e6561b39073fba247634b3ebaf32a352fe819c5 -> origin/master
2024-02-11T16:56:05.9853246Z ##[endgroup]
2024-02-11T16:56:05.9853863Z ##[group]Determining the checkout info
2024-02-11T16:56:05.9855837Z ##[endgroup]
2024-02-11T16:56:05.9856509Z ##[group]Checking out the ref
2024-02-11T16:56:05.9860518Z [command]/usr/bin/git checkout --progress --force -B master refs/remotes/origin/master
2024-02-11T16:56:06.0031536Z Reset branch 'master'
2024-02-11T16:56:06.0032263Z branch 'master' set up to track 'origin/master'.
2024-02-11T16:56:06.0041676Z ##[endgroup]
2024-02-11T16:56:06.0074264Z [command]/usr/bin/git log -1 --format='%H'
2024-02-11T16:56:06.0096844Z '8e6561b39073fba247634b3ebaf32a352fe819c5'
2024-02-11T16:56:06.0264094Z ##[group]Run gradle/wrapper-validation-action@v1.1.0
2024-02-11T16:56:06.0264521Z with:
2024-02-11T16:56:06.0264787Z   min-wrapper-count: 1
2024-02-11T16:56:06.0265069Z   allow-snapshots: false
2024-02-11T16:56:06.0265549Z ##[endgroup]
2024-02-11T16:56:06.9327159Z âœ“ Found known Gradle Wrapper JAR files:
2024-02-11T16:56:06.9328127Z   ed2c26eba7cfb93cc2b7785d05e534f07b5b48b5e7fc941921cd098628abca58 gradle/wrapper/gradle-wrapper.jar
2024-02-11T16:56:06.9509465Z ##[group]Run actions/setup-java@v4
2024-02-11T16:56:06.9509815Z with:
2024-02-11T16:56:06.9510022Z   distribution: zulu
2024-02-11T16:56:06.9510275Z   java-version: 17
2024-02-11T16:56:06.9510512Z   cache: gradle
2024-02-11T16:56:06.9510742Z   java-package: jdk
2024-02-11T16:56:06.9510990Z   check-latest: false
2024-02-11T16:56:06.9511253Z   server-id: github
2024-02-11T16:56:06.9511530Z   server-username: GITHUB_ACTOR
2024-02-11T16:56:06.9511841Z   server-password: GITHUB_TOKEN
2024-02-11T16:56:06.9512150Z   overwrite-settings: true
2024-02-11T16:56:06.9512443Z   job-status: success
2024-02-11T16:56:06.9512829Z   token: ***
2024-02-11T16:56:06.9513074Z ##[endgroup]
2024-02-11T16:56:07.1328293Z ##[group]Installed distributions
2024-02-11T16:56:07.1353654Z Trying to resolve the latest version from remote
2024-02-11T16:56:07.2046168Z Resolved latest version as 17.0.10+7
2024-02-11T16:56:07.2047167Z Trying to download...
2024-02-11T16:56:07.2048637Z Downloading Java 17.0.10+7 (Zulu) from https://cdn.azul.com/zulu/bin/zulu17.48.15-ca-crac-jdk17.0.10-linux_x64.tar.gz ...
2024-02-11T16:56:11.7817549Z Extracting Java archive...
2024-02-11T16:56:11.7927497Z [command]/usr/bin/tar xz --warning=no-unknown-keyword --overwrite -C /home/runner/work/_temp/dcf42e79-4020-4c7c-9a6d-af9139db2758 -f /home/runner/work/_temp/bdbabe0e-cf8b-4c17-9ec4-8fdd537bdefe
2024-02-11T16:56:14.6231248Z Java 17.0.10+7 was downloaded
2024-02-11T16:56:14.6235859Z Setting Java 17.0.10+7 as the default
2024-02-11T16:56:14.6256962Z Creating toolchains.xml for JDK version 17 from zulu
2024-02-11T16:56:14.6350129Z Writing to /home/runner/.m2/toolchains.xml
2024-02-11T16:56:14.6351134Z
2024-02-11T16:56:14.6351444Z Java configuration:
2024-02-11T16:56:14.6351881Z   Distribution: zulu
2024-02-11T16:56:14.6352333Z   Version: 17.0.10+7
2024-02-11T16:56:14.6353812Z   Path: /opt/hostedtoolcache/Java_Zulu_jdk/17.0.10-7/x64
2024-02-11T16:56:14.6354346Z
2024-02-11T16:56:14.6357692Z ##[endgroup]
2024-02-11T16:56:14.6379034Z Creating settings.xml with server-id: github
2024-02-11T16:56:14.6379717Z Writing to /home/runner/.m2/settings.xml
2024-02-11T16:56:20.8210183Z Received 184549376 of 2773128823 (6.7%), 176.0 MBs/sec
2024-02-11T16:56:21.8227290Z Received 339738624 of 2773128823 (12.3%), 161.8 MBs/sec
2024-02-11T16:56:22.8248047Z Received 507510784 of 2773128823 (18.3%), 161.1 MBs/sec
2024-02-11T16:56:23.8250759Z Received 687865856 of 2773128823 (24.8%), 163.8 MBs/sec
2024-02-11T16:56:24.8250628Z Received 864026624 of 2773128823 (31.2%), 164.7 MBs/sec
2024-02-11T16:56:25.8251746Z Received 1073741824 of 2773128823 (38.7%), 170.6 MBs/sec
2024-02-11T16:56:26.8253365Z Received 1245708288 of 2773128823 (44.9%), 169.6 MBs/sec
2024-02-11T16:56:27.8257143Z Received 1442840576 of 2773128823 (52.0%), 171.9 MBs/sec
2024-02-11T16:56:28.8305238Z Received 1631584256 of 2773128823 (58.8%), 172.7 MBs/sec
2024-02-11T16:56:29.8315907Z Received 1832910848 of 2773128823 (66.1%), 174.6 MBs/sec
2024-02-11T16:56:30.8345576Z Received 2092957696 of 2773128823 (75.5%), 181.2 MBs/sec
2024-02-11T16:56:31.8349293Z Received 2315255808 of 2773128823 (83.5%), 183.8 MBs/sec
2024-02-11T16:56:32.8351805Z Received 2520776704 of 2773128823 (90.9%), 184.7 MBs/sec
2024-02-11T16:56:33.8369237Z Received 2709520384 of 2773128823 (97.7%), 184.4 MBs/sec
2024-02-11T16:56:34.3726659Z Cache Size: ~2645 MB (2773128823 B)
2024-02-11T16:56:34.3852093Z [command]/usr/bin/tar -xf /home/runner/work/_temp/a18e0563-6595-4123-bd62-a25fb2a6d7fa/cache.tzst -P -C /home/runner/work/ghactions-manager/ghactions-manager --use-compress-program unzstd
2024-02-11T16:56:34.8383889Z Received 2773128823 of 2773128823 (100.0%), 176.1 MBs/sec
2024-02-11T16:56:44.3812031Z Cache restored successfully
2024-02-11T16:56:44.8200753Z Cache restored from key: setup-java-Linux-gradle-9d50dddc45f5b5ba450bde7c2fafc44107d72b55a2eadafb1c0c58025e2e16e8
2024-02-11T16:56:44.9217869Z ##[group]Run ./gradlew test
2024-02-11T16:56:44.9218269Z [36;1m./gradlew test[0m
2024-02-11T16:56:44.9285431Z shell: /usr/bin/bash -e {0}
2024-02-11T16:56:44.9285885Z env:
2024-02-11T16:56:44.9286225Z   JAVA_HOME: /opt/hostedtoolcache/Java_Zulu_jdk/17.0.10-7/x64
2024-02-11T16:56:44.9286806Z   JAVA_HOME_17_X64: /opt/hostedtoolcache/Java_Zulu_jdk/17.0.10-7/x64
2024-02-11T16:56:44.9287275Z ##[endgroup]
2024-02-11T16:56:46.1187693Z
2024-02-11T16:56:46.1188452Z Welcome to Gradle 8.5!
2024-02-11T16:56:46.1188894Z
2024-02-11T16:56:46.1190051Z Here are the highlights of this release:
2024-02-11T16:56:46.1191439Z  - Support for running on Java 21
2024-02-11T16:56:46.1192873Z  - Faster first use with Kotlin DSL
2024-02-11T16:56:46.1194781Z  - Improved error and warning messages
2024-02-11T16:56:46.1195455Z
2024-02-11T16:56:46.1198523Z For more details see https://docs.gradle.org/8.5/release-notes.html
2024-02-11T16:56:46.1199537Z
2024-02-11T16:56:46.2183069Z Starting a Gradle Daemon (subsequent builds will be faster)
2024-02-11T16:56:48.4214182Z Calculating task graph as no cached configuration is available for tasks: test
2024-02-11T16:56:56.2197498Z > Task :checkKotlinGradlePluginConfigurationErrors
2024-02-11T16:56:56.3180524Z > Task :processTestResources
2024-02-11T16:56:56.3181577Z > Task :koverFindJar FROM-CACHE
2024-02-11T16:56:56.4192450Z > Task :initializeIntelliJPlugin
2024-02-11T16:56:56.4194172Z > Task :patchPluginXml FROM-CACHE
2024-02-11T16:56:56.4195775Z > Task :verifyPluginConfiguration
2024-02-11T16:56:56.4196580Z > Task :processResources
2024-02-11T16:57:14.1182721Z > Task :compileKotlin
2024-02-11T16:57:14.1183677Z > Task :compileJava NO-SOURCE
2024-02-11T16:57:14.1184242Z > Task :classes
2024-02-11T16:57:14.5180151Z > Task :instrumentCode
2024-02-11T16:57:14.7180174Z > Task :jar
2024-02-11T16:57:14.7181118Z > Task :instrumentedJar
2024-02-11T16:57:14.8192588Z > Task :prepareTestingSandbox
2024-02-11T16:57:17.3180597Z > Task :compileTestKotlin
2024-02-11T16:57:17.3182027Z > Task :compileTestJava NO-SOURCE
2024-02-11T16:57:17.3183047Z > Task :testClasses
2024-02-11T16:57:17.3184369Z > Task :instrumentTestCode FROM-CACHE
2024-02-11T16:57:17.3185352Z > Task :classpathIndexCleanup
2024-02-11T16:57:19.3181870Z
2024-02-11T16:57:19.3183132Z > Task :test
2024-02-11T16:57:19.3194541Z CompileCommand: exclude com/intellij/openapi/vfs/impl/FilePartNodeRoot.trieDescend bool exclude = true
2024-02-11T16:57:32.8196828Z
2024-02-11T16:57:32.8197449Z BUILD SUCCESSFUL in 47s
2024-02-11T16:57:32.8198121Z 16 actionable tasks: 13 executed, 3 from cache
2024-02-11T16:57:32.8949696Z Configuration cache entry stored.
2024-02-11T16:57:33.2167514Z ##[group]Run ./gradlew runPluginVerifier
2024-02-11T16:57:33.2167930Z [36;1m./gradlew runPluginVerifier[0m
2024-02-11T16:57:33.2232079Z shell: /usr/bin/bash -e {0}
2024-02-11T16:57:33.2232371Z env:
2024-02-11T16:57:33.2232689Z   JAVA_HOME: /opt/hostedtoolcache/Java_Zulu_jdk/17.0.10-7/x64
2024-02-11T16:57:33.2233477Z   JAVA_HOME_17_X64: /opt/hostedtoolcache/Java_Zulu_jdk/17.0.10-7/x64
2024-02-11T16:57:33.2233940Z ##[endgroup]
2024-02-11T16:57:33.9001332Z Calculating task graph as no cached configuration is available for tasks: runPluginVerifier
2024-02-11T16:57:36.2017457Z > Task :initializeIntelliJPlugin SKIPPED
2024-02-11T16:57:36.2018354Z > Task :checkKotlinGradlePluginConfigurationErrors
2024-02-11T16:57:36.2019354Z > Task :patchPluginXml UP-TO-DATE
2024-02-11T16:57:36.2020014Z > Task :processResources UP-TO-DATE
2024-02-11T16:57:36.2020616Z > Task :verifyPluginConfiguration
2024-02-11T16:57:36.2021247Z > Task :compileKotlin UP-TO-DATE
2024-02-11T16:57:36.2021915Z > Task :compileJava NO-SOURCE
2024-02-11T16:57:36.2060498Z > Task :classes UP-TO-DATE
2024-02-11T16:57:36.2061424Z > Task :instrumentCode UP-TO-DATE
2024-02-11T16:57:36.2062414Z > Task :instrumentedJar UP-TO-DATE
2024-02-11T16:57:36.2067955Z > Task :jar UP-TO-DATE
2024-02-11T16:57:36.2068799Z > Task :compileTestKotlin UP-TO-DATE
2024-02-11T16:57:36.2070222Z > Task :classpathIndexCleanup
2024-02-11T16:57:36.2074623Z > Task :downloadAndroidStudioProductReleasesXml
2024-02-11T16:57:36.2991336Z > Task :downloadIdeaProductReleasesXml
2024-02-11T16:57:36.3002282Z > Task :prepareSandbox
2024-02-11T16:57:36.8990145Z > Task :verifyPlugin
2024-02-11T16:57:36.9989993Z > Task :listProductsReleases
2024-02-11T16:57:38.2997179Z 2024-02-11 16:57:37,755 [    616]   WARN - #c.i.s.ComponentManagerImpl - `preload=true` must be used only for core services (service=com.intellij.ae.database.core.baseEvents.fus.AddStatisticsEventLogListenerTemporary, plugin=com.jetbrains.ae.database)
2024-02-11T16:57:38.2999435Z
2024-02-11T16:57:38.2999977Z > Task :buildSearchableOptions
2024-02-11T16:57:38.3002467Z 2024-02-11 16:57:37,757 [    618]   WARN - #c.i.s.ComponentManagerImpl - `preload=true` must be used only for core services (service=com.jetbrains.rdserver.statistics.BackendStatisticsManager, plugin=com.jetbrains.codeWithMe)
2024-02-11T16:57:38.3005255Z CompileCommand: exclude com/intellij/openapi/vfs/impl/FilePartNodeRoot.trieDescend bool exclude = true
2024-02-11T16:57:38.3993969Z 2024-02-11 16:57:38,357 [   1218]   WARN - #c.i.s.ComponentManagerImpl - com.intellij.psi.search.FilenameIndex initializer requests com.intellij.ide.plugins.PluginUtil instance
2024-02-11T16:57:39.5991161Z 2024-02-11 16:57:39,509 [   2370]   WARN - #c.i.s.ComponentManagerImpl - org.zmlx.hg4idea.provider.HgChangeProvider initializer requests com.intellij.openapi.vcs.FileStatusFactory instance
2024-02-11T16:57:40.4991231Z 2024-02-11 16:57:40,431 [   3292]   WARN - java.util.prefs - Prefs file removed in background /home/runner/.java/.userPrefs/prefs.xml
2024-02-11T16:57:41.5992034Z 2024-02-11 16:57:41,529 [   4390]   WARN - #c.i.s.ComponentManagerImpl - com.intellij.codeInsight.daemon.LineMarkerProviders initializer requests com.intellij.codeInsight.daemon.LineMarkerProviders instance
2024-02-11T16:57:43.0991349Z 2024-02-11 16:57:43,072 [   5933]   WARN - #c.i.s.ComponentManagerImpl - com.intellij.psi.LanguageSubstitutors initializer requests com.intellij.psi.LanguageSubstitutors instance
2024-02-11T16:57:45.3991465Z 2024-02-11 16:57:45,316 [   8177]   WARN - #c.i.s.ComponentManagerImpl - com.intellij.psi.codeStyle.CodeStyleSettingsCustomizable initializer requests com.intellij.util.LocaleSensitiveApplicationCacheService instance
2024-02-11T16:57:46.7990679Z 2024-02-11 16:57:46,725 [   9586]   WARN - #c.i.u.j.JBCefApp - JCEF is manually disabled in headless env via 'ide.browser.jcef.headless.enabled=false'
2024-02-11T16:57:47.5988606Z Found 206 configurables
2024-02-11T16:57:48.8010015Z Output written to /home/runner/work/ghactions-manager/ghactions-manager/build/searchableOptions/textmate.jar/search/textmate.jar.searchableOptions.xml
2024-02-11T16:57:48.8046347Z Output written to /home/runner/work/ghactions-manager/ghactions-manager/build/searchableOptions/markdown.jar/search/markdown.jar.searchableOptions.xml
2024-02-11T16:57:48.8049324Z Output written to /home/runner/work/ghactions-manager/ghactions-manager/build/searchableOptions/IntelliLang.jar/search/IntelliLang.jar.searchableOptions.xml
2024-02-11T16:57:48.8052224Z Output written to /home/runner/work/ghactions-manager/ghactions-manager/build/searchableOptions/eclipse.jar/search/eclipse.jar.searchableOptions.xml
2024-02-11T16:57:48.8055070Z Output written to /home/runner/work/ghactions-manager/ghactions-manager/build/searchableOptions/tasks-core.jar/search/tasks-core.jar.searchableOptions.xml
2024-02-11T16:57:48.8057790Z Output written to /home/runner/work/ghactions-manager/ghactions-manager/build/searchableOptions/sh.jar/search/sh.jar.searchableOptions.xml
2024-02-11T16:57:48.8060717Z Output written to /home/runner/work/ghactions-manager/ghactions-manager/build/searchableOptions/java-coverage.jar/search/java-coverage.jar.searchableOptions.xml
2024-02-11T16:57:48.8063663Z Output written to /home/runner/work/ghactions-manager/ghactions-manager/build/searchableOptions/java-impl.jar!/search/java-impl.jar!.searchableOptions.xml
2024-02-11T16:57:48.8066826Z Output written to /home/runner/work/ghactions-manager/ghactions-manager/build/searchableOptions/javaFX.jar!/search/javaFX.jar!.searchableOptions.xml
2024-02-11T16:57:48.8069890Z Output written to /home/runner/work/ghactions-manager/ghactions-manager/build/searchableOptions/searchEverywhereMl.jar/search/searchEverywhereMl.jar.searchableOptions.xml
2024-02-11T16:57:48.8072951Z Output written to /home/runner/work/ghactions-manager/ghactions-manager/build/searchableOptions/idea-junit.jar!/search/idea-junit.jar!.searchableOptions.xml
2024-02-11T16:57:48.8180692Z Output written to /home/runner/work/ghactions-manager/ghactions-manager/build/searchableOptions/uiDesigner.jar/search/uiDesigner.jar.searchableOptions.xml
2024-02-11T16:57:48.8183496Z Output written to /home/runner/work/ghactions-manager/ghactions-manager/build/searchableOptions/javaFX.jar/search/javaFX.jar.searchableOptions.xml
2024-02-11T16:57:48.8186154Z Output written to /home/runner/work/ghactions-manager/ghactions-manager/build/searchableOptions/dev.jar/search/dev.jar.searchableOptions.xml
2024-02-11T16:57:48.8188851Z Output written to /home/runner/work/ghactions-manager/ghactions-manager/build/searchableOptions/space.jar/search/space.jar.searchableOptions.xml
2024-02-11T16:57:48.8191926Z Output written to /home/runner/work/ghactions-manager/ghactions-manager/build/searchableOptions/cwm-plugin-terminal.jar/search/cwm-plugin-terminal.jar.searchableOptions.xml
2024-02-11T16:57:48.8195194Z Output written to /home/runner/work/ghactions-manager/ghactions-manager/build/searchableOptions/vcs-svn.jar/search/vcs-svn.jar.searchableOptions.xml
2024-02-11T16:57:48.8198326Z Output written to /home/runner/work/ghactions-manager/ghactions-manager/build/searchableOptions/byteCodeViewer.jar/search/byteCodeViewer.jar.searchableOptions.xml
2024-02-11T16:57:48.8201448Z Output written to /home/runner/work/ghactions-manager/ghactions-manager/build/searchableOptions/testng-plugin.jar!/search/testng-plugin.jar!.searchableOptions.xml
2024-02-11T16:57:48.8204511Z Output written to /home/runner/work/ghactions-manager/ghactions-manager/build/searchableOptions/marketplace.jar/search/marketplace.jar.searchableOptions.xml
2024-02-11T16:57:48.8207413Z Output written to /home/runner/work/ghactions-manager/ghactions-manager/build/searchableOptions/maven.jar/search/maven.jar.searchableOptions.xml
2024-02-11T16:57:48.8210214Z Output written to /home/runner/work/ghactions-manager/ghactions-manager/build/searchableOptions/copyright.jar/search/copyright.jar.searchableOptions.xml
2024-02-11T16:57:48.8213031Z Output written to /home/runner/work/ghactions-manager/ghactions-manager/build/searchableOptions/maven.jar!/search/maven.jar!.searchableOptions.xml
2024-02-11T16:57:48.8216819Z Output written to /home/runner/work/ghactions-manager/ghactions-manager/build/searchableOptions/instrumented-ghactions-manager-1.15.3.jar/search/instrumented-ghactions-manager-1.15.3.jar.searchableOptions.xml
2024-02-11T16:57:48.8220188Z Output written to /home/runner/work/ghactions-manager/ghactions-manager/build/searchableOptions/Groovy.jar/search/Groovy.jar.searchableOptions.xml
2024-02-11T16:57:48.8222979Z Output written to /home/runner/work/ghactions-manager/ghactions-manager/build/searchableOptions/terminal.jar/search/terminal.jar.searchableOptions.xml
2024-02-11T16:57:48.8225890Z Output written to /home/runner/work/ghactions-manager/ghactions-manager/build/searchableOptions/gradle-java.jar/search/gradle-java.jar.searchableOptions.xml
2024-02-11T16:57:48.8229192Z Output written to /home/runner/work/ghactions-manager/ghactions-manager/build/searchableOptions/performanceTesting-async.jar/search/performanceTesting-async.jar.searchableOptions.xml
2024-02-11T16:57:48.8232472Z Output written to /home/runner/work/ghactions-manager/ghactions-manager/build/searchableOptions/properties.jar/search/properties.jar.searchableOptions.xml
2024-02-11T16:57:48.8235549Z Output written to /home/runner/work/ghactions-manager/ghactions-manager/build/searchableOptions/java-impl.jar/search/java-impl.jar.searchableOptions.xml
2024-02-11T16:57:48.8992546Z Output written to /home/runner/work/ghactions-manager/ghactions-manager/build/searchableOptions/app-client.jar/search/app-client.jar.searchableOptions.xml
2024-02-11T16:57:48.8996292Z Output written to /home/runner/work/ghactions-manager/ghactions-manager/build/searchableOptions/html-tools.jar/search/html-tools.jar.searchableOptions.xml
2024-02-11T16:57:48.8999556Z Output written to /home/runner/work/ghactions-manager/ghactions-manager/build/searchableOptions/vcs-perforce.jar/search/vcs-perforce.jar.searchableOptions.xml
2024-02-11T16:57:48.9003025Z Output written to /home/runner/work/ghactions-manager/ghactions-manager/build/searchableOptions/java-debugger-streams.jar/search/java-debugger-streams.jar.searchableOptions.xml
2024-02-11T16:57:48.9006421Z Output written to /home/runner/work/ghactions-manager/ghactions-manager/build/searchableOptions/gradle.jar/search/gradle.jar.searchableOptions.xml
2024-02-11T16:57:48.9011506Z Output written to /home/runner/work/ghactions-manager/ghactions-manager/build/searchableOptions/testng-plugin.jar/search/testng-plugin.jar.searchableOptions.xml
2024-02-11T16:57:48.9014694Z Output written to /home/runner/work/ghactions-manager/ghactions-manager/build/searchableOptions/grazie.jar/search/grazie.jar.searchableOptions.xml
2024-02-11T16:57:48.9017666Z Output written to /home/runner/work/ghactions-manager/ghactions-manager/build/searchableOptions/qodana.jar/search/qodana.jar.searchableOptions.xml
2024-02-11T16:57:48.9020569Z Output written to /home/runner/work/ghactions-manager/ghactions-manager/build/searchableOptions/app.jar/search/app.jar.searchableOptions.xml
2024-02-11T16:57:48.9023926Z Output written to /home/runner/work/ghactions-manager/ghactions-manager/build/searchableOptions/completionMlRanking.jar/search/completionMlRanking.jar.searchableOptions.xml
2024-02-11T16:57:48.9027205Z Output written to /home/runner/work/ghactions-manager/ghactions-manager/build/searchableOptions/java-decompiler.jar/search/java-decompiler.jar.searchableOptions.xml
2024-02-11T16:57:48.9030136Z Output written to /home/runner/work/ghactions-manager/ghactions-manager/build/searchableOptions/vcs-hg.jar/search/vcs-hg.jar.searchableOptions.xml
2024-02-11T16:57:48.9033064Z Output written to /home/runner/work/ghactions-manager/ghactions-manager/build/searchableOptions/performanceTesting.jar/search/performanceTesting.jar.searchableOptions.xml
2024-02-11T16:57:48.9036219Z Output written to /home/runner/work/ghactions-manager/ghactions-manager/build/searchableOptions/vcs-gitlab.jar/search/vcs-gitlab.jar.searchableOptions.xml
2024-02-11T16:57:48.9039226Z Output written to /home/runner/work/ghactions-manager/ghactions-manager/build/searchableOptions/cwm-common.jar/search/cwm-common.jar.searchableOptions.xml
2024-02-11T16:57:48.9041975Z Output written to /home/runner/work/ghactions-manager/ghactions-manager/build/searchableOptions/java-i18n.jar/search/java-i18n.jar.searchableOptions.xml
2024-02-11T16:57:48.9044603Z Output written to /home/runner/work/ghactions-manager/ghactions-manager/build/searchableOptions/Groovy.jar!/search/Groovy.jar!.searchableOptions.xml
2024-02-11T16:57:48.9047313Z Output written to /home/runner/work/ghactions-manager/ghactions-manager/build/searchableOptions/emojipicker.jar/search/emojipicker.jar.searchableOptions.xml
2024-02-11T16:57:48.9049954Z Output written to /home/runner/work/ghactions-manager/ghactions-manager/build/searchableOptions/toml.jar/search/toml.jar.searchableOptions.xml
2024-02-11T16:57:48.9052797Z Output written to /home/runner/work/ghactions-manager/ghactions-manager/build/searchableOptions/platform-ijent-impl.jar/search/platform-ijent-impl.jar.searchableOptions.xml
2024-02-11T16:57:48.9055740Z Output written to /home/runner/work/ghactions-manager/ghactions-manager/build/searchableOptions/idea-junit.jar/search/idea-junit.jar.searchableOptions.xml
2024-02-11T16:57:48.9058347Z Output written to /home/runner/work/ghactions-manager/ghactions-manager/build/searchableOptions/yaml.jar/search/yaml.jar.searchableOptions.xml
2024-02-11T16:57:48.9061290Z Output written to /home/runner/work/ghactions-manager/ghactions-manager/build/searchableOptions/packageChecker.jar/search/packageChecker.jar.searchableOptions.xml
2024-02-11T16:57:48.9064360Z Output written to /home/runner/work/ghactions-manager/ghactions-manager/build/searchableOptions/platform-tracing-ide.jar/search/platform-tracing-ide.jar.searchableOptions.xml
2024-02-11T16:57:48.9067382Z Output written to /home/runner/work/ghactions-manager/ghactions-manager/build/searchableOptions/editorconfig.jar/search/editorconfig.jar.searchableOptions.xml
2024-02-11T16:57:48.9070224Z Output written to /home/runner/work/ghactions-manager/ghactions-manager/build/searchableOptions/vcs-github.jar/search/vcs-github.jar.searchableOptions.xml
2024-02-11T16:57:48.9073223Z Output written to /home/runner/work/ghactions-manager/ghactions-manager/build/searchableOptions/platform-langInjection.jar/search/platform-langInjection.jar.searchableOptions.xml
2024-02-11T16:57:48.9076493Z Output written to /home/runner/work/ghactions-manager/ghactions-manager/build/searchableOptions/platform-images.jar/search/platform-images.jar.searchableOptions.xml
2024-02-11T16:57:48.9079278Z Output written to /home/runner/work/ghactions-manager/ghactions-manager/build/searchableOptions/vcs-git.jar/search/vcs-git.jar.searchableOptions.xml
2024-02-11T16:57:48.9082018Z Output written to /home/runner/work/ghactions-manager/ghactions-manager/build/searchableOptions/kotlin-plugin.jar/search/kotlin-plugin.jar.searchableOptions.xml
2024-02-11T16:57:48.9084736Z Output written to /home/runner/work/ghactions-manager/ghactions-manager/build/searchableOptions/modules.jar/search/modules.jar.searchableOptions.xml
2024-02-11T16:57:48.9087504Z Output written to /home/runner/work/ghactions-manager/ghactions-manager/build/searchableOptions/indexing-shared.jar/search/indexing-shared.jar.searchableOptions.xml
2024-02-11T16:57:48.9090445Z Output written to /home/runner/work/ghactions-manager/ghactions-manager/build/searchableOptions/featuresTrainer.jar/search/featuresTrainer.jar.searchableOptions.xml
2024-02-11T16:57:48.9093334Z Output written to /home/runner/work/ghactions-manager/ghactions-manager/build/searchableOptions/kotlin-plugin.jar!/search/kotlin-plugin.jar!.searchableOptions.xml
2024-02-11T16:57:48.9096055Z Output written to /home/runner/work/ghactions-manager/ghactions-manager/build/searchableOptions/cwm-host.jar/search/cwm-host.jar.searchableOptions.xml
2024-02-11T16:57:48.9099031Z Output written to /home/runner/work/ghactions-manager/ghactions-manager/build/searchableOptions/gradle-java-maven.jar/search/gradle-java-maven.jar.searchableOptions.xml
2024-02-11T16:57:48.9102163Z Output written to /home/runner/work/ghactions-manager/ghactions-manager/build/searchableOptions/settingsSync.jar/search/settingsSync.jar.searchableOptions.xml
2024-02-11T16:57:48.9103820Z Searchable options index builder completed
2024-02-11T16:57:49.3989427Z
2024-02-11T16:57:49.3990541Z > Task :jarSearchableOptions FROM-CACHE
2024-02-11T16:57:49.4989349Z > Task :buildPlugin
2024-02-11T16:58:10.2992236Z
2024-02-11T16:58:10.2994468Z > Task :runPluginVerifier
2024-02-11T16:58:10.2995467Z Starting the IntelliJ Plugin Verifier 1.307
2024-02-11T16:58:10.2997363Z Verification reports directory: /home/runner/work/ghactions-manager/ghactions-manager/build/reports/pluginVerifier
2024-02-11T16:58:10.8989735Z 2024-02-11T16:58:10 [main] INFO  verification - Reading IDE /home/runner/.cache/pluginVerifier/ides/IC-233.14475.9
2024-02-11T16:58:10.8991909Z 2024-02-11T16:58:10 [main] INFO  c.j.p.options.OptionsParser - Reading IDE from /home/runner/.cache/pluginVerifier/ides/IC-233.14475.9
2024-02-11T16:58:10.8995357Z 2024-02-11T16:58:10 [main] INFO  c.j.p.options.OptionsParser - Using Java runtime from /home/runner/.gradle/caches/modules-2/files-2.1/com.jetbrains/jbre/jbr_jcef-17.0.9-linux-x64-b1087.11/extracted/jbr_jcef-17.0.9-linux-x64-b1087.11
2024-02-11T16:58:18.3989652Z 2024-02-11T16:58:18 [main] INFO  verification - Reading plugin to check from /home/runner/work/ghactions-manager/ghactions-manager/build/distributions/github-actions-manager-1.15.3.zip
2024-02-11T16:58:20.1989012Z 2024-02-11T16:58:20 [main] INFO  verification - Task check-plugin parameters:
2024-02-11T16:58:20.1990377Z Scheduled verifications (1):
2024-02-11T16:58:20.1991319Z com.dsoftware.ghtoolbar:1.15.3 against IC-233.14475.9
2024-02-11T16:58:20.1991978Z
2024-02-11T16:58:22.6990596Z 2024-02-11T16:58:22 [main] INFO  verification - Finished 1 of 1 verifications (in 2.5 s): IC-233.14475.9 against com.dsoftware.ghtoolbar:1.15.3: Compatible. 142 usages of experimental API
2024-02-11T16:58:22.6994936Z Plugin com.dsoftware.ghtoolbar:1.15.3 against IC-233.14475.9: Compatible. 142 usages of experimental API
2024-02-11T16:58:22.6996903Z Experimental API usages (142):
2024-02-11T16:58:22.6999289Z     #Experimental API method com.intellij.collaboration.ui.codereview.list.search.ReviewListSearchPanelFactory.create(CoroutineScope) invocation
2024-02-11T16:58:22.7004795Z         Experimental API method com.intellij.collaboration.ui.codereview.list.search.ReviewListSearchPanelFactory.create(kotlinx.coroutines.CoroutineScope viewScope) : javax.swing.JComponent is invoked in com.dsoftware.ghmanager.ui.panels.filters.WfRunsFiltersFactory.createWfRunsFiltersPanel(CoroutineScope) : JComponent. This method can be changed in a future release leading to incompatibilities
2024-02-11T16:58:22.7009080Z     #Experimental API class com.intellij.collaboration.ui.SingleValueModel reference
2024-02-11T16:58:22.7012553Z         Experimental API class com.intellij.collaboration.ui.SingleValueModel is referenced in com.dsoftware.ghmanager.ui.panels.JobListComponent.Companion.createJobsListComponent(SingleValueModel, WorkflowRunSelectionContext, boolean) : Pair. This class can be changed in a future release leading to incompatibilities
2024-02-11T16:58:22.7018962Z         Experimental API class com.intellij.collaboration.ui.SingleValueModel is referenced in com.dsoftware.ghmanager.data.WorkflowRunSelectionContext.<init>(CheckedDisposable, Project, GithubAccount, SingleRunDataLoader, WorkflowRunListLoader, GHGitRepositoryMapping, GithubApiRequestExecutor, WorkflowRunListSelectionHolder, JobListSelectionHolder). This class can be changed in a future release leading to incompatibilities
2024-02-11T16:58:22.7024520Z         Experimental API class com.intellij.collaboration.ui.SingleValueModel is referenced in com.dsoftware.ghmanager.data.LogLoadingModelListener.setLogValue() : void. This class can be changed in a future release leading to incompatibilities
2024-02-11T16:58:22.7029072Z         Experimental API class com.intellij.collaboration.ui.SingleValueModel is referenced in com.dsoftware.ghmanager.data.JobsLoadingModelListener.setValue() : void. This class can be changed in a future release leading to incompatibilities
2024-02-11T16:58:22.7033669Z         Experimental API class com.intellij.collaboration.ui.SingleValueModel is referenced in com.dsoftware.ghmanager.data.WorkflowRunSelectionContext.logDataProviderLoadModel : SingleValueModel. This class can be changed in a future release leading to incompatibilities
2024-02-11T16:58:22.7038175Z         Experimental API class com.intellij.collaboration.ui.SingleValueModel is referenced in com.dsoftware.ghmanager.data.LogLoadingModelListener.logModel : SingleValueModel. This class can be changed in a future release leading to incompatibilities
2024-02-11T16:58:22.7042486Z         Experimental API class com.intellij.collaboration.ui.SingleValueModel is referenced in com.dsoftware.ghmanager.data.LogLoadingModelListener.getLogModel() : SingleValueModel. This class can be changed in a future release leading to incompatibilities
2024-02-11T16:58:22.7047054Z         Experimental API class com.intellij.collaboration.ui.SingleValueModel is referenced in com.dsoftware.ghmanager.data.WorkflowRunSelectionContext.getJobDataProviderLoadModel() : SingleValueModel. This class can be changed in a future release leading to incompatibilities
2024-02-11T16:58:22.7051830Z         Experimental API class com.intellij.collaboration.ui.SingleValueModel is referenced in com.dsoftware.ghmanager.data.JobsLoadingModelListener.<init>(Disposable, SingleValueModel, WorkflowRunListSelectionHolder). This class can be changed in a future release leading to incompatibilities
2024-02-11T16:58:22.7056505Z         Experimental API class com.intellij.collaboration.ui.SingleValueModel is referenced in com.dsoftware.ghmanager.data.JobsLoadingModelListener.jobsModel : SingleValueModel. This class can be changed in a future release leading to incompatibilities
2024-02-11T16:58:22.7063277Z         Experimental API class com.intellij.collaboration.ui.SingleValueModel is referenced in com.dsoftware.ghmanager.ui.panels.LogConsolePanelKt.createLogConsolePanel$2$1.invoke() : void. This class can be changed in a future release leading to incompatibilities
2024-02-11T16:58:22.7068054Z         Experimental API class com.intellij.collaboration.ui.SingleValueModel is referenced in com.dsoftware.ghmanager.ui.panels.LogConsolePanelKt.createLogConsolePanel(Project, LogLoadingModelListener, Disposable) : JBPanelWithEmptyText. This class can be changed in a future release leading to incompatibilities
2024-02-11T16:58:22.7072731Z         Experimental API class com.intellij.collaboration.ui.SingleValueModel is referenced in com.dsoftware.ghmanager.data.WorkflowRunSelectionContext.setNewLogProvider() : void. This class can be changed in a future release leading to incompatibilities
2024-02-11T16:58:22.7081205Z         Experimental API class com.intellij.collaboration.ui.SingleValueModel is referenced in com.dsoftware.ghmanager.data.LogLoadingModelListener.<init>(Disposable, SingleValueModel, JobListSelectionHolder). This class can be changed in a future release leading to incompatibilities
2024-02-11T16:58:22.7085639Z         Experimental API class com.intellij.collaboration.ui.SingleValueModel is referenced in com.dsoftware.ghmanager.data.JobsLoadingModelListener.getJobsModel() : SingleValueModel. This class can be changed in a future release leading to incompatibilities
2024-02-11T16:58:22.7089898Z         Experimental API class com.intellij.collaboration.ui.SingleValueModel is referenced in com.dsoftware.ghmanager.data.WorkflowRunSelectionContext.getLogDataProviderLoadModel() : SingleValueModel. This class can be changed in a future release leading to incompatibilities
2024-02-11T16:58:22.7094163Z         Experimental API class com.intellij.collaboration.ui.SingleValueModel is referenced in com.dsoftware.ghmanager.data.WorkflowRunSelectionContext$2.invoke(String) : void. This class can be changed in a future release leading to incompatibilities
2024-02-11T16:58:22.7098730Z         Experimental API class com.intellij.collaboration.ui.SingleValueModel is referenced in com.dsoftware.ghmanager.data.WorkflowRunSelectionContext.jobDataProviderLoadModel : SingleValueModel. This class can be changed in a future release leading to incompatibilities
2024-02-11T16:58:22.7103163Z         Experimental API class com.intellij.collaboration.ui.SingleValueModel is referenced in com.dsoftware.ghmanager.data.WorkflowRunSelectionContext.setNewJobsProvider() : void. This class can be changed in a future release leading to incompatibilities
2024-02-11T16:58:22.7106606Z     #Experimental API method com.intellij.collaboration.ui.codereview.list.search.ReviewListSearchHistoryModel.getLastFilter() is overridden
2024-02-11T16:58:22.7110503Z         Experimental API method com.intellij.collaboration.ui.codereview.list.search.ReviewListSearchHistoryModel.getLastFilter() : S is overridden in class com.dsoftware.ghmanager.ui.panels.filters.WfRunsSearchHistoryModel. This method can be changed in a future release leading to incompatibilities
2024-02-11T16:58:22.7113887Z     #Experimental API interface com.intellij.collaboration.ui.icon.IconsProvider reference
2024-02-11T16:58:22.7117053Z         Experimental API interface com.intellij.collaboration.ui.icon.IconsProvider is referenced in com.dsoftware.ghmanager.ui.panels.filters.WfRunsFiltersFactory.createFilters(CoroutineScope) : List. This interface can be changed in a future release leading to incompatibilities
2024-02-11T16:58:22.7120528Z     #Experimental API method com.intellij.collaboration.ui.SingleValueModel.getValue() invocation
2024-02-11T16:58:22.7123572Z         Experimental API method com.intellij.collaboration.ui.SingleValueModel.getValue() : T is invoked in com.dsoftware.ghmanager.data.WorkflowRunSelectionContext.setNewLogProvider() : void. This method can be changed in a future release leading to incompatibilities
2024-02-11T16:58:22.7128077Z         Experimental API method com.intellij.collaboration.ui.SingleValueModel.getValue() : T is invoked in com.dsoftware.ghmanager.ui.panels.LogConsolePanelKt.createLogConsolePanel$2$1.invoke() : void. This method can be changed in a future release leading to incompatibilities
2024-02-11T16:58:22.7132552Z         Experimental API method com.intellij.collaboration.ui.SingleValueModel.getValue() : T is invoked in com.dsoftware.ghmanager.data.WorkflowRunSelectionContext.setNewJobsProvider() : void. This method can be changed in a future release leading to incompatibilities
2024-02-11T16:58:22.7136129Z     #Experimental API method com.intellij.collaboration.ui.codereview.list.search.ReviewListSearchPanelViewModelBase.getSearchState() invocation
2024-02-11T16:58:22.7140622Z         Experimental API method com.intellij.collaboration.ui.codereview.list.search.ReviewListSearchPanelViewModelBase.getSearchState() : kotlinx.coroutines.flow.MutableStateFlow is invoked in com.dsoftware.ghmanager.ui.panels.WorkflowRunListLoaderPanel$1.invokeSuspend(Object) : Object. This method can be changed in a future release leading to incompatibilities
2024-02-11T16:58:22.7147261Z         Experimental API method com.intellij.collaboration.ui.codereview.list.search.ReviewListSearchPanelViewModelBase.getSearchState() : kotlinx.coroutines.flow.MutableStateFlow is invoked in com.dsoftware.ghmanager.ui.panels.filters.WfRunsSearchPanelViewModel.<init>(CoroutineScope, WorkflowRunSelectionContext). This method can be changed in a future release leading to incompatibilities
2024-02-11T16:58:22.7151693Z     #Experimental API interface com.intellij.collaboration.ui.codereview.list.search.ReviewListQuickFilter reference
2024-02-11T16:58:22.7155749Z         Experimental API interface com.intellij.collaboration.ui.codereview.list.search.ReviewListQuickFilter is referenced in com.dsoftware.ghmanager.ui.panels.filters.WfRunsSearchPanelViewModel.<init>(CoroutineScope, WorkflowRunSelectionContext). This interface can be changed in a future release leading to incompatibilities
2024-02-11T16:58:22.7161547Z         Experimental API interface com.intellij.collaboration.ui.codereview.list.search.ReviewListQuickFilter is referenced in com.dsoftware.ghmanager.ui.panels.filters.WfRunsFiltersFactory.getQuickFilterTitle(ReviewListQuickFilter) : String. This interface can be changed in a future release leading to incompatibilities
2024-02-11T16:58:22.7166766Z         Experimental API interface com.intellij.collaboration.ui.codereview.list.search.ReviewListQuickFilter is referenced in com.dsoftware.ghmanager.ui.panels.filters.WorkflowRunListQuickFilter. This interface can be changed in a future release leading to incompatibilities
2024-02-11T16:58:22.7170640Z     #Experimental API constructor com.intellij.collaboration.ui.icon.CachingIconsProvider.<init>(IconsProvider, Function1, int, DefaultConstructorMarker) invocation
2024-02-11T16:58:22.7175868Z         Experimental API constructor com.intellij.collaboration.ui.icon.CachingIconsProvider.<init>(com.intellij.collaboration.ui.icon.IconsProvider arg0, kotlin.jvm.functions.Function1 arg1, int arg2, kotlin.jvm.internal.DefaultConstructorMarker arg3) is invoked in com.dsoftware.ghmanager.ui.panels.filters.WfRunsFiltersFactory.createFilters(CoroutineScope) : List. This constructor can be changed in a future release leading to incompatibilities
2024-02-11T16:58:22.7180677Z     #Experimental API class com.intellij.collaboration.ui.codereview.list.search.DropDownComponentFactory reference
2024-02-11T16:58:22.7184330Z         Experimental API class com.intellij.collaboration.ui.codereview.list.search.DropDownComponentFactory is referenced in com.dsoftware.ghmanager.ui.panels.filters.WfRunsFiltersFactory.createFilters(CoroutineScope) : List. This class can be changed in a future release leading to incompatibilities
2024-02-11T16:58:22.7188160Z     #Experimental API method com.intellij.collaboration.ui.SimpleEventListener.eventOccurred() invocation
2024-02-11T16:58:22.7191761Z         Experimental API method com.intellij.collaboration.ui.SimpleEventListener.eventOccurred() : void is invoked in com.dsoftware.ghmanager.data.WorkflowRunListLoader.special$.inlined.observable$2.afterChange(KProperty, Boolean, Boolean) : void. This method can be changed in a future release leading to incompatibilities
2024-02-11T16:58:22.7197337Z         Experimental API method com.intellij.collaboration.ui.SimpleEventListener.eventOccurred() : void is invoked in com.dsoftware.ghmanager.data.WorkflowRunListLoader.special$.inlined.observable$1.afterChange(KProperty, Throwable, Throwable) : void. This method can be changed in a future release leading to incompatibilities
2024-02-11T16:58:22.7202587Z         Experimental API method com.intellij.collaboration.ui.SimpleEventListener.eventOccurred() : void is invoked in com.dsoftware.ghmanager.data.ListSelectionHolder.special$.inlined.observable$1.afterChange(KProperty, T, T) : void. This method can be changed in a future release leading to incompatibilities
2024-02-11T16:58:22.7206424Z     #Experimental API class com.intellij.collaboration.ui.codereview.list.search.ChooserPopupUtil.PopupItemPresentation.Simple reference
2024-02-11T16:58:22.7211137Z         Experimental API class com.intellij.collaboration.ui.codereview.list.search.ChooserPopupUtil.PopupItemPresentation.Simple is referenced in com.dsoftware.ghmanager.ui.panels.filters.WfRunsFiltersFactory.createFilters$9.invoke(WfRunsListSearchValue.Status) : ChooserPopupUtil.PopupItemPresentation. This class can be changed in a future release leading to incompatibilities
2024-02-11T16:58:22.7217848Z         Experimental API class com.intellij.collaboration.ui.codereview.list.search.ChooserPopupUtil.PopupItemPresentation.Simple is referenced in com.dsoftware.ghmanager.ui.panels.filters.WfRunsFiltersFactory.createFilters$14.invoke(WfRunsListSearchValue.Event) : ChooserPopupUtil.PopupItemPresentation. This class can be changed in a future release leading to incompatibilities
2024-02-11T16:58:22.7224693Z         Experimental API class com.intellij.collaboration.ui.codereview.list.search.ChooserPopupUtil.PopupItemPresentation.Simple is referenced in com.dsoftware.ghmanager.ui.panels.filters.WfRunsFiltersFactory.createFilters$3.invoke(WorkflowType) : ChooserPopupUtil.PopupItemPresentation. This class can be changed in a future release leading to incompatibilities
2024-02-11T16:58:22.7231124Z         Experimental API class com.intellij.collaboration.ui.codereview.list.search.ChooserPopupUtil.PopupItemPresentation.Simple is referenced in com.dsoftware.ghmanager.ui.panels.filters.WfRunsFiltersFactory.createFilters$6.invoke(GHUser) : ChooserPopupUtil.PopupItemPresentation. This class can be changed in a future release leading to incompatibilities
2024-02-11T16:58:22.7237725Z         Experimental API class com.intellij.collaboration.ui.codereview.list.search.ChooserPopupUtil.PopupItemPresentation.Simple is referenced in com.dsoftware.ghmanager.ui.panels.filters.WfRunsFiltersFactory.createFilters$11.invoke(String) : ChooserPopupUtil.PopupItemPresentation. This class can be changed in a future release leading to incompatibilities
2024-02-11T16:58:22.7242736Z     #Experimental API constructor com.intellij.collaboration.ui.codereview.list.search.ChooserPopupUtil.PopupItemPresentation.Simple.<init>(String, Icon, String, int, DefaultConstructorMarker) invocation
2024-02-11T16:58:22.7249013Z         Experimental API constructor com.intellij.collaboration.ui.codereview.list.search.ChooserPopupUtil.PopupItemPresentation.Simple.<init>(java.lang.String arg0, javax.swing.Icon arg1, java.lang.String arg2, int arg3, kotlin.jvm.internal.DefaultConstructorMarker arg4) is invoked in com.dsoftware.ghmanager.ui.panels.filters.WfRunsFiltersFactory.createFilters$3.invoke(WorkflowType) : ChooserPopupUtil.PopupItemPresentation. This constructor can be changed in a future release leading to incompatibilities
2024-02-11T16:58:22.7258126Z         Experimental API constructor com.intellij.collaboration.ui.codereview.list.search.ChooserPopupUtil.PopupItemPresentation.Simple.<init>(java.lang.String arg0, javax.swing.Icon arg1, java.lang.String arg2, int arg3, kotlin.jvm.internal.DefaultConstructorMarker arg4) is invoked in com.dsoftware.ghmanager.ui.panels.filters.WfRunsFiltersFactory.createFilters$11.invoke(String) : ChooserPopupUtil.PopupItemPresentation. This constructor can be changed in a future release leading to incompatibilities
2024-02-11T16:58:22.7263242Z         Experimental API constructor com.intellij.collaboration.ui.codereview.list.search.ChooserPopupUtil.PopupItemPresentation.Simple.<init>(java.lang.String arg0, javax.swing.Icon arg1, java.lang.String arg2, int arg3, kotlin.jvm.internal.DefaultConstructorMarker arg4) is invoked in com.dsoftware.ghmanager.ui.panels.filters.WfRunsFiltersFactory.createFilters$9.invoke(WfRunsListSearchValue.Status) : ChooserPopupUtil.PopupItemPresentation. This constructor can be changed in a future release leading to incompatibilities
2024-02-11T16:58:22.7268014Z         Experimental API constructor com.intellij.collaboration.ui.codereview.list.search.ChooserPopupUtil.PopupItemPresentation.Simple.<init>(java.lang.String arg0, javax.swing.Icon arg1, java.lang.String arg2, int arg3, kotlin.jvm.internal.DefaultConstructorMarker arg4) is invoked in com.dsoftware.ghmanager.ui.panels.filters.WfRunsFiltersFactory.createFilters$14.invoke(WfRunsListSearchValue.Event) : ChooserPopupUtil.PopupItemPresentation. This constructor can be changed in a future release leading to incompatibilities
2024-02-11T16:58:22.7270945Z     #Experimental API interface com.intellij.collaboration.ui.codereview.list.search.ReviewListSearchValue reference
2024-02-11T16:58:22.7272751Z         Experimental API interface com.intellij.collaboration.ui.codereview.list.search.ReviewListSearchValue is referenced in com.dsoftware.ghmanager.ui.panels.filters.WfRunsListSearchValue. This interface can be changed in a future release leading to incompatibilities
2024-02-11T16:58:22.7275807Z         Experimental API interface com.intellij.collaboration.ui.codereview.list.search.ReviewListSearchValue is referenced in com.dsoftware.ghmanager.ui.panels.filters.WfRunsSearchPanelViewModel.withQuery(ReviewListSearchValue, String) : ReviewListSearchValue. This interface can be changed in a future release leading to incompatibilities
2024-02-11T16:58:22.7279006Z         Experimental API interface com.intellij.collaboration.ui.codereview.list.search.ReviewListSearchValue is referenced in com.dsoftware.ghmanager.ui.panels.filters.WfRunsFiltersFactory.getShortText(ReviewListSearchValue) : String. This interface can be changed in a future release leading to incompatibilities
2024-02-11T16:58:22.7281881Z         Experimental API interface com.intellij.collaboration.ui.codereview.list.search.ReviewListSearchValue is referenced in com.dsoftware.ghmanager.ui.panels.filters.WorkflowRunListQuickFilter.All.getFilter() : ReviewListSearchValue. This interface can be changed in a future release leading to incompatibilities
2024-02-11T16:58:22.7284801Z         Experimental API interface com.intellij.collaboration.ui.codereview.list.search.ReviewListSearchValue is referenced in com.dsoftware.ghmanager.ui.panels.filters.WorkflowRunListQuickFilter.InProgres.getFilter() : ReviewListSearchValue. This interface can be changed in a future release leading to incompatibilities
2024-02-11T16:58:22.7287702Z         Experimental API interface com.intellij.collaboration.ui.codereview.list.search.ReviewListSearchValue is referenced in com.dsoftware.ghmanager.ui.panels.filters.WfRunsSearchHistoryModel.getLastFilter() : ReviewListSearchValue. This interface can be changed in a future release leading to incompatibilities
2024-02-11T16:58:22.7290825Z         Experimental API interface com.intellij.collaboration.ui.codereview.list.search.ReviewListSearchValue is referenced in com.dsoftware.ghmanager.ui.panels.filters.WfRunsSearchPanelViewModel.<init>(CoroutineScope, WorkflowRunSelectionContext). This interface can be changed in a future release leading to incompatibilities
2024-02-11T16:58:22.7293735Z         Experimental API interface com.intellij.collaboration.ui.codereview.list.search.ReviewListSearchValue is referenced in com.dsoftware.ghmanager.ui.panels.filters.WfRunsSearchHistoryModel.setLastFilter(ReviewListSearchValue) : void. This interface can be changed in a future release leading to incompatibilities
2024-02-11T16:58:22.7295583Z     #Experimental API class com.intellij.collaboration.async.CompletableFutureUtil reference
2024-02-11T16:58:22.7297241Z         Experimental API class com.intellij.collaboration.async.CompletableFutureUtil is referenced in com.dsoftware.ghmanager.data.WorkflowRunListLoader.requestLoadMore$4.invoke(List) : CompletionStage. This class can be changed in a future release leading to incompatibilities
2024-02-11T16:58:22.7299951Z         Experimental API class com.intellij.collaboration.async.CompletableFutureUtil is referenced in com.dsoftware.ghmanager.data.WorkflowDataContextService.acquireContext$1$1.invoke(ProgressIndicator) : CompletableFuture. This class can be changed in a future release leading to incompatibilities
2024-02-11T16:58:22.7302384Z         Experimental API class com.intellij.collaboration.async.CompletableFutureUtil is referenced in com.dsoftware.ghmanager.data.WorkflowRunListLoader.loadMore(boolean) : void. This class can be changed in a future release leading to incompatibilities
2024-02-11T16:58:22.7304655Z         Experimental API class com.intellij.collaboration.async.CompletableFutureUtil is referenced in com.dsoftware.ghmanager.data.WorkflowRunListLoader.loadMore$1.invoke(List, Throwable) : void. This class can be changed in a future release leading to incompatibilities
2024-02-11T16:58:22.7307125Z         Experimental API class com.intellij.collaboration.async.CompletableFutureUtil is referenced in com.dsoftware.ghmanager.data.WorkflowRunListLoader.requestLoadMore(ProgressIndicator, boolean) : CompletableFuture. This class can be changed in a future release leading to incompatibilities
2024-02-11T16:58:22.7308962Z     #Experimental API interface com.intellij.collaboration.ui.icon.AsyncImageIconsProvider.AsyncImageLoader reference
2024-02-11T16:58:22.7310986Z         Experimental API interface com.intellij.collaboration.ui.icon.AsyncImageIconsProvider.AsyncImageLoader is referenced in com.dsoftware.ghmanager.ui.panels.filters.WfRunsFiltersFactory.AvatarLoader. This interface can be changed in a future release leading to incompatibilities
2024-02-11T16:58:22.7314159Z         Experimental API interface com.intellij.collaboration.ui.icon.AsyncImageIconsProvider.AsyncImageLoader is referenced in com.dsoftware.ghmanager.ui.panels.filters.WfRunsFiltersFactory.createFilters(CoroutineScope) : List. This interface can be changed in a future release leading to incompatibilities
2024-02-11T16:58:22.7316039Z     #Experimental API class com.intellij.collaboration.ui.SimpleEventListener.Companion reference
2024-02-11T16:58:22.7317788Z         Experimental API class com.intellij.collaboration.ui.SimpleEventListener.Companion is referenced in com.dsoftware.ghmanager.data.WorkflowRunListLoader.addErrorChangeListener(Disposable, Function0) : void. This class can be changed in a future release leading to incompatibilities
2024-02-11T16:58:22.7320384Z         Experimental API class com.intellij.collaboration.ui.SimpleEventListener.Companion is referenced in com.dsoftware.ghmanager.data.WorkflowRunListLoader.addLoadingStateChangeListener(Disposable, Function0) : void. This class can be changed in a future release leading to incompatibilities
2024-02-11T16:58:22.7322977Z         Experimental API class com.intellij.collaboration.ui.SimpleEventListener.Companion is referenced in com.dsoftware.ghmanager.data.ListSelectionHolder.addSelectionChangeListener(Disposable, Function0) : void. This class can be changed in a future release leading to incompatibilities
2024-02-11T16:58:22.7325071Z     #Experimental API class com.intellij.collaboration.ui.codereview.list.search.PersistingReviewListSearchHistoryModel reference
2024-02-11T16:58:22.7327230Z         Experimental API class com.intellij.collaboration.ui.codereview.list.search.PersistingReviewListSearchHistoryModel is referenced in com.dsoftware.ghmanager.ui.panels.filters.WfRunsSearchHistoryModel.<init>(WfRunsListPersistentSearchHistory). This class can be changed in a future release leading to incompatibilities
2024-02-11T16:58:22.7330074Z         Experimental API class com.intellij.collaboration.ui.codereview.list.search.PersistingReviewListSearchHistoryModel is referenced in com.dsoftware.ghmanager.ui.panels.filters.WfRunsSearchHistoryModel. This class can be changed in a future release leading to incompatibilities
2024-02-11T16:58:22.7331789Z     #Experimental API interface com.intellij.collaboration.ui.SimpleEventListener reference
2024-02-11T16:58:22.7333464Z         Experimental API interface com.intellij.collaboration.ui.SimpleEventListener is referenced in com.dsoftware.ghmanager.data.WorkflowRunListLoader.addErrorChangeListener(Disposable, Function0) : void. This interface can be changed in a future release leading to incompatibilities
2024-02-11T16:58:22.7335990Z         Experimental API interface com.intellij.collaboration.ui.SimpleEventListener is referenced in com.dsoftware.ghmanager.data.ListSelectionHolder.special$.inlined.observable$1.afterChange(KProperty, T, T) : void. This interface can be changed in a future release leading to incompatibilities
2024-02-11T16:58:22.7338759Z         Experimental API interface com.intellij.collaboration.ui.SimpleEventListener is referenced in com.dsoftware.ghmanager.data.WorkflowRunListLoader.<init>(CheckedDisposable, GithubApiRequestExecutor, RepositoryCoordinates, GhActionsSettingsService, WorkflowRunFilter). This interface can be changed in a future release leading to incompatibilities
2024-02-11T16:58:22.7341561Z         Experimental API interface com.intellij.collaboration.ui.SimpleEventListener is referenced in com.dsoftware.ghmanager.data.WorkflowRunListLoader.addLoadingStateChangeListener(Disposable, Function0) : void. This interface can be changed in a future release leading to incompatibilities
2024-02-11T16:58:22.7344391Z         Experimental API interface com.intellij.collaboration.ui.SimpleEventListener is referenced in com.dsoftware.ghmanager.data.WorkflowRunListLoader.special$.inlined.observable$1.afterChange(KProperty, Throwable, Throwable) : void. This interface can be changed in a future release leading to incompatibilities
2024-02-11T16:58:22.7347013Z         Experimental API interface com.intellij.collaboration.ui.SimpleEventListener is referenced in com.dsoftware.ghmanager.data.ListSelectionHolder.addSelectionChangeListener(Disposable, Function0) : void. This interface can be changed in a future release leading to incompatibilities
2024-02-11T16:58:22.7349294Z         Experimental API interface com.intellij.collaboration.ui.SimpleEventListener is referenced in com.dsoftware.ghmanager.data.ListSelectionHolder.<init>(). This interface can be changed in a future release leading to incompatibilities
2024-02-11T16:58:22.7351633Z         Experimental API interface com.intellij.collaboration.ui.SimpleEventListener is referenced in com.dsoftware.ghmanager.data.WorkflowRunListLoader.special$.inlined.observable$2.afterChange(KProperty, Boolean, Boolean) : void. This interface can be changed in a future release leading to incompatibilities
2024-02-11T16:58:22.7353840Z     #Experimental API method com.intellij.collaboration.ui.icon.AsyncImageIconsProvider.AsyncImageLoader.load(T, Continuation) is overridden
2024-02-11T16:58:22.7356147Z         Experimental API method com.intellij.collaboration.ui.icon.AsyncImageIconsProvider.AsyncImageLoader.load(T arg0, kotlin.coroutines.Continuation arg1) : java.lang.Object is overridden in class com.dsoftware.ghmanager.ui.panels.filters.WfRunsFiltersFactory.AvatarLoader. This method can be changed in a future release leading to incompatibilities
2024-02-11T16:58:22.7358659Z     #Experimental API method com.intellij.collaboration.ui.SimpleEventListener.Companion.addDisposableListener(EventDispatcher, Disposable, Function0) invocation
2024-02-11T16:58:22.7361612Z         Experimental API method com.intellij.collaboration.ui.SimpleEventListener.Companion.addDisposableListener(com.intellij.util.EventDispatcher dispatcher, com.intellij.openapi.Disposable disposable, kotlin.jvm.functions.Function0 listener) : void is invoked in com.dsoftware.ghmanager.data.WorkflowRunListLoader.addErrorChangeListener(Disposable, Function0) : void. This method can be changed in a future release leading to incompatibilities
2024-02-11T16:58:22.7365626Z         Experimental API method com.intellij.collaboration.ui.SimpleEventListener.Companion.addDisposableListener(com.intellij.util.EventDispatcher dispatcher, com.intellij.openapi.Disposable disposable, kotlin.jvm.functions.Function0 listener) : void is invoked in com.dsoftware.ghmanager.data.ListSelectionHolder.addSelectionChangeListener(Disposable, Function0) : void. This method can be changed in a future release leading to incompatibilities
2024-02-11T16:58:22.7369645Z         Experimental API method com.intellij.collaboration.ui.SimpleEventListener.Companion.addDisposableListener(com.intellij.util.EventDispatcher dispatcher, com.intellij.openapi.Disposable disposable, kotlin.jvm.functions.Function0 listener) : void is invoked in com.dsoftware.ghmanager.data.WorkflowRunListLoader.addLoadingStateChangeListener(Disposable, Function0) : void. This method can be changed in a future release leading to incompatibilities
2024-02-11T16:58:22.7372084Z     #Experimental API constructor com.intellij.collaboration.ui.SingleValueModel.<init>(T) invocation
2024-02-11T16:58:22.7373938Z         Experimental API constructor com.intellij.collaboration.ui.SingleValueModel.<init>(T initialValue) is invoked in com.dsoftware.ghmanager.data.JobsLoadingModelListener.<init>(Disposable, SingleValueModel, WorkflowRunListSelectionHolder). This constructor can be changed in a future release leading to incompatibilities
2024-02-11T16:58:22.7376675Z         Experimental API constructor com.intellij.collaboration.ui.SingleValueModel.<init>(T initialValue) is invoked in com.dsoftware.ghmanager.data.LogLoadingModelListener.<init>(Disposable, SingleValueModel, JobListSelectionHolder). This constructor can be changed in a future release leading to incompatibilities
2024-02-11T16:58:22.7380145Z         Experimental API constructor com.intellij.collaboration.ui.SingleValueModel.<init>(T initialValue) is invoked in com.dsoftware.ghmanager.data.WorkflowRunSelectionContext.<init>(CheckedDisposable, Project, GithubAccount, SingleRunDataLoader, WorkflowRunListLoader, GHGitRepositoryMapping, GithubApiRequestExecutor, WorkflowRunListSelectionHolder, JobListSelectionHolder). This constructor can be changed in a future release leading to incompatibilities
2024-02-11T16:58:22.7382715Z     #Experimental API class com.intellij.collaboration.ui.codereview.list.search.ReviewListSearchPanelViewModelBase reference
2024-02-11T16:58:22.7384650Z         Experimental API class com.intellij.collaboration.ui.codereview.list.search.ReviewListSearchPanelViewModelBase is referenced in com.dsoftware.ghmanager.ui.panels.filters.WfRunsSearchPanelViewModel. This class can be changed in a future release leading to incompatibilities
2024-02-11T16:58:22.7387486Z         Experimental API class com.intellij.collaboration.ui.codereview.list.search.ReviewListSearchPanelViewModelBase is referenced in com.dsoftware.ghmanager.ui.panels.filters.WfRunsSearchPanelViewModel.<init>(CoroutineScope, WorkflowRunSelectionContext). This class can be changed in a future release leading to incompatibilities
2024-02-11T16:58:22.7389584Z     #Experimental API class com.intellij.collaboration.ui.codereview.list.search.ReviewListSearchPanelFactory reference
2024-02-11T16:58:22.7391653Z         Experimental API class com.intellij.collaboration.ui.codereview.list.search.ReviewListSearchPanelFactory is referenced in com.dsoftware.ghmanager.ui.panels.filters.WfRunsFiltersFactory.<init>(WfRunsSearchPanelViewModel). This class can be changed in a future release leading to incompatibilities
2024-02-11T16:58:22.7394483Z         Experimental API class com.intellij.collaboration.ui.codereview.list.search.ReviewListSearchPanelFactory is referenced in com.dsoftware.ghmanager.ui.panels.filters.WfRunsFiltersFactory. This class can be changed in a future release leading to incompatibilities
2024-02-11T16:58:22.7396172Z     #Experimental API method com.intellij.collaboration.ui.SingleValueModel.setValue(T) invocation
2024-02-11T16:58:22.7397779Z         Experimental API method com.intellij.collaboration.ui.SingleValueModel.setValue(T value) : void is invoked in com.dsoftware.ghmanager.data.JobsLoadingModelListener.setValue() : void. This method can be changed in a future release leading to incompatibilities
2024-02-11T16:58:22.7400165Z         Experimental API method com.intellij.collaboration.ui.SingleValueModel.setValue(T value) : void is invoked in com.dsoftware.ghmanager.data.WorkflowRunSelectionContext.setNewJobsProvider() : void. This method can be changed in a future release leading to incompatibilities
2024-02-11T16:58:22.7402566Z         Experimental API method com.intellij.collaboration.ui.SingleValueModel.setValue(T value) : void is invoked in com.dsoftware.ghmanager.data.WorkflowRunSelectionContext$2.invoke(String) : void. This method can be changed in a future release leading to incompatibilities
2024-02-11T16:58:22.7404968Z         Experimental API method com.intellij.collaboration.ui.SingleValueModel.setValue(T value) : void is invoked in com.dsoftware.ghmanager.data.WorkflowRunSelectionContext.setNewLogProvider() : void. This method can be changed in a future release leading to incompatibilities
2024-02-11T16:58:22.7407351Z         Experimental API method com.intellij.collaboration.ui.SingleValueModel.setValue(T value) : void is invoked in com.dsoftware.ghmanager.data.LogLoadingModelListener.setLogValue() : void. This method can be changed in a future release leading to incompatibilities
2024-02-11T16:58:22.7409057Z     #Experimental API method com.intellij.collaboration.ui.SingleValueModel.addAndInvokeListener(Function1) invocation
2024-02-11T16:58:22.7411494Z         Experimental API method com.intellij.collaboration.ui.SingleValueModel.addAndInvokeListener(kotlin.jvm.functions.Function1 listener) : void is invoked in com.dsoftware.ghmanager.ui.panels.JobListComponent.Companion.createJobsListComponent(SingleValueModel, WorkflowRunSelectionContext, boolean) : Pair. This method can be changed in a future release leading to incompatibilities
2024-02-11T16:58:22.7414744Z         Experimental API method com.intellij.collaboration.ui.SingleValueModel.addAndInvokeListener(kotlin.jvm.functions.Function1 listener) : void is invoked in com.dsoftware.ghmanager.data.LogLoadingModelListener.<init>(Disposable, SingleValueModel, JobListSelectionHolder). This method can be changed in a future release leading to incompatibilities
2024-02-11T16:58:22.7417958Z         Experimental API method com.intellij.collaboration.ui.SingleValueModel.addAndInvokeListener(kotlin.jvm.functions.Function1 listener) : void is invoked in com.dsoftware.ghmanager.ui.panels.LogConsolePanelKt.createLogConsolePanel(Project, LogLoadingModelListener, Disposable) : JBPanelWithEmptyText. This method can be changed in a future release leading to incompatibilities
2024-02-11T16:58:22.7421207Z         Experimental API method com.intellij.collaboration.ui.SingleValueModel.addAndInvokeListener(kotlin.jvm.functions.Function1 listener) : void is invoked in com.dsoftware.ghmanager.data.JobsLoadingModelListener.<init>(Disposable, SingleValueModel, WorkflowRunListSelectionHolder). This method can be changed in a future release leading to incompatibilities
2024-02-11T16:58:22.7423432Z     #Experimental API interface com.intellij.collaboration.ui.codereview.list.search.ChooserPopupUtil.PopupItemPresentation reference
2024-02-11T16:58:22.7425910Z         Experimental API interface com.intellij.collaboration.ui.codereview.list.search.ChooserPopupUtil.PopupItemPresentation is referenced in com.dsoftware.ghmanager.ui.panels.filters.WfRunsFiltersFactory.createFilters$6.invoke(GHUser) : ChooserPopupUtil.PopupItemPresentation. This interface can be changed in a future release leading to incompatibilities
2024-02-11T16:58:22.7429277Z         Experimental API interface com.intellij.collaboration.ui.codereview.list.search.ChooserPopupUtil.PopupItemPresentation is referenced in com.dsoftware.ghmanager.ui.panels.filters.WfRunsFiltersFactory.createFilters$11.invoke(String) : ChooserPopupUtil.PopupItemPresentation. This interface can be changed in a future release leading to incompatibilities
2024-02-11T16:58:22.7432610Z         Experimental API interface com.intellij.collaboration.ui.codereview.list.search.ChooserPopupUtil.PopupItemPresentation is referenced in com.dsoftware.ghmanager.ui.panels.filters.WfRunsFiltersFactory.createFilters$3.invoke(WorkflowType) : ChooserPopupUtil.PopupItemPresentation. This interface can be changed in a future release leading to incompatibilities
2024-02-11T16:58:22.7436275Z         Experimental API interface com.intellij.collaboration.ui.codereview.list.search.ChooserPopupUtil.PopupItemPresentation is referenced in com.dsoftware.ghmanager.ui.panels.filters.WfRunsFiltersFactory.createFilters$9.invoke(WfRunsListSearchValue.Status) : ChooserPopupUtil.PopupItemPresentation. This interface can be changed in a future release leading to incompatibilities
2024-02-11T16:58:22.7439780Z         Experimental API interface com.intellij.collaboration.ui.codereview.list.search.ChooserPopupUtil.PopupItemPresentation is referenced in com.dsoftware.ghmanager.ui.panels.filters.WfRunsFiltersFactory.createFilters$14.invoke(WfRunsListSearchValue.Event) : ChooserPopupUtil.PopupItemPresentation. This interface can be changed in a future release leading to incompatibilities
2024-02-11T16:58:22.7441953Z     #Experimental API field com.intellij.collaboration.ui.SimpleEventListener.Companion access
2024-02-11T16:58:22.7444005Z         Experimental API field com.intellij.collaboration.ui.SimpleEventListener.Companion : com.intellij.collaboration.ui.SimpleEventListener.Companion is accessed in com.dsoftware.ghmanager.data.WorkflowRunListLoader.addErrorChangeListener(Disposable, Function0) : void. This field can be changed in a future release leading to incompatibilities
2024-02-11T16:58:22.7447330Z         Experimental API field com.intellij.collaboration.ui.SimpleEventListener.Companion : com.intellij.collaboration.ui.SimpleEventListener.Companion is accessed in com.dsoftware.ghmanager.data.WorkflowRunListLoader.addLoadingStateChangeListener(Disposable, Function0) : void. This field can be changed in a future release leading to incompatibilities
2024-02-11T16:58:22.7450663Z         Experimental API field com.intellij.collaboration.ui.SimpleEventListener.Companion : com.intellij.collaboration.ui.SimpleEventListener.Companion is accessed in com.dsoftware.ghmanager.data.ListSelectionHolder.addSelectionChangeListener(Disposable, Function0) : void. This field can be changed in a future release leading to incompatibilities
2024-02-11T16:58:22.7453137Z     #Experimental API method com.intellij.collaboration.async.CompletableFutureUtil.successOnEdt$default(CompletableFutureUtil, CompletableFuture, ModalityState, Function1, int, Object) invocation
2024-02-11T16:58:22.7456684Z         Experimental API method com.intellij.collaboration.async.CompletableFutureUtil.successOnEdt$default(com.intellij.collaboration.async.CompletableFutureUtil arg0, java.util.concurrent.CompletableFuture arg1, com.intellij.openapi.application.ModalityState arg2, kotlin.jvm.functions.Function1 arg3, int arg4, java.lang.Object arg5) : java.util.concurrent.CompletableFuture is invoked in com.dsoftware.ghmanager.data.WorkflowDataContextService.acquireContext$1$1.invoke(ProgressIndicator) : CompletableFuture. This method can be changed in a future release leading to incompatibilities
2024-02-11T16:58:22.7460155Z     #Experimental API method com.intellij.collaboration.ui.codereview.list.search.ReviewListSearchHistoryModel.setLastFilter(S) is overridden
2024-02-11T16:58:22.7462301Z         Experimental API method com.intellij.collaboration.ui.codereview.list.search.ReviewListSearchHistoryModel.setLastFilter(S arg0) : void is overridden in class com.dsoftware.ghmanager.ui.panels.filters.WfRunsSearchHistoryModel. This method can be changed in a future release leading to incompatibilities
2024-02-11T16:58:22.7464619Z     #Experimental API method com.intellij.collaboration.ui.codereview.list.search.ReviewListSearchPanelViewModelBase.partialState(MutableStateFlow, Function1, Function2) invocation
2024-02-11T16:58:22.7467926Z         Experimental API method com.intellij.collaboration.ui.codereview.list.search.ReviewListSearchPanelViewModelBase.partialState(kotlinx.coroutines.flow.MutableStateFlow $this$partialState, kotlin.jvm.functions.Function1 getter, kotlin.jvm.functions.Function2 updater) : kotlinx.coroutines.flow.MutableStateFlow is invoked in com.dsoftware.ghmanager.ui.panels.filters.WfRunsSearchPanelViewModel.<init>(CoroutineScope, WorkflowRunSelectionContext). This method can be changed in a future release leading to incompatibilities
2024-02-11T16:58:22.7471040Z     #Experimental API constructor com.intellij.collaboration.ui.codereview.list.search.DropDownComponentFactory.<init>(MutableStateFlow) invocation
2024-02-11T16:58:22.7473661Z         Experimental API constructor com.intellij.collaboration.ui.codereview.list.search.DropDownComponentFactory.<init>(kotlinx.coroutines.flow.MutableStateFlow state) is invoked in com.dsoftware.ghmanager.ui.panels.filters.WfRunsFiltersFactory.createFilters(CoroutineScope) : List. This constructor can be changed in a future release leading to incompatibilities
2024-02-11T16:58:22.7476087Z     #Experimental API method com.intellij.collaboration.async.CompletableFutureUtil.submitIOTask(ProgressManager, ProgressIndicator, Function1) invocation
2024-02-11T16:58:22.7479124Z         Experimental API method com.intellij.collaboration.async.CompletableFutureUtil.submitIOTask(com.intellij.openapi.progress.ProgressManager $this$submitIOTask, com.intellij.openapi.progress.ProgressIndicator progressIndicator, kotlin.jvm.functions.Function1 task) : java.util.concurrent.CompletableFuture is invoked in com.dsoftware.ghmanager.data.WorkflowRunListLoader.requestLoadMore(ProgressIndicator, boolean) : CompletableFuture. This method can be changed in a future release leading to incompatibilities
2024-02-11T16:58:22.7483835Z         Experimental API method com.intellij.collaboration.async.CompletableFutureUtil.submitIOTask(com.intellij.openapi.progress.ProgressManager $this$submitIOTask, com.intellij.openapi.progress.ProgressIndicator progressIndicator, kotlin.jvm.functions.Function1 task) : java.util.concurrent.CompletableFuture is invoked in com.dsoftware.ghmanager.data.WorkflowRunListLoader.requestLoadMore$4.invoke(List) : CompletionStage. This method can be changed in a future release leading to incompatibilities
2024-02-11T16:58:22.7488447Z         Experimental API method com.intellij.collaboration.async.CompletableFutureUtil.submitIOTask(com.intellij.openapi.progress.ProgressManager $this$submitIOTask, com.intellij.openapi.progress.ProgressIndicator progressIndicator, kotlin.jvm.functions.Function1 task) : java.util.concurrent.CompletableFuture is invoked in com.dsoftware.ghmanager.data.WorkflowDataContextService.acquireContext$1$1.invoke(ProgressIndicator) : CompletableFuture. This method can be changed in a future release leading to incompatibilities
2024-02-11T16:58:22.7491382Z     #Experimental API method com.intellij.collaboration.ui.codereview.list.search.ReviewListQuickFilter.getFilter() is overridden
2024-02-11T16:58:22.7493396Z         Experimental API method com.intellij.collaboration.ui.codereview.list.search.ReviewListQuickFilter.getFilter() : S is overridden in class com.dsoftware.ghmanager.ui.panels.filters.WorkflowRunListQuickFilter.InProgres. This method can be changed in a future release leading to incompatibilities
2024-02-11T16:58:22.7496255Z         Experimental API method com.intellij.collaboration.ui.codereview.list.search.ReviewListQuickFilter.getFilter() : S is overridden in class com.dsoftware.ghmanager.ui.panels.filters.WorkflowRunListQuickFilter.All. This method can be changed in a future release leading to incompatibilities
2024-02-11T16:58:22.7498074Z     #Experimental API field com.intellij.collaboration.async.CompletableFutureUtil.INSTANCE access
2024-02-11T16:58:22.7499970Z         Experimental API field com.intellij.collaboration.async.CompletableFutureUtil.INSTANCE : com.intellij.collaboration.async.CompletableFutureUtil is accessed in com.dsoftware.ghmanager.data.WorkflowRunListLoader.loadMore(boolean) : void. This field can be changed in a future release leading to incompatibilities
2024-02-11T16:58:22.7503003Z         Experimental API field com.intellij.collaboration.async.CompletableFutureUtil.INSTANCE : com.intellij.collaboration.async.CompletableFutureUtil is accessed in com.dsoftware.ghmanager.data.WorkflowDataContextService.acquireContext$1$1.invoke(ProgressIndicator) : CompletableFuture. This field can be changed in a future release leading to incompatibilities
2024-02-11T16:58:22.7506241Z         Experimental API field com.intellij.collaboration.async.CompletableFutureUtil.INSTANCE : com.intellij.collaboration.async.CompletableFutureUtil is accessed in com.dsoftware.ghmanager.data.WorkflowRunListLoader.requestLoadMore(ProgressIndicator, boolean) : CompletableFuture. This field can be changed in a future release leading to incompatibilities
2024-02-11T16:58:22.7509407Z         Experimental API field com.intellij.collaboration.async.CompletableFutureUtil.INSTANCE : com.intellij.collaboration.async.CompletableFutureUtil is accessed in com.dsoftware.ghmanager.data.WorkflowRunListLoader.requestLoadMore$4.invoke(List) : CompletionStage. This field can be changed in a future release leading to incompatibilities
2024-02-11T16:58:22.7512707Z         Experimental API field com.intellij.collaboration.async.CompletableFutureUtil.INSTANCE : com.intellij.collaboration.async.CompletableFutureUtil is accessed in com.dsoftware.ghmanager.data.WorkflowRunListLoader.loadMore$1.invoke(List, Throwable) : void. This field can be changed in a future release leading to incompatibilities
2024-02-11T16:58:22.7515011Z     #Experimental API class com.intellij.collaboration.ui.icon.AsyncImageIconsProvider reference
2024-02-11T16:58:22.7517103Z         Experimental API class com.intellij.collaboration.ui.icon.AsyncImageIconsProvider is referenced in com.dsoftware.ghmanager.ui.panels.filters.WfRunsFiltersFactory.createFilters(CoroutineScope) : List. This class can be changed in a future release leading to incompatibilities
2024-02-11T16:58:22.7519214Z     #Experimental API method com.intellij.collaboration.ui.icon.AsyncImageIconsProvider.AsyncImageLoader.postProcess(Image, Continuation) is overridden
2024-02-11T16:58:22.7521790Z         Experimental API method com.intellij.collaboration.ui.icon.AsyncImageIconsProvider.AsyncImageLoader.postProcess(java.awt.Image image, kotlin.coroutines.Continuation $completion) : java.lang.Object is overridden in class com.dsoftware.ghmanager.ui.panels.filters.WfRunsFiltersFactory.AvatarLoader. This method can be changed in a future release leading to incompatibilities
2024-02-11T16:58:22.7524426Z     #Experimental API method com.intellij.collaboration.ui.codereview.list.search.ReviewListSearchPanelFactory.getQuickFilterTitle(Q) is overridden
2024-02-11T16:58:22.7526761Z         Experimental API method com.intellij.collaboration.ui.codereview.list.search.ReviewListSearchPanelFactory.getQuickFilterTitle(Q arg0) : java.lang.String is overridden in class com.dsoftware.ghmanager.ui.panels.filters.WfRunsFiltersFactory. This method can be changed in a future release leading to incompatibilities
2024-02-11T16:58:22.7529167Z     #Experimental API method com.intellij.collaboration.ui.codereview.list.search.PersistingReviewListSearchHistoryModel.getPersistentHistory() is overridden
2024-02-11T16:58:22.7531843Z         Experimental API method com.intellij.collaboration.ui.codereview.list.search.PersistingReviewListSearchHistoryModel.getPersistentHistory() : java.util.List is overridden in class com.dsoftware.ghmanager.ui.panels.filters.WfRunsSearchHistoryModel. This method can be changed in a future release leading to incompatibilities
2024-02-11T16:58:22.7534180Z     #Experimental API method com.intellij.collaboration.ui.icon.AsyncImageIconsProvider.AsyncImageLoader.createBaseIcon(T, int) is overridden
2024-02-11T16:58:22.7536567Z         Experimental API method com.intellij.collaboration.ui.icon.AsyncImageIconsProvider.AsyncImageLoader.createBaseIcon(T key, int iconSize) : javax.swing.Icon is overridden in class com.dsoftware.ghmanager.ui.panels.filters.WfRunsFiltersFactory.AvatarLoader. This method can be changed in a future release leading to incompatibilities
2024-02-11T16:58:22.7539080Z     #Experimental API method com.intellij.collaboration.async.CompletableFutureUtil.handleOnEdt$default(CompletableFutureUtil, CompletableFuture, ModalityState, Function2, int, Object) invocation
2024-02-11T16:58:22.7542442Z         Experimental API method com.intellij.collaboration.async.CompletableFutureUtil.handleOnEdt$default(com.intellij.collaboration.async.CompletableFutureUtil arg0, java.util.concurrent.CompletableFuture arg1, com.intellij.openapi.application.ModalityState arg2, kotlin.jvm.functions.Function2 arg3, int arg4, java.lang.Object arg5) : java.util.concurrent.CompletableFuture is invoked in com.dsoftware.ghmanager.data.WorkflowRunListLoader.loadMore(boolean) : void. This method can be changed in a future release leading to incompatibilities
2024-02-11T16:58:22.7545622Z     #Experimental API interface com.intellij.collaboration.ui.codereview.list.search.ReviewListSearchPanelViewModel reference
2024-02-11T16:58:22.7547755Z         Experimental API interface com.intellij.collaboration.ui.codereview.list.search.ReviewListSearchPanelViewModel is referenced in com.dsoftware.ghmanager.ui.panels.filters.WfRunsFiltersFactory.<init>(WfRunsSearchPanelViewModel). This interface can be changed in a future release leading to incompatibilities
2024-02-11T16:58:22.7550109Z     #Experimental API constructor com.intellij.collaboration.ui.codereview.list.search.ChooserPopupUtil.PopupItemPresentation.Simple.<init>(String, Icon, String) invocation
2024-02-11T16:58:22.7553523Z         Experimental API constructor com.intellij.collaboration.ui.codereview.list.search.ChooserPopupUtil.PopupItemPresentation.Simple.<init>(java.lang.String shortText, javax.swing.Icon icon, java.lang.String fullText) is invoked in com.dsoftware.ghmanager.ui.panels.filters.WfRunsFiltersFactory.createFilters$6.invoke(GHUser) : ChooserPopupUtil.PopupItemPresentation. This constructor can be changed in a future release leading to incompatibilities
2024-02-11T16:58:22.7556261Z     #Experimental API method com.intellij.collaboration.ui.icon.CachingIconsProvider.getIcon(T, int) invocation
2024-02-11T16:58:22.7558615Z         Experimental API method com.intellij.collaboration.ui.icon.CachingIconsProvider.getIcon(T key, int iconSize) : javax.swing.Icon is invoked in com.dsoftware.ghmanager.ui.panels.filters.WfRunsFiltersFactory.createFilters$6.invoke(GHUser) : ChooserPopupUtil.PopupItemPresentation. This method can be changed in a future release leading to incompatibilities
2024-02-11T16:58:22.7561139Z     #Experimental API method com.intellij.collaboration.ui.codereview.list.search.PersistingReviewListSearchHistoryModel.setPersistentHistory(List) is overridden
2024-02-11T16:58:22.7563674Z         Experimental API method com.intellij.collaboration.ui.codereview.list.search.PersistingReviewListSearchHistoryModel.setPersistentHistory(java.util.List arg0) : void is overridden in class com.dsoftware.ghmanager.ui.panels.filters.WfRunsSearchHistoryModel. This method can be changed in a future release leading to incompatibilities
2024-02-11T16:58:22.7566000Z     #Experimental API class com.intellij.collaboration.ui.icon.CachingIconsProvider reference
2024-02-11T16:58:22.7567908Z         Experimental API class com.intellij.collaboration.ui.icon.CachingIconsProvider is referenced in com.dsoftware.ghmanager.ui.panels.filters.WfRunsFiltersFactory.createFilters$6.invoke(GHUser) : ChooserPopupUtil.PopupItemPresentation. This class can be changed in a future release leading to incompatibilities
2024-02-11T16:58:22.7570704Z         Experimental API class com.intellij.collaboration.ui.icon.CachingIconsProvider is referenced in com.dsoftware.ghmanager.ui.panels.filters.WfRunsFiltersFactory.createFilters$6.<init>(CachingIconsProvider). This class can be changed in a future release leading to incompatibilities
2024-02-11T16:58:22.7573381Z         Experimental API class com.intellij.collaboration.ui.icon.CachingIconsProvider is referenced in com.dsoftware.ghmanager.ui.panels.filters.WfRunsFiltersFactory.createFilters(CoroutineScope) : List. This class can be changed in a future release leading to incompatibilities
2024-02-11T16:58:22.7576059Z         Experimental API class com.intellij.collaboration.ui.icon.CachingIconsProvider is referenced in com.dsoftware.ghmanager.ui.panels.filters.WfRunsFiltersFactory.createFilters$6.$avatarIconsProvider : CachingIconsProvider. This class can be changed in a future release leading to incompatibilities
2024-02-11T16:58:22.7578063Z     #Experimental API method com.intellij.collaboration.async.CompletableFutureUtil.isCancellation(Throwable) invocation
2024-02-11T16:58:22.7580223Z         Experimental API method com.intellij.collaboration.async.CompletableFutureUtil.isCancellation(java.lang.Throwable error) : boolean is invoked in com.dsoftware.ghmanager.data.WorkflowRunListLoader.loadMore$1.invoke(List, Throwable) : void. This method can be changed in a future release leading to incompatibilities
2024-02-11T16:58:22.7582550Z     #Experimental API method com.intellij.collaboration.ui.codereview.list.search.ReviewListSearchPanelFactory.getVm() invocation
2024-02-11T16:58:22.7584828Z         Experimental API method com.intellij.collaboration.ui.codereview.list.search.ReviewListSearchPanelFactory.getVm() : VM is invoked in com.dsoftware.ghmanager.ui.panels.filters.WfRunsFiltersFactory.createFilters(CoroutineScope) : List. This method can be changed in a future release leading to incompatibilities
2024-02-11T16:58:22.7587225Z     #Experimental API method com.intellij.collaboration.ui.codereview.list.search.DropDownComponentFactory.create(CoroutineScope, String, List, Function0, Function1, Function1) invocation
2024-02-11T16:58:22.7590859Z         Experimental API method com.intellij.collaboration.ui.codereview.list.search.DropDownComponentFactory.create(kotlinx.coroutines.CoroutineScope vmScope, java.lang.String filterName, java.util.List items, kotlin.jvm.functions.Function0 onSelect, kotlin.jvm.functions.Function1 valuePresenter, kotlin.jvm.functions.Function1 popupItemPresenter) : javax.swing.JComponent is invoked in com.dsoftware.ghmanager.ui.panels.filters.WfRunsFiltersFactory.createFilters(CoroutineScope) : List. This method can be changed in a future release leading to incompatibilities
2024-02-11T16:58:22.7594558Z     #Experimental API method com.intellij.collaboration.ui.codereview.list.search.ReviewListSearchPanelViewModelBase.withQuery(S, String) is overridden
2024-02-11T16:58:22.7596987Z         Experimental API method com.intellij.collaboration.ui.codereview.list.search.ReviewListSearchPanelViewModelBase.withQuery(S arg0, java.lang.String arg1) : S is overridden in class com.dsoftware.ghmanager.ui.panels.filters.WfRunsSearchPanelViewModel. This method can be changed in a future release leading to incompatibilities
2024-02-11T16:58:22.7599346Z     #Experimental API method com.intellij.collaboration.ui.codereview.list.search.ReviewListSearchPanelViewModel.getQuickFilters() is overridden
2024-02-11T16:58:22.7601717Z         Experimental API method com.intellij.collaboration.ui.codereview.list.search.ReviewListSearchPanelViewModel.getQuickFilters() : java.util.List is overridden in class com.dsoftware.ghmanager.ui.panels.filters.WfRunsSearchPanelViewModel. This method can be changed in a future release leading to incompatibilities
2024-02-11T16:58:22.7604243Z     #Experimental API method com.intellij.collaboration.ui.codereview.list.search.ReviewListSearchPanelFactory.getShortText(S) is overridden
2024-02-11T16:58:22.7606562Z         Experimental API method com.intellij.collaboration.ui.codereview.list.search.ReviewListSearchPanelFactory.getShortText(S arg0) : java.lang.String is overridden in class com.dsoftware.ghmanager.ui.panels.filters.WfRunsFiltersFactory. This method can be changed in a future release leading to incompatibilities
2024-02-11T16:58:22.7609154Z     #Experimental API constructor com.intellij.collaboration.ui.codereview.list.search.ReviewListSearchPanelViewModelBase.<init>(CoroutineScope, ReviewListSearchHistoryModel, S, Q) invocation
2024-02-11T16:58:22.7612574Z         Experimental API constructor com.intellij.collaboration.ui.codereview.list.search.ReviewListSearchPanelViewModelBase.<init>(kotlinx.coroutines.CoroutineScope scope, com.intellij.collaboration.ui.codereview.list.search.ReviewListSearchHistoryModel historyModel, S emptySearch, Q defaultQuickFilter) is invoked in com.dsoftware.ghmanager.ui.panels.filters.WfRunsSearchPanelViewModel.<init>(CoroutineScope, WorkflowRunSelectionContext). This constructor can be changed in a future release leading to incompatibilities
2024-02-11T16:58:22.7616196Z     #Experimental API constructor com.intellij.collaboration.ui.codereview.list.search.PersistingReviewListSearchHistoryModel.<init>(int, int, DefaultConstructorMarker) invocation
2024-02-11T16:58:22.7619035Z         Experimental API constructor com.intellij.collaboration.ui.codereview.list.search.PersistingReviewListSearchHistoryModel.<init>(int arg0, int arg1, kotlin.jvm.internal.DefaultConstructorMarker arg2) is invoked in com.dsoftware.ghmanager.ui.panels.filters.WfRunsSearchHistoryModel.<init>(WfRunsListPersistentSearchHistory). This constructor can be changed in a future release leading to incompatibilities
2024-02-11T16:58:22.7621724Z     #Experimental API method com.intellij.collaboration.ui.codereview.list.search.ReviewListSearchPanelFactory.createFilters(CoroutineScope) is overridden
2024-02-11T16:58:22.7624277Z         Experimental API method com.intellij.collaboration.ui.codereview.list.search.ReviewListSearchPanelFactory.createFilters(kotlinx.coroutines.CoroutineScope arg0) : java.util.List is overridden in class com.dsoftware.ghmanager.ui.panels.filters.WfRunsFiltersFactory. This method can be changed in a future release leading to incompatibilities
2024-02-11T16:58:22.7627229Z     #Experimental API method com.intellij.collaboration.ui.codereview.list.search.DropDownComponentFactory.create$default(DropDownComponentFactory, CoroutineScope, String, List, Function0, Function1, Function1, int, Object) invocation
2024-02-11T16:58:22.7631442Z         Experimental API method com.intellij.collaboration.ui.codereview.list.search.DropDownComponentFactory.create$default(com.intellij.collaboration.ui.codereview.list.search.DropDownComponentFactory arg0, kotlinx.coroutines.CoroutineScope arg1, java.lang.String arg2, java.util.List arg3, kotlin.jvm.functions.Function0 arg4, kotlin.jvm.functions.Function1 arg5, kotlin.jvm.functions.Function1 arg6, int arg7, java.lang.Object arg8) : javax.swing.JComponent is invoked in com.dsoftware.ghmanager.ui.panels.filters.WfRunsFiltersFactory.createFilters(CoroutineScope) : List. This method can be changed in a future release leading to incompatibilities
2024-02-11T16:58:22.7635284Z     #Experimental API interface com.intellij.collaboration.ui.codereview.list.search.ReviewListSearchHistoryModel reference
2024-02-11T16:58:22.7637513Z         Experimental API interface com.intellij.collaboration.ui.codereview.list.search.ReviewListSearchHistoryModel is referenced in com.dsoftware.ghmanager.ui.panels.filters.WfRunsSearchPanelViewModel.<init>(CoroutineScope, WorkflowRunSelectionContext). This interface can be changed in a future release leading to incompatibilities
2024-02-11T16:58:22.7640027Z     #Experimental API method com.intellij.collaboration.ui.codereview.list.search.ReviewListSearchValue.getSearchQuery() is overridden
2024-02-11T16:58:22.7642182Z         Experimental API method com.intellij.collaboration.ui.codereview.list.search.ReviewListSearchValue.getSearchQuery() : java.lang.String is overridden in class com.dsoftware.ghmanager.ui.panels.filters.WfRunsListSearchValue. This method can be changed in a future release leading to incompatibilities
2024-02-11T16:58:22.7644483Z     #Experimental API constructor com.intellij.collaboration.ui.icon.AsyncImageIconsProvider.<init>(CoroutineScope, AsyncImageIconsProvider.AsyncImageLoader) invocation
2024-02-11T16:58:22.7647333Z         Experimental API constructor com.intellij.collaboration.ui.icon.AsyncImageIconsProvider.<init>(kotlinx.coroutines.CoroutineScope scope, com.intellij.collaboration.ui.icon.AsyncImageIconsProvider.AsyncImageLoader loader) is invoked in com.dsoftware.ghmanager.ui.panels.filters.WfRunsFiltersFactory.createFilters(CoroutineScope) : List. This constructor can be changed in a future release leading to incompatibilities
2024-02-11T16:58:22.7650007Z     #Experimental API constructor com.intellij.collaboration.ui.codereview.list.search.ReviewListSearchPanelFactory.<init>(VM) invocation
2024-02-11T16:58:22.7652281Z         Experimental API constructor com.intellij.collaboration.ui.codereview.list.search.ReviewListSearchPanelFactory.<init>(VM vm) is invoked in com.dsoftware.ghmanager.ui.panels.filters.WfRunsFiltersFactory.<init>(WfRunsSearchPanelViewModel). This constructor can be changed in a future release leading to incompatibilities
2024-02-11T16:58:22.7654092Z     Plugin can probably be enabled or disabled without IDE restart
2024-02-11T16:58:22.7654484Z
2024-02-11T16:58:22.7655221Z 2024-02-11T16:58:22 [main] INFO  verification - Total time spent downloading plugins and their dependencies: 193 ms
2024-02-11T16:58:22.7656355Z 2024-02-11T16:58:22 [main] INFO  verification - Total amount of plugins and dependencies downloaded: 692.08 KB
2024-02-11T16:58:22.7657458Z 2024-02-11T16:58:22 [main] INFO  verification - Total amount of space used for plugins and dependencies: 692.08 KB
2024-02-11T16:58:22.7659060Z 2024-02-11T16:58:22 [main] INFO  verification - Verification reports for com.dsoftware.ghtoolbar:1.15.3 saved to /home/runner/work/ghactions-manager/ghactions-manager/build/reports/pluginVerifier/IC-233.14475.9
2024-02-11T16:58:22.7660586Z 2024-02-11T16:58:22 [main] INFO  verification - Total time spent in plugin verification: 11 s 754 ms
2024-02-11T16:58:23.0267277Z
2024-02-11T16:58:23.0280122Z Deprecated Gradle features were used in this build, making it incompatible with Gradle 9.0.
2024-02-11T16:58:23.0281166Z
2024-02-11T16:58:23.0282679Z You can use '--warning-mode all' to show the individual deprecation warnings and determine if they come from your own scripts or plugins.
2024-02-11T16:58:23.0284179Z
2024-02-11T16:58:23.0285439Z For more on this, please refer to https://docs.gradle.org/8.5/userguide/command_line_interface.html#sec:command_line_warnings in the Gradle documentation.
2024-02-11T16:58:23.0392031Z
2024-02-11T16:58:23.0393737Z BUILD SUCCESSFUL in 49s
2024-02-11T16:58:23.0394466Z 19 actionable tasks: 11 executed, 1 from cache, 7 up-to-date
2024-02-11T16:58:23.0395125Z Configuration cache entry stored.
2024-02-11T16:58:23.0424481Z ##[group]Run PROPERTIES="$(./gradlew properties --console=plain -q)"
2024-02-11T16:58:23.0425323Z [36;1mPROPERTIES="$(./gradlew properties --console=plain -q)"[0m
2024-02-11T16:58:23.0426033Z [36;1mVERSION="$(echo "$PROPERTIES" | grep "^version:" | cut -f2- -d ' ')"[0m
2024-02-11T16:58:23.0426879Z [36;1mCHANGELOG="$(./gradlew getChangelog --unreleased --no-header --console=plain -q)"[0m
2024-02-11T16:58:23.0427495Z [36;1m[0m
2024-02-11T16:58:23.0427885Z [36;1mecho "version=$VERSION" >> $GITHUB_OUTPUT[0m
2024-02-11T16:58:23.0428574Z [36;1mecho "pluginVerifierHomeDir=~/.pluginVerifier" >> $GITHUB_OUTPUT[0m
2024-02-11T16:58:23.0429317Z [36;1m[0m
2024-02-11T16:58:23.0429682Z [36;1mecho "changelog<<EOF" >> $GITHUB_OUTPUT[0m
2024-02-11T16:58:23.0430259Z [36;1mecho "$CHANGELOG" >> $GITHUB_OUTPUT[0m
2024-02-11T16:58:23.0430728Z [36;1mecho "EOF" >> $GITHUB_OUTPUT[0m
2024-02-11T16:58:23.0431132Z [36;1m[0m
2024-02-11T16:58:23.0431782Z [36;1m./gradlew listProductsReleases # prepare list of IDEs for Plugin Verifier[0m
2024-02-11T16:58:23.0498334Z shell: /usr/bin/bash --noprofile --norc -e -o pipefail {0}
2024-02-11T16:58:23.0498812Z env:
2024-02-11T16:58:23.0499346Z   JAVA_HOME: /opt/hostedtoolcache/Java_Zulu_jdk/17.0.10-7/x64
2024-02-11T16:58:23.0499988Z   JAVA_HOME_17_X64: /opt/hostedtoolcache/Java_Zulu_jdk/17.0.10-7/x64
2024-02-11T16:58:23.0500477Z ##[endgroup]
2024-02-11T16:58:25.6350638Z Calculating task graph as no cached configuration is available for tasks: listProductsReleases
2024-02-11T16:58:26.6180525Z > Task :initializeIntelliJPlugin SKIPPED
2024-02-11T16:58:26.6182911Z > Task :patchPluginXml UP-TO-DATE
2024-02-11T16:58:26.6185120Z > Task :downloadIdeaProductReleasesXml
2024-02-11T16:58:26.6187763Z > Task :downloadAndroidStudioProductReleasesXml
2024-02-11T16:58:26.6190172Z > Task :listProductsReleases UP-TO-DATE
2024-02-11T16:58:26.6191244Z
2024-02-11T16:58:26.6193226Z BUILD SUCCESSFUL in 1s
2024-02-11T16:58:26.6196838Z 4 actionable tasks: 2 executed, 2 up-to-date
2024-02-11T16:58:26.6211854Z Configuration cache entry stored.
2024-02-11T16:58:26.7065791Z ##[group]Run actions/cache@v4
2024-02-11T16:58:26.7066261Z with:
2024-02-11T16:58:26.7066594Z   path: ~/.pluginVerifier/ides
2024-02-11T16:58:26.7067320Z   key: plugin-verifier-ada079ec5b1c58d88bd59b8f5d4a4e5b63d5b6e82ab90e3642dd7a00f67df87d
2024-02-11T16:58:26.7068066Z   enableCrossOsArchive: false
2024-02-11T16:58:26.7068466Z   fail-on-cache-miss: false
2024-02-11T16:58:26.7068902Z   lookup-only: false
2024-02-11T16:58:26.7069263Z   save-always: false
2024-02-11T16:58:26.7069576Z env:
2024-02-11T16:58:26.7070075Z   JAVA_HOME: /opt/hostedtoolcache/Java_Zulu_jdk/17.0.10-7/x64
2024-02-11T16:58:26.7070694Z   JAVA_HOME_17_X64: /opt/hostedtoolcache/Java_Zulu_jdk/17.0.10-7/x64
2024-02-11T16:58:26.7071205Z ##[endgroup]
2024-02-11T16:58:26.9067031Z Cache not found for input keys: plugin-verifier-ada079ec5b1c58d88bd59b8f5d4a4e5b63d5b6e82ab90e3642dd7a00f67df87d
2024-02-11T16:58:26.9147073Z ##[group]Run ./gradlew runPluginVerifier -Pplugin.verifier.home.dir=~/.pluginVerifier
2024-02-11T16:58:26.9147982Z [36;1m./gradlew runPluginVerifier -Pplugin.verifier.home.dir=~/.pluginVerifier[0m
2024-02-11T16:58:26.9213734Z shell: /usr/bin/bash -e {0}
2024-02-11T16:58:26.9214242Z env:
2024-02-11T16:58:26.9214724Z   JAVA_HOME: /opt/hostedtoolcache/Java_Zulu_jdk/17.0.10-7/x64
2024-02-11T16:58:26.9215442Z   JAVA_HOME_17_X64: /opt/hostedtoolcache/Java_Zulu_jdk/17.0.10-7/x64
2024-02-11T16:58:26.9215971Z ##[endgroup]
2024-02-11T16:58:27.6065770Z Calculating task graph as configuration cache cannot be reused because the set of Gradle properties has changed.
2024-02-11T16:58:29.3064216Z > Task :initializeIntelliJPlugin SKIPPED
2024-02-11T16:58:29.3065423Z > Task :checkKotlinGradlePluginConfigurationErrors
2024-02-11T16:58:29.3067094Z > Task :patchPluginXml UP-TO-DATE
2024-02-11T16:58:29.3068083Z > Task :processResources UP-TO-DATE
2024-02-11T16:58:29.3069236Z > Task :verifyPluginConfiguration
2024-02-11T16:58:29.3070165Z > Task :downloadIdeaProductReleasesXml
2024-02-11T16:58:29.3071313Z > Task :downloadAndroidStudioProductReleasesXml
2024-02-11T16:58:29.3072950Z > Task :listProductsReleases UP-TO-DATE
2024-02-11T16:58:29.3080032Z > Task :compileKotlin UP-TO-DATE
2024-02-11T16:58:29.3081198Z > Task :compileJava NO-SOURCE
2024-02-11T16:58:29.3093021Z > Task :classes UP-TO-DATE
2024-02-11T16:58:29.3094132Z > Task :instrumentCode UP-TO-DATE
2024-02-11T16:58:29.3095211Z > Task :jar UP-TO-DATE
2024-02-11T16:58:29.3097759Z > Task :instrumentedJar UP-TO-DATE
2024-02-11T16:58:29.3113714Z > Task :prepareSandbox UP-TO-DATE
2024-02-11T16:58:29.3122330Z > Task :buildSearchableOptions UP-TO-DATE
2024-02-11T16:58:29.3123462Z > Task :compileTestKotlin UP-TO-DATE
2024-02-11T16:58:29.3126108Z > Task :jarSearchableOptions UP-TO-DATE
2024-02-11T16:58:29.3127212Z > Task :classpathIndexCleanup
2024-02-11T16:58:29.3128071Z > Task :buildPlugin UP-TO-DATE
2024-02-11T16:58:29.3128799Z > Task :verifyPlugin
2024-02-11T16:58:31.3048466Z
2024-02-11T16:58:31.3049193Z > Task :runPluginVerifier
2024-02-11T16:58:31.3050423Z Starting the IntelliJ Plugin Verifier 1.307
2024-02-11T16:58:31.3053195Z 2024-02-11T16:58:29 [main] INFO  c.j.p.options.OptionsParser - Delete the verification directory /home/runner/work/ghactions-manager/ghactions-manager/build/reports/pluginVerifier because it isn't empty
2024-02-11T16:58:31.3056522Z Verification reports directory: /home/runner/work/ghactions-manager/ghactions-manager/build/reports/pluginVerifier
2024-02-11T16:58:31.3059139Z 2024-02-11T16:58:30 [main] INFO  verification - Reading IDE /home/runner/.cache/pluginVerifier/ides/IC-233.14475.9
2024-02-11T16:58:31.3061496Z 2024-02-11T16:58:30 [main] INFO  c.j.p.options.OptionsParser - Reading IDE from /home/runner/.cache/pluginVerifier/ides/IC-233.14475.9
2024-02-11T16:58:31.3065090Z 2024-02-11T16:58:30 [main] INFO  c.j.p.options.OptionsParser - Using Java runtime from /home/runner/.gradle/caches/modules-2/files-2.1/com.jetbrains/jbre/jbr_jcef-17.0.9-linux-x64-b1087.11/extracted/jbr_jcef-17.0.9-linux-x64-b1087.11
2024-02-11T16:58:37.8051532Z 2024-02-11T16:58:37 [main] INFO  verification - Reading plugin to check from /home/runner/work/ghactions-manager/ghactions-manager/build/distributions/github-actions-manager-1.15.3.zip
2024-02-11T16:58:38.9054732Z 2024-02-11T16:58:38 [main] INFO  verification - Task check-plugin parameters:
2024-02-11T16:58:38.9056324Z Scheduled verifications (1):
2024-02-11T16:58:38.9057564Z com.dsoftware.ghtoolbar:1.15.3 against IC-233.14475.9
2024-02-11T16:58:38.9058834Z
2024-02-11T16:58:40.7051135Z 2024-02-11T16:58:40 [main] INFO  verification - Finished 1 of 1 verifications (in 1.8 s): IC-233.14475.9 against com.dsoftware.ghtoolbar:1.15.3: Compatible. 142 usages of experimental API
2024-02-11T16:58:40.7055046Z Plugin com.dsoftware.ghtoolbar:1.15.3 against IC-233.14475.9: Compatible. 142 usages of experimental API
2024-02-11T16:58:40.7056859Z Experimental API usages (142):
2024-02-11T16:58:40.7059701Z     #Experimental API method com.intellij.collaboration.ui.codereview.list.search.ReviewListSearchPanelFactory.create(CoroutineScope) invocation
2024-02-11T16:58:40.7064979Z         Experimental API method com.intellij.collaboration.ui.codereview.list.search.ReviewListSearchPanelFactory.create(kotlinx.coroutines.CoroutineScope viewScope) : javax.swing.JComponent is invoked in com.dsoftware.ghmanager.ui.panels.filters.WfRunsFiltersFactory.createWfRunsFiltersPanel(CoroutineScope) : JComponent. This method can be changed in a future release leading to incompatibilities
2024-02-11T16:58:40.7069245Z     #Experimental API class com.intellij.collaboration.ui.SingleValueModel reference
2024-02-11T16:58:40.7072879Z         Experimental API class com.intellij.collaboration.ui.SingleValueModel is referenced in com.dsoftware.ghmanager.ui.panels.JobListComponent.Companion.createJobsListComponent(SingleValueModel, WorkflowRunSelectionContext, boolean) : Pair. This class can be changed in a future release leading to incompatibilities
2024-02-11T16:58:40.7079536Z         Experimental API class com.intellij.collaboration.ui.SingleValueModel is referenced in com.dsoftware.ghmanager.data.WorkflowRunSelectionContext.<init>(CheckedDisposable, Project, GithubAccount, SingleRunDataLoader, WorkflowRunListLoader, GHGitRepositoryMapping, GithubApiRequestExecutor, WorkflowRunListSelectionHolder, JobListSelectionHolder). This class can be changed in a future release leading to incompatibilities
2024-02-11T16:58:40.7085102Z         Experimental API class com.intellij.collaboration.ui.SingleValueModel is referenced in com.dsoftware.ghmanager.data.LogLoadingModelListener.setLogValue() : void. This class can be changed in a future release leading to incompatibilities
2024-02-11T16:58:40.7090416Z         Experimental API class com.intellij.collaboration.ui.SingleValueModel is referenced in com.dsoftware.ghmanager.data.JobsLoadingModelListener.setValue() : void. This class can be changed in a future release leading to incompatibilities
2024-02-11T16:58:40.7094878Z         Experimental API class com.intellij.collaboration.ui.SingleValueModel is referenced in com.dsoftware.ghmanager.data.WorkflowRunSelectionContext.logDataProviderLoadModel : SingleValueModel. This class can be changed in a future release leading to incompatibilities
2024-02-11T16:58:40.7099305Z         Experimental API class com.intellij.collaboration.ui.SingleValueModel is referenced in com.dsoftware.ghmanager.data.LogLoadingModelListener.logModel : SingleValueModel. This class can be changed in a future release leading to incompatibilities
2024-02-11T16:58:40.7103577Z         Experimental API class com.intellij.collaboration.ui.SingleValueModel is referenced in com.dsoftware.ghmanager.data.LogLoadingModelListener.getLogModel() : SingleValueModel. This class can be changed in a future release leading to incompatibilities
2024-02-11T16:58:40.7108078Z         Experimental API class com.intellij.collaboration.ui.SingleValueModel is referenced in com.dsoftware.ghmanager.data.WorkflowRunSelectionContext.getJobDataProviderLoadModel() : SingleValueModel. This class can be changed in a future release leading to incompatibilities
2024-02-11T16:58:40.7112961Z         Experimental API class com.intellij.collaboration.ui.SingleValueModel is referenced in com.dsoftware.ghmanager.data.JobsLoadingModelListener.<init>(Disposable, SingleValueModel, WorkflowRunListSelectionHolder). This class can be changed in a future release leading to incompatibilities
2024-02-11T16:58:40.7117716Z         Experimental API class com.intellij.collaboration.ui.SingleValueModel is referenced in com.dsoftware.ghmanager.data.JobsLoadingModelListener.jobsModel : SingleValueModel. This class can be changed in a future release leading to incompatibilities
2024-02-11T16:58:40.7122192Z         Experimental API class com.intellij.collaboration.ui.SingleValueModel is referenced in com.dsoftware.ghmanager.ui.panels.LogConsolePanelKt.createLogConsolePanel$2$1.invoke() : void. This class can be changed in a future release leading to incompatibilities
2024-02-11T16:58:40.7127332Z         Experimental API class com.intellij.collaboration.ui.SingleValueModel is referenced in com.dsoftware.ghmanager.ui.panels.LogConsolePanelKt.createLogConsolePanel(Project, LogLoadingModelListener, Disposable) : JBPanelWithEmptyText. This class can be changed in a future release leading to incompatibilities
2024-02-11T16:58:40.7132149Z         Experimental API class com.intellij.collaboration.ui.SingleValueModel is referenced in com.dsoftware.ghmanager.data.WorkflowRunSelectionContext.setNewLogProvider() : void. This class can be changed in a future release leading to incompatibilities
2024-02-11T16:58:40.7136688Z         Experimental API class com.intellij.collaboration.ui.SingleValueModel is referenced in com.dsoftware.ghmanager.data.LogLoadingModelListener.<init>(Disposable, SingleValueModel, JobListSelectionHolder). This class can be changed in a future release leading to incompatibilities
2024-02-11T16:58:40.7141332Z         Experimental API class com.intellij.collaboration.ui.SingleValueModel is referenced in com.dsoftware.ghmanager.data.JobsLoadingModelListener.getJobsModel() : SingleValueModel. This class can be changed in a future release leading to incompatibilities
2024-02-11T16:58:40.7146089Z         Experimental API class com.intellij.collaboration.ui.SingleValueModel is referenced in com.dsoftware.ghmanager.data.WorkflowRunSelectionContext.getLogDataProviderLoadModel() : SingleValueModel. This class can be changed in a future release leading to incompatibilities
2024-02-11T16:58:40.7150553Z         Experimental API class com.intellij.collaboration.ui.SingleValueModel is referenced in com.dsoftware.ghmanager.data.WorkflowRunSelectionContext$2.invoke(String) : void. This class can be changed in a future release leading to incompatibilities
2024-02-11T16:58:40.7155673Z         Experimental API class com.intellij.collaboration.ui.SingleValueModel is referenced in com.dsoftware.ghmanager.data.WorkflowRunSelectionContext.jobDataProviderLoadModel : SingleValueModel. This class can be changed in a future release leading to incompatibilities
2024-02-11T16:58:40.7160223Z         Experimental API class com.intellij.collaboration.ui.SingleValueModel is referenced in com.dsoftware.ghmanager.data.WorkflowRunSelectionContext.setNewJobsProvider() : void. This class can be changed in a future release leading to incompatibilities
2024-02-11T16:58:40.7163877Z     #Experimental API method com.intellij.collaboration.ui.codereview.list.search.ReviewListSearchHistoryModel.getLastFilter() is overridden
2024-02-11T16:58:40.7167925Z         Experimental API method com.intellij.collaboration.ui.codereview.list.search.ReviewListSearchHistoryModel.getLastFilter() : S is overridden in class com.dsoftware.ghmanager.ui.panels.filters.WfRunsSearchHistoryModel. This method can be changed in a future release leading to incompatibilities
2024-02-11T16:58:40.7171322Z     #Experimental API interface com.intellij.collaboration.ui.icon.IconsProvider reference
2024-02-11T16:58:40.7175084Z         Experimental API interface com.intellij.collaboration.ui.icon.IconsProvider is referenced in com.dsoftware.ghmanager.ui.panels.filters.WfRunsFiltersFactory.createFilters(CoroutineScope) : List. This interface can be changed in a future release leading to incompatibilities
2024-02-11T16:58:40.7178511Z     #Experimental API method com.intellij.collaboration.ui.SingleValueModel.getValue() invocation
2024-02-11T16:58:40.7181619Z         Experimental API method com.intellij.collaboration.ui.SingleValueModel.getValue() : T is invoked in com.dsoftware.ghmanager.data.WorkflowRunSelectionContext.setNewLogProvider() : void. This method can be changed in a future release leading to incompatibilities
2024-02-11T16:58:40.7186332Z         Experimental API method com.intellij.collaboration.ui.SingleValueModel.getValue() : T is invoked in com.dsoftware.ghmanager.ui.panels.LogConsolePanelKt.createLogConsolePanel$2$1.invoke() : void. This method can be changed in a future release leading to incompatibilities
2024-02-11T16:58:40.7191104Z         Experimental API method com.intellij.collaboration.ui.SingleValueModel.getValue() : T is invoked in com.dsoftware.ghmanager.data.WorkflowRunSelectionContext.setNewJobsProvider() : void. This method can be changed in a future release leading to incompatibilities
2024-02-11T16:58:40.7195086Z     #Experimental API method com.intellij.collaboration.ui.codereview.list.search.ReviewListSearchPanelViewModelBase.getSearchState() invocation
2024-02-11T16:58:40.7197669Z         Experimental API method com.intellij.collaboration.ui.codereview.list.search.ReviewListSearchPanelViewModelBase.getSearchState() : kotlinx.coroutines.flow.MutableStateFlow is invoked in com.dsoftware.ghmanager.ui.panels.WorkflowRunListLoaderPanel$1.invokeSuspend(Object) : Object. This method can be changed in a future release leading to incompatibilities
2024-02-11T16:58:40.7201250Z         Experimental API method com.intellij.collaboration.ui.codereview.list.search.ReviewListSearchPanelViewModelBase.getSearchState() : kotlinx.coroutines.flow.MutableStateFlow is invoked in com.dsoftware.ghmanager.ui.panels.filters.WfRunsSearchPanelViewModel.<init>(CoroutineScope, WorkflowRunSelectionContext). This method can be changed in a future release leading to incompatibilities
2024-02-11T16:58:40.7203797Z     #Experimental API interface com.intellij.collaboration.ui.codereview.list.search.ReviewListQuickFilter reference
2024-02-11T16:58:40.7205903Z         Experimental API interface com.intellij.collaboration.ui.codereview.list.search.ReviewListQuickFilter is referenced in com.dsoftware.ghmanager.ui.panels.filters.WfRunsSearchPanelViewModel.<init>(CoroutineScope, WorkflowRunSelectionContext). This interface can be changed in a future release leading to incompatibilities
2024-02-11T16:58:40.7209262Z         Experimental API interface com.intellij.collaboration.ui.codereview.list.search.ReviewListQuickFilter is referenced in com.dsoftware.ghmanager.ui.panels.filters.WfRunsFiltersFactory.getQuickFilterTitle(ReviewListQuickFilter) : String. This interface can be changed in a future release leading to incompatibilities
2024-02-11T16:58:40.7212031Z         Experimental API interface com.intellij.collaboration.ui.codereview.list.search.ReviewListQuickFilter is referenced in com.dsoftware.ghmanager.ui.panels.filters.WorkflowRunListQuickFilter. This interface can be changed in a future release leading to incompatibilities
2024-02-11T16:58:40.7214085Z     #Experimental API constructor com.intellij.collaboration.ui.icon.CachingIconsProvider.<init>(IconsProvider, Function1, int, DefaultConstructorMarker) invocation
2024-02-11T16:58:40.7216965Z         Experimental API constructor com.intellij.collaboration.ui.icon.CachingIconsProvider.<init>(com.intellij.collaboration.ui.icon.IconsProvider arg0, kotlin.jvm.functions.Function1 arg1, int arg2, kotlin.jvm.internal.DefaultConstructorMarker arg3) is invoked in com.dsoftware.ghmanager.ui.panels.filters.WfRunsFiltersFactory.createFilters(CoroutineScope) : List. This constructor can be changed in a future release leading to incompatibilities
2024-02-11T16:58:40.7219585Z     #Experimental API class com.intellij.collaboration.ui.codereview.list.search.DropDownComponentFactory reference
2024-02-11T16:58:40.7221633Z         Experimental API class com.intellij.collaboration.ui.codereview.list.search.DropDownComponentFactory is referenced in com.dsoftware.ghmanager.ui.panels.filters.WfRunsFiltersFactory.createFilters(CoroutineScope) : List. This class can be changed in a future release leading to incompatibilities
2024-02-11T16:58:40.7223644Z     #Experimental API method com.intellij.collaboration.ui.SimpleEventListener.eventOccurred() invocation
2024-02-11T16:58:40.7225884Z         Experimental API method com.intellij.collaboration.ui.SimpleEventListener.eventOccurred() : void is invoked in com.dsoftware.ghmanager.data.WorkflowRunListLoader.special$.inlined.observable$2.afterChange(KProperty, Boolean, Boolean) : void. This method can be changed in a future release leading to incompatibilities
2024-02-11T16:58:40.7229016Z         Experimental API method com.intellij.collaboration.ui.SimpleEventListener.eventOccurred() : void is invoked in com.dsoftware.ghmanager.data.WorkflowRunListLoader.special$.inlined.observable$1.afterChange(KProperty, Throwable, Throwable) : void. This method can be changed in a future release leading to incompatibilities
2024-02-11T16:58:40.7231950Z         Experimental API method com.intellij.collaboration.ui.SimpleEventListener.eventOccurred() : void is invoked in com.dsoftware.ghmanager.data.ListSelectionHolder.special$.inlined.observable$1.afterChange(KProperty, T, T) : void. This method can be changed in a future release leading to incompatibilities
2024-02-11T16:58:40.7234422Z     #Experimental API class com.intellij.collaboration.ui.codereview.list.search.ChooserPopupUtil.PopupItemPresentation.Simple reference
2024-02-11T16:58:40.7237115Z         Experimental API class com.intellij.collaboration.ui.codereview.list.search.ChooserPopupUtil.PopupItemPresentation.Simple is referenced in com.dsoftware.ghmanager.ui.panels.filters.WfRunsFiltersFactory.createFilters$9.invoke(WfRunsListSearchValue.Status) : ChooserPopupUtil.PopupItemPresentation. This class can be changed in a future release leading to incompatibilities
2024-02-11T16:58:40.7241088Z         Experimental API class com.intellij.collaboration.ui.codereview.list.search.ChooserPopupUtil.PopupItemPresentation.Simple is referenced in com.dsoftware.ghmanager.ui.panels.filters.WfRunsFiltersFactory.createFilters$14.invoke(WfRunsListSearchValue.Event) : ChooserPopupUtil.PopupItemPresentation. This class can be changed in a future release leading to incompatibilities
2024-02-11T16:58:40.7244806Z         Experimental API class com.intellij.collaboration.ui.codereview.list.search.ChooserPopupUtil.PopupItemPresentation.Simple is referenced in com.dsoftware.ghmanager.ui.panels.filters.WfRunsFiltersFactory.createFilters$3.invoke(WorkflowType) : ChooserPopupUtil.PopupItemPresentation. This class can be changed in a future release leading to incompatibilities
2024-02-11T16:58:40.7248768Z         Experimental API class com.intellij.collaboration.ui.codereview.list.search.ChooserPopupUtil.PopupItemPresentation.Simple is referenced in com.dsoftware.ghmanager.ui.panels.filters.WfRunsFiltersFactory.createFilters$6.invoke(GHUser) : ChooserPopupUtil.PopupItemPresentation. This class can be changed in a future release leading to incompatibilities
2024-02-11T16:58:40.7252250Z         Experimental API class com.intellij.collaboration.ui.codereview.list.search.ChooserPopupUtil.PopupItemPresentation.Simple is referenced in com.dsoftware.ghmanager.ui.panels.filters.WfRunsFiltersFactory.createFilters$11.invoke(String) : ChooserPopupUtil.PopupItemPresentation. This class can be changed in a future release leading to incompatibilities
2024-02-11T16:58:40.7254963Z     #Experimental API constructor com.intellij.collaboration.ui.codereview.list.search.ChooserPopupUtil.PopupItemPresentation.Simple.<init>(String, Icon, String, int, DefaultConstructorMarker) invocation
2024-02-11T16:58:40.7258414Z         Experimental API constructor com.intellij.collaboration.ui.codereview.list.search.ChooserPopupUtil.PopupItemPresentation.Simple.<init>(java.lang.String arg0, javax.swing.Icon arg1, java.lang.String arg2, int arg3, kotlin.jvm.internal.DefaultConstructorMarker arg4) is invoked in com.dsoftware.ghmanager.ui.panels.filters.WfRunsFiltersFactory.createFilters$3.invoke(WorkflowType) : ChooserPopupUtil.PopupItemPresentation. This constructor can be changed in a future release leading to incompatibilities
2024-02-11T16:58:40.7263250Z         Experimental API constructor com.intellij.collaboration.ui.codereview.list.search.ChooserPopupUtil.PopupItemPresentation.Simple.<init>(java.lang.String arg0, javax.swing.Icon arg1, java.lang.String arg2, int arg3, kotlin.jvm.internal.DefaultConstructorMarker arg4) is invoked in com.dsoftware.ghmanager.ui.panels.filters.WfRunsFiltersFactory.createFilters$11.invoke(String) : ChooserPopupUtil.PopupItemPresentation. This constructor can be changed in a future release leading to incompatibilities
2024-02-11T16:58:40.7268107Z         Experimental API constructor com.intellij.collaboration.ui.codereview.list.search.ChooserPopupUtil.PopupItemPresentation.Simple.<init>(java.lang.String arg0, javax.swing.Icon arg1, java.lang.String arg2, int arg3, kotlin.jvm.internal.DefaultConstructorMarker arg4) is invoked in com.dsoftware.ghmanager.ui.panels.filters.WfRunsFiltersFactory.createFilters$9.invoke(WfRunsListSearchValue.Status) : ChooserPopupUtil.PopupItemPresentation. This constructor can be changed in a future release leading to incompatibilities
2024-02-11T16:58:40.7272907Z         Experimental API constructor com.intellij.collaboration.ui.codereview.list.search.ChooserPopupUtil.PopupItemPresentation.Simple.<init>(java.lang.String arg0, javax.swing.Icon arg1, java.lang.String arg2, int arg3, kotlin.jvm.internal.DefaultConstructorMarker arg4) is invoked in com.dsoftware.ghmanager.ui.panels.filters.WfRunsFiltersFactory.createFilters$14.invoke(WfRunsListSearchValue.Event) : ChooserPopupUtil.PopupItemPresentation. This constructor can be changed in a future release leading to incompatibilities
2024-02-11T16:58:40.7276371Z     #Experimental API interface com.intellij.collaboration.ui.codereview.list.search.ReviewListSearchValue reference
2024-02-11T16:58:40.7278336Z         Experimental API interface com.intellij.collaboration.ui.codereview.list.search.ReviewListSearchValue is referenced in com.dsoftware.ghmanager.ui.panels.filters.WfRunsListSearchValue. This interface can be changed in a future release leading to incompatibilities
2024-02-11T16:58:40.7281193Z         Experimental API interface com.intellij.collaboration.ui.codereview.list.search.ReviewListSearchValue is referenced in com.dsoftware.ghmanager.ui.panels.filters.WfRunsSearchPanelViewModel.withQuery(ReviewListSearchValue, String) : ReviewListSearchValue. This interface can be changed in a future release leading to incompatibilities
2024-02-11T16:58:40.7284503Z         Experimental API interface com.intellij.collaboration.ui.codereview.list.search.ReviewListSearchValue is referenced in com.dsoftware.ghmanager.ui.panels.filters.WfRunsFiltersFactory.getShortText(ReviewListSearchValue) : String. This interface can be changed in a future release leading to incompatibilities
2024-02-11T16:58:40.7287445Z         Experimental API interface com.intellij.collaboration.ui.codereview.list.search.ReviewListSearchValue is referenced in com.dsoftware.ghmanager.ui.panels.filters.WorkflowRunListQuickFilter.All.getFilter() : ReviewListSearchValue. This interface can be changed in a future release leading to incompatibilities
2024-02-11T16:58:40.7290442Z         Experimental API interface com.intellij.collaboration.ui.codereview.list.search.ReviewListSearchValue is referenced in com.dsoftware.ghmanager.ui.panels.filters.WorkflowRunListQuickFilter.InProgres.getFilter() : ReviewListSearchValue. This interface can be changed in a future release leading to incompatibilities
2024-02-11T16:58:40.7293477Z         Experimental API interface com.intellij.collaboration.ui.codereview.list.search.ReviewListSearchValue is referenced in com.dsoftware.ghmanager.ui.panels.filters.WfRunsSearchHistoryModel.getLastFilter() : ReviewListSearchValue. This interface can be changed in a future release leading to incompatibilities
2024-02-11T16:58:40.7296437Z         Experimental API interface com.intellij.collaboration.ui.codereview.list.search.ReviewListSearchValue is referenced in com.dsoftware.ghmanager.ui.panels.filters.WfRunsSearchPanelViewModel.<init>(CoroutineScope, WorkflowRunSelectionContext). This interface can be changed in a future release leading to incompatibilities
2024-02-11T16:58:40.7299430Z         Experimental API interface com.intellij.collaboration.ui.codereview.list.search.ReviewListSearchValue is referenced in com.dsoftware.ghmanager.ui.panels.filters.WfRunsSearchHistoryModel.setLastFilter(ReviewListSearchValue) : void. This interface can be changed in a future release leading to incompatibilities
2024-02-11T16:58:40.7301558Z     #Experimental API class com.intellij.collaboration.async.CompletableFutureUtil reference
2024-02-11T16:58:40.7303321Z         Experimental API class com.intellij.collaboration.async.CompletableFutureUtil is referenced in com.dsoftware.ghmanager.data.WorkflowRunListLoader.requestLoadMore$4.invoke(List) : CompletionStage. This class can be changed in a future release leading to incompatibilities
2024-02-11T16:58:40.7306013Z         Experimental API class com.intellij.collaboration.async.CompletableFutureUtil is referenced in com.dsoftware.ghmanager.data.WorkflowDataContextService.acquireContext$1$1.invoke(ProgressIndicator) : CompletableFuture. This class can be changed in a future release leading to incompatibilities
2024-02-11T16:58:40.7308539Z         Experimental API class com.intellij.collaboration.async.CompletableFutureUtil is referenced in com.dsoftware.ghmanager.data.WorkflowRunListLoader.loadMore(boolean) : void. This class can be changed in a future release leading to incompatibilities
2024-02-11T16:58:40.7310895Z         Experimental API class com.intellij.collaboration.async.CompletableFutureUtil is referenced in com.dsoftware.ghmanager.data.WorkflowRunListLoader.loadMore$1.invoke(List, Throwable) : void. This class can be changed in a future release leading to incompatibilities
2024-02-11T16:58:40.7313772Z         Experimental API class com.intellij.collaboration.async.CompletableFutureUtil is referenced in com.dsoftware.ghmanager.data.WorkflowRunListLoader.requestLoadMore(ProgressIndicator, boolean) : CompletableFuture. This class can be changed in a future release leading to incompatibilities
2024-02-11T16:58:40.7315756Z     #Experimental API interface com.intellij.collaboration.ui.icon.AsyncImageIconsProvider.AsyncImageLoader reference
2024-02-11T16:58:40.7317885Z         Experimental API interface com.intellij.collaboration.ui.icon.AsyncImageIconsProvider.AsyncImageLoader is referenced in com.dsoftware.ghmanager.ui.panels.filters.WfRunsFiltersFactory.AvatarLoader. This interface can be changed in a future release leading to incompatibilities
2024-02-11T16:58:40.7320743Z         Experimental API interface com.intellij.collaboration.ui.icon.AsyncImageIconsProvider.AsyncImageLoader is referenced in com.dsoftware.ghmanager.ui.panels.filters.WfRunsFiltersFactory.createFilters(CoroutineScope) : List. This interface can be changed in a future release leading to incompatibilities
2024-02-11T16:58:40.7322663Z     #Experimental API class com.intellij.collaboration.ui.SimpleEventListener.Companion reference
2024-02-11T16:58:40.7324484Z         Experimental API class com.intellij.collaboration.ui.SimpleEventListener.Companion is referenced in com.dsoftware.ghmanager.data.WorkflowRunListLoader.addErrorChangeListener(Disposable, Function0) : void. This class can be changed in a future release leading to incompatibilities
2024-02-11T16:58:40.7327245Z         Experimental API class com.intellij.collaboration.ui.SimpleEventListener.Companion is referenced in com.dsoftware.ghmanager.data.WorkflowRunListLoader.addLoadingStateChangeListener(Disposable, Function0) : void. This class can be changed in a future release leading to incompatibilities
2024-02-11T16:58:40.7329919Z         Experimental API class com.intellij.collaboration.ui.SimpleEventListener.Companion is referenced in com.dsoftware.ghmanager.data.ListSelectionHolder.addSelectionChangeListener(Disposable, Function0) : void. This class can be changed in a future release leading to incompatibilities
2024-02-11T16:58:40.7332004Z     #Experimental API class com.intellij.collaboration.ui.codereview.list.search.PersistingReviewListSearchHistoryModel reference
2024-02-11T16:58:40.7334236Z         Experimental API class com.intellij.collaboration.ui.codereview.list.search.PersistingReviewListSearchHistoryModel is referenced in com.dsoftware.ghmanager.ui.panels.filters.WfRunsSearchHistoryModel.<init>(WfRunsListPersistentSearchHistory). This class can be changed in a future release leading to incompatibilities
2024-02-11T16:58:40.7337270Z         Experimental API class com.intellij.collaboration.ui.codereview.list.search.PersistingReviewListSearchHistoryModel is referenced in com.dsoftware.ghmanager.ui.panels.filters.WfRunsSearchHistoryModel. This class can be changed in a future release leading to incompatibilities
2024-02-11T16:58:40.7339141Z     #Experimental API interface com.intellij.collaboration.ui.SimpleEventListener reference
2024-02-11T16:58:40.7340896Z         Experimental API interface com.intellij.collaboration.ui.SimpleEventListener is referenced in com.dsoftware.ghmanager.data.WorkflowRunListLoader.addErrorChangeListener(Disposable, Function0) : void. This interface can be changed in a future release leading to incompatibilities
2024-02-11T16:58:40.7343706Z         Experimental API interface com.intellij.collaboration.ui.SimpleEventListener is referenced in com.dsoftware.ghmanager.data.ListSelectionHolder.special$.inlined.observable$1.afterChange(KProperty, T, T) : void. This interface can be changed in a future release leading to incompatibilities
2024-02-11T16:58:40.7346830Z         Experimental API interface com.intellij.collaboration.ui.SimpleEventListener is referenced in com.dsoftware.ghmanager.data.WorkflowRunListLoader.<init>(CheckedDisposable, GithubApiRequestExecutor, RepositoryCoordinates, GhActionsSettingsService, WorkflowRunFilter). This interface can be changed in a future release leading to incompatibilities
2024-02-11T16:58:40.7349728Z         Experimental API interface com.intellij.collaboration.ui.SimpleEventListener is referenced in com.dsoftware.ghmanager.data.WorkflowRunListLoader.addLoadingStateChangeListener(Disposable, Function0) : void. This interface can be changed in a future release leading to incompatibilities
2024-02-11T16:58:40.7352708Z         Experimental API interface com.intellij.collaboration.ui.SimpleEventListener is referenced in com.dsoftware.ghmanager.data.WorkflowRunListLoader.special$.inlined.observable$1.afterChange(KProperty, Throwable, Throwable) : void. This interface can be changed in a future release leading to incompatibilities
2024-02-11T16:58:40.7355684Z         Experimental API interface com.intellij.collaboration.ui.SimpleEventListener is referenced in com.dsoftware.ghmanager.data.ListSelectionHolder.addSelectionChangeListener(Disposable, Function0) : void. This interface can be changed in a future release leading to incompatibilities
2024-02-11T16:58:40.7358075Z         Experimental API interface com.intellij.collaboration.ui.SimpleEventListener is referenced in com.dsoftware.ghmanager.data.ListSelectionHolder.<init>(). This interface can be changed in a future release leading to incompatibilities
2024-02-11T16:58:40.7360586Z         Experimental API interface com.intellij.collaboration.ui.SimpleEventListener is referenced in com.dsoftware.ghmanager.data.WorkflowRunListLoader.special$.inlined.observable$2.afterChange(KProperty, Boolean, Boolean) : void. This interface can be changed in a future release leading to incompatibilities
2024-02-11T16:58:40.7362679Z     #Experimental API method com.intellij.collaboration.ui.icon.AsyncImageIconsProvider.AsyncImageLoader.load(T, Continuation) is overridden
2024-02-11T16:58:40.7365038Z         Experimental API method com.intellij.collaboration.ui.icon.AsyncImageIconsProvider.AsyncImageLoader.load(T arg0, kotlin.coroutines.Continuation arg1) : java.lang.Object is overridden in class com.dsoftware.ghmanager.ui.panels.filters.WfRunsFiltersFactory.AvatarLoader. This method can be changed in a future release leading to incompatibilities
2024-02-11T16:58:40.7367523Z     #Experimental API method com.intellij.collaboration.ui.SimpleEventListener.Companion.addDisposableListener(EventDispatcher, Disposable, Function0) invocation
2024-02-11T16:58:40.7370523Z         Experimental API method com.intellij.collaboration.ui.SimpleEventListener.Companion.addDisposableListener(com.intellij.util.EventDispatcher dispatcher, com.intellij.openapi.Disposable disposable, kotlin.jvm.functions.Function0 listener) : void is invoked in com.dsoftware.ghmanager.data.WorkflowRunListLoader.addErrorChangeListener(Disposable, Function0) : void. This method can be changed in a future release leading to incompatibilities
2024-02-11T16:58:40.7374683Z         Experimental API method com.intellij.collaboration.ui.SimpleEventListener.Companion.addDisposableListener(com.intellij.util.EventDispatcher dispatcher, com.intellij.openapi.Disposable disposable, kotlin.jvm.functions.Function0 listener) : void is invoked in com.dsoftware.ghmanager.data.ListSelectionHolder.addSelectionChangeListener(Disposable, Function0) : void. This method can be changed in a future release leading to incompatibilities
2024-02-11T16:58:40.7378977Z         Experimental API method com.intellij.collaboration.ui.SimpleEventListener.Companion.addDisposableListener(com.intellij.util.EventDispatcher dispatcher, com.intellij.openapi.Disposable disposable, kotlin.jvm.functions.Function0 listener) : void is invoked in com.dsoftware.ghmanager.data.WorkflowRunListLoader.addLoadingStateChangeListener(Disposable, Function0) : void. This method can be changed in a future release leading to incompatibilities
2024-02-11T16:58:40.7381521Z     #Experimental API constructor com.intellij.collaboration.ui.SingleValueModel.<init>(T) invocation
2024-02-11T16:58:40.7383559Z         Experimental API constructor com.intellij.collaboration.ui.SingleValueModel.<init>(T initialValue) is invoked in com.dsoftware.ghmanager.data.JobsLoadingModelListener.<init>(Disposable, SingleValueModel, WorkflowRunListSelectionHolder). This constructor can be changed in a future release leading to incompatibilities
2024-02-11T16:58:40.7386372Z         Experimental API constructor com.intellij.collaboration.ui.SingleValueModel.<init>(T initialValue) is invoked in com.dsoftware.ghmanager.data.LogLoadingModelListener.<init>(Disposable, SingleValueModel, JobListSelectionHolder). This constructor can be changed in a future release leading to incompatibilities
2024-02-11T16:58:40.7390051Z         Experimental API constructor com.intellij.collaboration.ui.SingleValueModel.<init>(T initialValue) is invoked in com.dsoftware.ghmanager.data.WorkflowRunSelectionContext.<init>(CheckedDisposable, Project, GithubAccount, SingleRunDataLoader, WorkflowRunListLoader, GHGitRepositoryMapping, GithubApiRequestExecutor, WorkflowRunListSelectionHolder, JobListSelectionHolder). This constructor can be changed in a future release leading to incompatibilities
2024-02-11T16:58:40.7392773Z     #Experimental API class com.intellij.collaboration.ui.codereview.list.search.ReviewListSearchPanelViewModelBase reference
2024-02-11T16:58:40.7395068Z         Experimental API class com.intellij.collaboration.ui.codereview.list.search.ReviewListSearchPanelViewModelBase is referenced in com.dsoftware.ghmanager.ui.panels.filters.WfRunsSearchPanelViewModel. This class can be changed in a future release leading to incompatibilities
2024-02-11T16:58:40.7398102Z         Experimental API class com.intellij.collaboration.ui.codereview.list.search.ReviewListSearchPanelViewModelBase is referenced in com.dsoftware.ghmanager.ui.panels.filters.WfRunsSearchPanelViewModel.<init>(CoroutineScope, WorkflowRunSelectionContext). This class can be changed in a future release leading to incompatibilities
2024-02-11T16:58:40.7400272Z     #Experimental API class com.intellij.collaboration.ui.codereview.list.search.ReviewListSearchPanelFactory reference
2024-02-11T16:58:40.7402330Z         Experimental API class com.intellij.collaboration.ui.codereview.list.search.ReviewListSearchPanelFactory is referenced in com.dsoftware.ghmanager.ui.panels.filters.WfRunsFiltersFactory.<init>(WfRunsSearchPanelViewModel). This class can be changed in a future release leading to incompatibilities
2024-02-11T16:58:40.7405065Z         Experimental API class com.intellij.collaboration.ui.codereview.list.search.ReviewListSearchPanelFactory is referenced in com.dsoftware.ghmanager.ui.panels.filters.WfRunsFiltersFactory. This class can be changed in a future release leading to incompatibilities
2024-02-11T16:58:40.7406810Z     #Experimental API method com.intellij.collaboration.ui.SingleValueModel.setValue(T) invocation
2024-02-11T16:58:40.7408636Z         Experimental API method com.intellij.collaboration.ui.SingleValueModel.setValue(T value) : void is invoked in com.dsoftware.ghmanager.data.JobsLoadingModelListener.setValue() : void. This method can be changed in a future release leading to incompatibilities
2024-02-11T16:58:40.7411173Z         Experimental API method com.intellij.collaboration.ui.SingleValueModel.setValue(T value) : void is invoked in com.dsoftware.ghmanager.data.WorkflowRunSelectionContext.setNewJobsProvider() : void. This method can be changed in a future release leading to incompatibilities
2024-02-11T16:58:40.7413663Z         Experimental API method com.intellij.collaboration.ui.SingleValueModel.setValue(T value) : void is invoked in com.dsoftware.ghmanager.data.WorkflowRunSelectionContext$2.invoke(String) : void. This method can be changed in a future release leading to incompatibilities
2024-02-11T16:58:40.7416186Z         Experimental API method com.intellij.collaboration.ui.SingleValueModel.setValue(T value) : void is invoked in com.dsoftware.ghmanager.data.WorkflowRunSelectionContext.setNewLogProvider() : void. This method can be changed in a future release leading to incompatibilities
2024-02-11T16:58:40.7418703Z         Experimental API method com.intellij.collaboration.ui.SingleValueModel.setValue(T value) : void is invoked in com.dsoftware.ghmanager.data.LogLoadingModelListener.setLogValue() : void. This method can be changed in a future release leading to incompatibilities
2024-02-11T16:58:40.7420494Z     #Experimental API method com.intellij.collaboration.ui.SingleValueModel.addAndInvokeListener(Function1) invocation
2024-02-11T16:58:40.7422929Z         Experimental API method com.intellij.collaboration.ui.SingleValueModel.addAndInvokeListener(kotlin.jvm.functions.Function1 listener) : void is invoked in com.dsoftware.ghmanager.ui.panels.JobListComponent.Companion.createJobsListComponent(SingleValueModel, WorkflowRunSelectionContext, boolean) : Pair. This method can be changed in a future release leading to incompatibilities
2024-02-11T16:58:40.7426417Z         Experimental API method com.intellij.collaboration.ui.SingleValueModel.addAndInvokeListener(kotlin.jvm.functions.Function1 listener) : void is invoked in com.dsoftware.ghmanager.data.LogLoadingModelListener.<init>(Disposable, SingleValueModel, JobListSelectionHolder). This method can be changed in a future release leading to incompatibilities
2024-02-11T16:58:40.7429717Z         Experimental API method com.intellij.collaboration.ui.SingleValueModel.addAndInvokeListener(kotlin.jvm.functions.Function1 listener) : void is invoked in com.dsoftware.ghmanager.ui.panels.LogConsolePanelKt.createLogConsolePanel(Project, LogLoadingModelListener, Disposable) : JBPanelWithEmptyText. This method can be changed in a future release leading to incompatibilities
2024-02-11T16:58:40.7433163Z         Experimental API method com.intellij.collaboration.ui.SingleValueModel.addAndInvokeListener(kotlin.jvm.functions.Function1 listener) : void is invoked in com.dsoftware.ghmanager.data.JobsLoadingModelListener.<init>(Disposable, SingleValueModel, WorkflowRunListSelectionHolder). This method can be changed in a future release leading to incompatibilities
2024-02-11T16:58:40.7435775Z     #Experimental API interface com.intellij.collaboration.ui.codereview.list.search.ChooserPopupUtil.PopupItemPresentation reference
2024-02-11T16:58:40.7438193Z         Experimental API interface com.intellij.collaboration.ui.codereview.list.search.ChooserPopupUtil.PopupItemPresentation is referenced in com.dsoftware.ghmanager.ui.panels.filters.WfRunsFiltersFactory.createFilters$6.invoke(GHUser) : ChooserPopupUtil.PopupItemPresentation. This interface can be changed in a future release leading to incompatibilities
2024-02-11T16:58:40.7441853Z         Experimental API interface com.intellij.collaboration.ui.codereview.list.search.ChooserPopupUtil.PopupItemPresentation is referenced in com.dsoftware.ghmanager.ui.panels.filters.WfRunsFiltersFactory.createFilters$11.invoke(String) : ChooserPopupUtil.PopupItemPresentation. This interface can be changed in a future release leading to incompatibilities
2024-02-11T16:58:40.7445423Z         Experimental API interface com.intellij.collaboration.ui.codereview.list.search.ChooserPopupUtil.PopupItemPresentation is referenced in com.dsoftware.ghmanager.ui.panels.filters.WfRunsFiltersFactory.createFilters$3.invoke(WorkflowType) : ChooserPopupUtil.PopupItemPresentation. This interface can be changed in a future release leading to incompatibilities
2024-02-11T16:58:40.7449168Z         Experimental API interface com.intellij.collaboration.ui.codereview.list.search.ChooserPopupUtil.PopupItemPresentation is referenced in com.dsoftware.ghmanager.ui.panels.filters.WfRunsFiltersFactory.createFilters$9.invoke(WfRunsListSearchValue.Status) : ChooserPopupUtil.PopupItemPresentation. This interface can be changed in a future release leading to incompatibilities
2024-02-11T16:58:40.7452804Z         Experimental API interface com.intellij.collaboration.ui.codereview.list.search.ChooserPopupUtil.PopupItemPresentation is referenced in com.dsoftware.ghmanager.ui.panels.filters.WfRunsFiltersFactory.createFilters$14.invoke(WfRunsListSearchValue.Event) : ChooserPopupUtil.PopupItemPresentation. This interface can be changed in a future release leading to incompatibilities
2024-02-11T16:58:40.7455076Z     #Experimental API field com.intellij.collaboration.ui.SimpleEventListener.Companion access
2024-02-11T16:58:40.7457236Z         Experimental API field com.intellij.collaboration.ui.SimpleEventListener.Companion : com.intellij.collaboration.ui.SimpleEventListener.Companion is accessed in com.dsoftware.ghmanager.data.WorkflowRunListLoader.addErrorChangeListener(Disposable, Function0) : void. This field can be changed in a future release leading to incompatibilities
2024-02-11T16:58:40.7460636Z         Experimental API field com.intellij.collaboration.ui.SimpleEventListener.Companion : com.intellij.collaboration.ui.SimpleEventListener.Companion is accessed in com.dsoftware.ghmanager.data.WorkflowRunListLoader.addLoadingStateChangeListener(Disposable, Function0) : void. This field can be changed in a future release leading to incompatibilities
2024-02-11T16:58:40.7463913Z         Experimental API field com.intellij.collaboration.ui.SimpleEventListener.Companion : com.intellij.collaboration.ui.SimpleEventListener.Companion is accessed in com.dsoftware.ghmanager.data.ListSelectionHolder.addSelectionChangeListener(Disposable, Function0) : void. This field can be changed in a future release leading to incompatibilities
2024-02-11T16:58:40.7466495Z     #Experimental API method com.intellij.collaboration.async.CompletableFutureUtil.successOnEdt$default(CompletableFutureUtil, CompletableFuture, ModalityState, Function1, int, Object) invocation
2024-02-11T16:58:40.7470101Z         Experimental API method com.intellij.collaboration.async.CompletableFutureUtil.successOnEdt$default(com.intellij.collaboration.async.CompletableFutureUtil arg0, java.util.concurrent.CompletableFuture arg1, com.intellij.openapi.application.ModalityState arg2, kotlin.jvm.functions.Function1 arg3, int arg4, java.lang.Object arg5) : java.util.concurrent.CompletableFuture is invoked in com.dsoftware.ghmanager.data.WorkflowDataContextService.acquireContext$1$1.invoke(ProgressIndicator) : CompletableFuture. This method can be changed in a future release leading to incompatibilities
2024-02-11T16:58:40.7473933Z     #Experimental API method com.intellij.collaboration.ui.codereview.list.search.ReviewListSearchHistoryModel.setLastFilter(S) is overridden
2024-02-11T16:58:40.7476205Z         Experimental API method com.intellij.collaboration.ui.codereview.list.search.ReviewListSearchHistoryModel.setLastFilter(S arg0) : void is overridden in class com.dsoftware.ghmanager.ui.panels.filters.WfRunsSearchHistoryModel. This method can be changed in a future release leading to incompatibilities
2024-02-11T16:58:40.7478924Z     #Experimental API method com.intellij.collaboration.ui.codereview.list.search.ReviewListSearchPanelViewModelBase.partialState(MutableStateFlow, Function1, Function2) invocation
2024-02-11T16:58:40.7482423Z         Experimental API method com.intellij.collaboration.ui.codereview.list.search.ReviewListSearchPanelViewModelBase.partialState(kotlinx.coroutines.flow.MutableStateFlow $this$partialState, kotlin.jvm.functions.Function1 getter, kotlin.jvm.functions.Function2 updater) : kotlinx.coroutines.flow.MutableStateFlow is invoked in com.dsoftware.ghmanager.ui.panels.filters.WfRunsSearchPanelViewModel.<init>(CoroutineScope, WorkflowRunSelectionContext). This method can be changed in a future release leading to incompatibilities
2024-02-11T16:58:40.7485599Z     #Experimental API constructor com.intellij.collaboration.ui.codereview.list.search.DropDownComponentFactory.<init>(MutableStateFlow) invocation
2024-02-11T16:58:40.7488039Z         Experimental API constructor com.intellij.collaboration.ui.codereview.list.search.DropDownComponentFactory.<init>(kotlinx.coroutines.flow.MutableStateFlow state) is invoked in com.dsoftware.ghmanager.ui.panels.filters.WfRunsFiltersFactory.createFilters(CoroutineScope) : List. This constructor can be changed in a future release leading to incompatibilities
2024-02-11T16:58:40.7490559Z     #Experimental API method com.intellij.collaboration.async.CompletableFutureUtil.submitIOTask(ProgressManager, ProgressIndicator, Function1) invocation
2024-02-11T16:58:40.7493646Z         Experimental API method com.intellij.collaboration.async.CompletableFutureUtil.submitIOTask(com.intellij.openapi.progress.ProgressManager $this$submitIOTask, com.intellij.openapi.progress.ProgressIndicator progressIndicator, kotlin.jvm.functions.Function1 task) : java.util.concurrent.CompletableFuture is invoked in com.dsoftware.ghmanager.data.WorkflowRunListLoader.requestLoadMore(ProgressIndicator, boolean) : CompletableFuture. This method can be changed in a future release leading to incompatibilities
2024-02-11T16:58:40.7498484Z         Experimental API method com.intellij.collaboration.async.CompletableFutureUtil.submitIOTask(com.intellij.openapi.progress.ProgressManager $this$submitIOTask, com.intellij.openapi.progress.ProgressIndicator progressIndicator, kotlin.jvm.functions.Function1 task) : java.util.concurrent.CompletableFuture is invoked in com.dsoftware.ghmanager.data.WorkflowRunListLoader.requestLoadMore$4.invoke(List) : CompletionStage. This method can be changed in a future release leading to incompatibilities
2024-02-11T16:58:40.7503160Z         Experimental API method com.intellij.collaboration.async.CompletableFutureUtil.submitIOTask(com.intellij.openapi.progress.ProgressManager $this$submitIOTask, com.intellij.openapi.progress.ProgressIndicator progressIndicator, kotlin.jvm.functions.Function1 task) : java.util.concurrent.CompletableFuture is invoked in com.dsoftware.ghmanager.data.WorkflowDataContextService.acquireContext$1$1.invoke(ProgressIndicator) : CompletableFuture. This method can be changed in a future release leading to incompatibilities
2024-02-11T16:58:40.7506179Z     #Experimental API method com.intellij.collaboration.ui.codereview.list.search.ReviewListQuickFilter.getFilter() is overridden
2024-02-11T16:58:40.7508368Z         Experimental API method com.intellij.collaboration.ui.codereview.list.search.ReviewListQuickFilter.getFilter() : S is overridden in class com.dsoftware.ghmanager.ui.panels.filters.WorkflowRunListQuickFilter.InProgres. This method can be changed in a future release leading to incompatibilities
2024-02-11T16:58:40.7511189Z         Experimental API method com.intellij.collaboration.ui.codereview.list.search.ReviewListQuickFilter.getFilter() : S is overridden in class com.dsoftware.ghmanager.ui.panels.filters.WorkflowRunListQuickFilter.All. This method can be changed in a future release leading to incompatibilities
2024-02-11T16:58:40.7513054Z     #Experimental API field com.intellij.collaboration.async.CompletableFutureUtil.INSTANCE access
2024-02-11T16:58:40.7515552Z         Experimental API field com.intellij.collaboration.async.CompletableFutureUtil.INSTANCE : com.intellij.collaboration.async.CompletableFutureUtil is accessed in com.dsoftware.ghmanager.data.WorkflowRunListLoader.loadMore(boolean) : void. This field can be changed in a future release leading to incompatibilities
2024-02-11T16:58:40.7518693Z         Experimental API field com.intellij.collaboration.async.CompletableFutureUtil.INSTANCE : com.intellij.collaboration.async.CompletableFutureUtil is accessed in com.dsoftware.ghmanager.data.WorkflowDataContextService.acquireContext$1$1.invoke(ProgressIndicator) : CompletableFuture. This field can be changed in a future release leading to incompatibilities
2024-02-11T16:58:40.7522079Z         Experimental API field com.intellij.collaboration.async.CompletableFutureUtil.INSTANCE : com.intellij.collaboration.async.CompletableFutureUtil is accessed in com.dsoftware.ghmanager.data.WorkflowRunListLoader.requestLoadMore(ProgressIndicator, boolean) : CompletableFuture. This field can be changed in a future release leading to incompatibilities
2024-02-11T16:58:40.7525272Z         Experimental API field com.intellij.collaboration.async.CompletableFutureUtil.INSTANCE : com.intellij.collaboration.async.CompletableFutureUtil is accessed in com.dsoftware.ghmanager.data.WorkflowRunListLoader.requestLoadMore$4.invoke(List) : CompletionStage. This field can be changed in a future release leading to incompatibilities
2024-02-11T16:58:40.7528366Z         Experimental API field com.intellij.collaboration.async.CompletableFutureUtil.INSTANCE : com.intellij.collaboration.async.CompletableFutureUtil is accessed in com.dsoftware.ghmanager.data.WorkflowRunListLoader.loadMore$1.invoke(List, Throwable) : void. This field can be changed in a future release leading to incompatibilities
2024-02-11T16:58:40.7530568Z     #Experimental API class com.intellij.collaboration.ui.icon.AsyncImageIconsProvider reference
2024-02-11T16:58:40.7532398Z         Experimental API class com.intellij.collaboration.ui.icon.AsyncImageIconsProvider is referenced in com.dsoftware.ghmanager.ui.panels.filters.WfRunsFiltersFactory.createFilters(CoroutineScope) : List. This class can be changed in a future release leading to incompatibilities
2024-02-11T16:58:40.7534460Z     #Experimental API method com.intellij.collaboration.ui.icon.AsyncImageIconsProvider.AsyncImageLoader.postProcess(Image, Continuation) is overridden
2024-02-11T16:58:40.7537076Z         Experimental API method com.intellij.collaboration.ui.icon.AsyncImageIconsProvider.AsyncImageLoader.postProcess(java.awt.Image image, kotlin.coroutines.Continuation $completion) : java.lang.Object is overridden in class com.dsoftware.ghmanager.ui.panels.filters.WfRunsFiltersFactory.AvatarLoader. This method can be changed in a future release leading to incompatibilities
2024-02-11T16:58:40.7539638Z     #Experimental API method com.intellij.collaboration.ui.codereview.list.search.ReviewListSearchPanelFactory.getQuickFilterTitle(Q) is overridden
2024-02-11T16:58:40.7542039Z         Experimental API method com.intellij.collaboration.ui.codereview.list.search.ReviewListSearchPanelFactory.getQuickFilterTitle(Q arg0) : java.lang.String is overridden in class com.dsoftware.ghmanager.ui.panels.filters.WfRunsFiltersFactory. This method can be changed in a future release leading to incompatibilities
2024-02-11T16:58:40.7544570Z     #Experimental API method com.intellij.collaboration.ui.codereview.list.search.PersistingReviewListSearchHistoryModel.getPersistentHistory() is overridden
2024-02-11T16:58:40.7547119Z         Experimental API method com.intellij.collaboration.ui.codereview.list.search.PersistingReviewListSearchHistoryModel.getPersistentHistory() : java.util.List is overridden in class com.dsoftware.ghmanager.ui.panels.filters.WfRunsSearchHistoryModel. This method can be changed in a future release leading to incompatibilities
2024-02-11T16:58:40.7549609Z     #Experimental API method com.intellij.collaboration.ui.icon.AsyncImageIconsProvider.AsyncImageLoader.createBaseIcon(T, int) is overridden
2024-02-11T16:58:40.7552128Z         Experimental API method com.intellij.collaboration.ui.icon.AsyncImageIconsProvider.AsyncImageLoader.createBaseIcon(T key, int iconSize) : javax.swing.Icon is overridden in class com.dsoftware.ghmanager.ui.panels.filters.WfRunsFiltersFactory.AvatarLoader. This method can be changed in a future release leading to incompatibilities
2024-02-11T16:58:40.7554879Z     #Experimental API method com.intellij.collaboration.async.CompletableFutureUtil.handleOnEdt$default(CompletableFutureUtil, CompletableFuture, ModalityState, Function2, int, Object) invocation
2024-02-11T16:58:40.7558352Z         Experimental API method com.intellij.collaboration.async.CompletableFutureUtil.handleOnEdt$default(com.intellij.collaboration.async.CompletableFutureUtil arg0, java.util.concurrent.CompletableFuture arg1, com.intellij.openapi.application.ModalityState arg2, kotlin.jvm.functions.Function2 arg3, int arg4, java.lang.Object arg5) : java.util.concurrent.CompletableFuture is invoked in com.dsoftware.ghmanager.data.WorkflowRunListLoader.loadMore(boolean) : void. This method can be changed in a future release leading to incompatibilities
2024-02-11T16:58:40.7561433Z     #Experimental API interface com.intellij.collaboration.ui.codereview.list.search.ReviewListSearchPanelViewModel reference
2024-02-11T16:58:40.7563637Z         Experimental API interface com.intellij.collaboration.ui.codereview.list.search.ReviewListSearchPanelViewModel is referenced in com.dsoftware.ghmanager.ui.panels.filters.WfRunsFiltersFactory.<init>(WfRunsSearchPanelViewModel). This interface can be changed in a future release leading to incompatibilities
2024-02-11T16:58:40.7565976Z     #Experimental API constructor com.intellij.collaboration.ui.codereview.list.search.ChooserPopupUtil.PopupItemPresentation.Simple.<init>(String, Icon, String) invocation
2024-02-11T16:58:40.7569120Z         Experimental API constructor com.intellij.collaboration.ui.codereview.list.search.ChooserPopupUtil.PopupItemPresentation.Simple.<init>(java.lang.String shortText, javax.swing.Icon icon, java.lang.String fullText) is invoked in com.dsoftware.ghmanager.ui.panels.filters.WfRunsFiltersFactory.createFilters$6.invoke(GHUser) : ChooserPopupUtil.PopupItemPresentation. This constructor can be changed in a future release leading to incompatibilities
2024-02-11T16:58:40.7571855Z     #Experimental API method com.intellij.collaboration.ui.icon.CachingIconsProvider.getIcon(T, int) invocation
2024-02-11T16:58:40.7574053Z         Experimental API method com.intellij.collaboration.ui.icon.CachingIconsProvider.getIcon(T key, int iconSize) : javax.swing.Icon is invoked in com.dsoftware.ghmanager.ui.panels.filters.WfRunsFiltersFactory.createFilters$6.invoke(GHUser) : ChooserPopupUtil.PopupItemPresentation. This method can be changed in a future release leading to incompatibilities
2024-02-11T16:58:40.7576571Z     #Experimental API method com.intellij.collaboration.ui.codereview.list.search.PersistingReviewListSearchHistoryModel.setPersistentHistory(List) is overridden
2024-02-11T16:58:40.7579379Z         Experimental API method com.intellij.collaboration.ui.codereview.list.search.PersistingReviewListSearchHistoryModel.setPersistentHistory(java.util.List arg0) : void is overridden in class com.dsoftware.ghmanager.ui.panels.filters.WfRunsSearchHistoryModel. This method can be changed in a future release leading to incompatibilities
2024-02-11T16:58:40.7581483Z     #Experimental API class com.intellij.collaboration.ui.icon.CachingIconsProvider reference
2024-02-11T16:58:40.7583492Z         Experimental API class com.intellij.collaboration.ui.icon.CachingIconsProvider is referenced in com.dsoftware.ghmanager.ui.panels.filters.WfRunsFiltersFactory.createFilters$6.invoke(GHUser) : ChooserPopupUtil.PopupItemPresentation. This class can be changed in a future release leading to incompatibilities
2024-02-11T16:58:40.7586407Z         Experimental API class com.intellij.collaboration.ui.icon.CachingIconsProvider is referenced in com.dsoftware.ghmanager.ui.panels.filters.WfRunsFiltersFactory.createFilters$6.<init>(CachingIconsProvider). This class can be changed in a future release leading to incompatibilities
2024-02-11T16:58:40.7589028Z         Experimental API class com.intellij.collaboration.ui.icon.CachingIconsProvider is referenced in com.dsoftware.ghmanager.ui.panels.filters.WfRunsFiltersFactory.createFilters(CoroutineScope) : List. This class can be changed in a future release leading to incompatibilities
2024-02-11T16:58:40.7591766Z         Experimental API class com.intellij.collaboration.ui.icon.CachingIconsProvider is referenced in com.dsoftware.ghmanager.ui.panels.filters.WfRunsFiltersFactory.createFilters$6.$avatarIconsProvider : CachingIconsProvider. This class can be changed in a future release leading to incompatibilities
2024-02-11T16:58:40.7594054Z     #Experimental API method com.intellij.collaboration.async.CompletableFutureUtil.isCancellation(Throwable) invocation
2024-02-11T16:58:40.7596141Z         Experimental API method com.intellij.collaboration.async.CompletableFutureUtil.isCancellation(java.lang.Throwable error) : boolean is invoked in com.dsoftware.ghmanager.data.WorkflowRunListLoader.loadMore$1.invoke(List, Throwable) : void. This method can be changed in a future release leading to incompatibilities
2024-02-11T16:58:40.7598310Z     #Experimental API method com.intellij.collaboration.ui.codereview.list.search.ReviewListSearchPanelFactory.getVm() invocation
2024-02-11T16:58:40.7600493Z         Experimental API method com.intellij.collaboration.ui.codereview.list.search.ReviewListSearchPanelFactory.getVm() : VM is invoked in com.dsoftware.ghmanager.ui.panels.filters.WfRunsFiltersFactory.createFilters(CoroutineScope) : List. This method can be changed in a future release leading to incompatibilities
2024-02-11T16:58:40.7602880Z     #Experimental API method com.intellij.collaboration.ui.codereview.list.search.DropDownComponentFactory.create(CoroutineScope, String, List, Function0, Function1, Function1) invocation
2024-02-11T16:58:40.7606597Z         Experimental API method com.intellij.collaboration.ui.codereview.list.search.DropDownComponentFactory.create(kotlinx.coroutines.CoroutineScope vmScope, java.lang.String filterName, java.util.List items, kotlin.jvm.functions.Function0 onSelect, kotlin.jvm.functions.Function1 valuePresenter, kotlin.jvm.functions.Function1 popupItemPresenter) : javax.swing.JComponent is invoked in com.dsoftware.ghmanager.ui.panels.filters.WfRunsFiltersFactory.createFilters(CoroutineScope) : List. This method can be changed in a future release leading to incompatibilities
2024-02-11T16:58:40.7609906Z     #Experimental API method com.intellij.collaboration.ui.codereview.list.search.ReviewListSearchPanelViewModelBase.withQuery(S, String) is overridden
2024-02-11T16:58:40.7612337Z         Experimental API method com.intellij.collaboration.ui.codereview.list.search.ReviewListSearchPanelViewModelBase.withQuery(S arg0, java.lang.String arg1) : S is overridden in class com.dsoftware.ghmanager.ui.panels.filters.WfRunsSearchPanelViewModel. This method can be changed in a future release leading to incompatibilities
2024-02-11T16:58:40.7614681Z     #Experimental API method com.intellij.collaboration.ui.codereview.list.search.ReviewListSearchPanelViewModel.getQuickFilters() is overridden
2024-02-11T16:58:40.7616973Z         Experimental API method com.intellij.collaboration.ui.codereview.list.search.ReviewListSearchPanelViewModel.getQuickFilters() : java.util.List is overridden in class com.dsoftware.ghmanager.ui.panels.filters.WfRunsSearchPanelViewModel. This method can be changed in a future release leading to incompatibilities
2024-02-11T16:58:40.7619298Z     #Experimental API method com.intellij.collaboration.ui.codereview.list.search.ReviewListSearchPanelFactory.getShortText(S) is overridden
2024-02-11T16:58:40.7621520Z         Experimental API method com.intellij.collaboration.ui.codereview.list.search.ReviewListSearchPanelFactory.getShortText(S arg0) : java.lang.String is overridden in class com.dsoftware.ghmanager.ui.panels.filters.WfRunsFiltersFactory. This method can be changed in a future release leading to incompatibilities
2024-02-11T16:58:40.7624095Z     #Experimental API constructor com.intellij.collaboration.ui.codereview.list.search.ReviewListSearchPanelViewModelBase.<init>(CoroutineScope, ReviewListSearchHistoryModel, S, Q) invocation
2024-02-11T16:58:40.7627543Z         Experimental API constructor com.intellij.collaboration.ui.codereview.list.search.ReviewListSearchPanelViewModelBase.<init>(kotlinx.coroutines.CoroutineScope scope, com.intellij.collaboration.ui.codereview.list.search.ReviewListSearchHistoryModel historyModel, S emptySearch, Q defaultQuickFilter) is invoked in com.dsoftware.ghmanager.ui.panels.filters.WfRunsSearchPanelViewModel.<init>(CoroutineScope, WorkflowRunSelectionContext). This constructor can be changed in a future release leading to incompatibilities
2024-02-11T16:58:40.7630838Z     #Experimental API constructor com.intellij.collaboration.ui.codereview.list.search.PersistingReviewListSearchHistoryModel.<init>(int, int, DefaultConstructorMarker) invocation
2024-02-11T16:58:40.7633963Z         Experimental API constructor com.intellij.collaboration.ui.codereview.list.search.PersistingReviewListSearchHistoryModel.<init>(int arg0, int arg1, kotlin.jvm.internal.DefaultConstructorMarker arg2) is invoked in com.dsoftware.ghmanager.ui.panels.filters.WfRunsSearchHistoryModel.<init>(WfRunsListPersistentSearchHistory). This constructor can be changed in a future release leading to incompatibilities
2024-02-11T16:58:40.7636786Z     #Experimental API method com.intellij.collaboration.ui.codereview.list.search.ReviewListSearchPanelFactory.createFilters(CoroutineScope) is overridden
2024-02-11T16:58:40.7639242Z         Experimental API method com.intellij.collaboration.ui.codereview.list.search.ReviewListSearchPanelFactory.createFilters(kotlinx.coroutines.CoroutineScope arg0) : java.util.List is overridden in class com.dsoftware.ghmanager.ui.panels.filters.WfRunsFiltersFactory. This method can be changed in a future release leading to incompatibilities
2024-02-11T16:58:40.7642214Z     #Experimental API method com.intellij.collaboration.ui.codereview.list.search.DropDownComponentFactory.create$default(DropDownComponentFactory, CoroutineScope, String, List, Function0, Function1, Function1, int, Object) invocation
2024-02-11T16:58:40.7646440Z         Experimental API method com.intellij.collaboration.ui.codereview.list.search.DropDownComponentFactory.create$default(com.intellij.collaboration.ui.codereview.list.search.DropDownComponentFactory arg0, kotlinx.coroutines.CoroutineScope arg1, java.lang.String arg2, java.util.List arg3, kotlin.jvm.functions.Function0 arg4, kotlin.jvm.functions.Function1 arg5, kotlin.jvm.functions.Function1 arg6, int arg7, java.lang.Object arg8) : javax.swing.JComponent is invoked in com.dsoftware.ghmanager.ui.panels.filters.WfRunsFiltersFactory.createFilters(CoroutineScope) : List. This method can be changed in a future release leading to incompatibilities
2024-02-11T16:58:40.7650227Z     #Experimental API interface com.intellij.collaboration.ui.codereview.list.search.ReviewListSearchHistoryModel reference
2024-02-11T16:58:40.7652557Z         Experimental API interface com.intellij.collaboration.ui.codereview.list.search.ReviewListSearchHistoryModel is referenced in com.dsoftware.ghmanager.ui.panels.filters.WfRunsSearchPanelViewModel.<init>(CoroutineScope, WorkflowRunSelectionContext). This interface can be changed in a future release leading to incompatibilities
2024-02-11T16:58:40.7654823Z     #Experimental API method com.intellij.collaboration.ui.codereview.list.search.ReviewListSearchValue.getSearchQuery() is overridden
2024-02-11T16:58:40.7657030Z         Experimental API method com.intellij.collaboration.ui.codereview.list.search.ReviewListSearchValue.getSearchQuery() : java.lang.String is overridden in class com.dsoftware.ghmanager.ui.panels.filters.WfRunsListSearchValue. This method can be changed in a future release leading to incompatibilities
2024-02-11T16:58:40.7659508Z     #Experimental API constructor com.intellij.collaboration.ui.icon.AsyncImageIconsProvider.<init>(CoroutineScope, AsyncImageIconsProvider.AsyncImageLoader) invocation
2024-02-11T16:58:40.7662283Z         Experimental API constructor com.intellij.collaboration.ui.icon.AsyncImageIconsProvider.<init>(kotlinx.coroutines.CoroutineScope scope, com.intellij.collaboration.ui.icon.AsyncImageIconsProvider.AsyncImageLoader loader) is invoked in com.dsoftware.ghmanager.ui.panels.filters.WfRunsFiltersFactory.createFilters(CoroutineScope) : List. This constructor can be changed in a future release leading to incompatibilities
2024-02-11T16:58:40.7664992Z     #Experimental API constructor com.intellij.collaboration.ui.codereview.list.search.ReviewListSearchPanelFactory.<init>(VM) invocation
2024-02-11T16:58:40.7667205Z         Experimental API constructor com.intellij.collaboration.ui.codereview.list.search.ReviewListSearchPanelFactory.<init>(VM vm) is invoked in com.dsoftware.ghmanager.ui.panels.filters.WfRunsFiltersFactory.<init>(WfRunsSearchPanelViewModel). This constructor can be changed in a future release leading to incompatibilities
2024-02-11T16:58:40.7669030Z     Plugin can probably be enabled or disabled without IDE restart
2024-02-11T16:58:40.7669484Z
2024-02-11T16:58:40.7670143Z 2024-02-11T16:58:40 [main] INFO  verification - Total time spent downloading plugins and their dependencies: 0 ms
2024-02-11T16:58:40.7671193Z 2024-02-11T16:58:40 [main] INFO  verification - Total amount of plugins and dependencies downloaded: 0 B
2024-02-11T16:58:40.7672213Z 2024-02-11T16:58:40 [main] INFO  verification - Total amount of space used for plugins and dependencies: 692.08 KB
2024-02-11T16:58:40.7674032Z 2024-02-11T16:58:40 [main] INFO  verification - Verification reports for com.dsoftware.ghtoolbar:1.15.3 saved to /home/runner/work/ghactions-manager/ghactions-manager/build/reports/pluginVerifier/IC-233.14475.9
2024-02-11T16:58:40.7675664Z 2024-02-11T16:58:40 [main] INFO  verification - Total time spent in plugin verification: 9 s 916 ms
2024-02-11T16:58:41.0245484Z
2024-02-11T16:58:41.0247219Z BUILD SUCCESSFUL in 14s
2024-02-11T16:58:41.0248317Z 19 actionable tasks: 7 executed, 12 up-to-date
2024-02-11T16:58:41.0249344Z Configuration cache entry stored.
2024-02-11T16:58:41.0471309Z ##[group]Run actions/upload-artifact@v4
2024-02-11T16:58:41.0471901Z with:
2024-02-11T16:58:41.0472225Z   name: pluginVerifier-result
2024-02-11T16:58:41.0472844Z   path: /home/runner/work/ghactions-manager/ghactions-manager/build/reports/pluginVerifier
2024-02-11T16:58:41.0473902Z   if-no-files-found: warn
2024-02-11T16:58:41.0474342Z   compression-level: 6
2024-02-11T16:58:41.0474795Z   overwrite: false
2024-02-11T16:58:41.0475122Z env:
2024-02-11T16:58:41.0475500Z   JAVA_HOME: /opt/hostedtoolcache/Java_Zulu_jdk/17.0.10-7/x64
2024-02-11T16:58:41.0476204Z   JAVA_HOME_17_X64: /opt/hostedtoolcache/Java_Zulu_jdk/17.0.10-7/x64
2024-02-11T16:58:41.0476742Z ##[endgroup]
2024-02-11T16:58:41.2720822Z With the provided path, there will be 5 files uploaded
2024-02-11T16:58:41.2721901Z Artifact name is valid!
2024-02-11T16:58:41.2722380Z Root directory input is valid!
2024-02-11T16:58:41.3324051Z Beginning upload of artifact content to blob storage
2024-02-11T16:58:41.4093875Z Uploaded bytes 10491
2024-02-11T16:58:41.4262600Z Finished uploading artifact content to blob storage!
2024-02-11T16:58:41.4268616Z SHA256 hash of uploaded artifact zip is f2cb14b3163bba4423a7441741d5597e1b23ea2845928737ac1736a012d23109
2024-02-11T16:58:41.4270509Z Finalizing artifact upload
2024-02-11T16:58:41.5014038Z Artifact pluginVerifier-result.zip successfully finalized. Artifact ID 1236706058
2024-02-11T16:58:41.5016322Z Artifact pluginVerifier-result has been successfully uploaded! Final size is 10491 bytes. Artifact ID is 1236706058
2024-02-11T16:58:41.5021882Z Artifact download URL: https://github.com/cunla/ghactions-manager/actions/runs/7863383891/artifacts/1236706058
2024-02-11T16:58:41.5125907Z ##[group]Run cd /home/runner/work/ghactions-manager/ghactions-manager/build/distributions
2024-02-11T16:58:41.5126742Z [36;1mcd /home/runner/work/ghactions-manager/ghactions-manager/build/distributions[0m
2024-02-11T16:58:41.5127313Z [36;1mFILENAME=`ls *.zip`[0m
2024-02-11T16:58:41.5127637Z [36;1munzip "$FILENAME" -d content[0m
2024-02-11T16:58:41.5127957Z [36;1m[0m
2024-02-11T16:58:41.5128267Z [36;1mecho "filename=${FILENAME:0:-4}" >> $GITHUB_OUTPUT[0m
2024-02-11T16:58:41.5193006Z shell: /usr/bin/bash --noprofile --norc -e -o pipefail {0}
2024-02-11T16:58:41.5193694Z env:
2024-02-11T16:58:41.5194027Z   JAVA_HOME: /opt/hostedtoolcache/Java_Zulu_jdk/17.0.10-7/x64
2024-02-11T16:58:41.5194573Z   JAVA_HOME_17_X64: /opt/hostedtoolcache/Java_Zulu_jdk/17.0.10-7/x64
2024-02-11T16:58:41.5195005Z ##[endgroup]
2024-02-11T16:58:41.5312628Z Archive:  github-actions-manager-1.15.3.zip
2024-02-11T16:58:41.5315895Z    creating: content/github-actions-manager/
2024-02-11T16:58:41.5316524Z    creating: content/github-actions-manager/lib/
2024-02-11T16:58:41.5317996Z   inflating: content/github-actions-manager/lib/annotations-24.1.0.jar
2024-02-11T16:58:41.5347143Z   inflating: content/github-actions-manager/lib/instrumented-ghactions-manager-1.15.3.jar
2024-02-11T16:58:41.5468825Z   inflating: content/github-actions-manager/lib/kotlin-stdlib-1.9.21.jar
2024-02-11T16:58:41.5470127Z   inflating: content/github-actions-manager/lib/searchableOptions-1.15.3.jar
2024-02-11T16:58:41.5531297Z ##[group]Run actions/upload-artifact@v4
2024-02-11T16:58:41.5531650Z with:
2024-02-11T16:58:41.5531892Z   name: github-actions-manager-1.15.3
2024-02-11T16:58:41.5532264Z   path: ./build/distributions/content/*/*
2024-02-11T16:58:41.5532617Z   if-no-files-found: warn
2024-02-11T16:58:41.5532894Z   compression-level: 6
2024-02-11T16:58:41.5533150Z   overwrite: false
2024-02-11T16:58:41.5533378Z env:
2024-02-11T16:58:41.5533877Z   JAVA_HOME: /opt/hostedtoolcache/Java_Zulu_jdk/17.0.10-7/x64
2024-02-11T16:58:41.5534403Z   JAVA_HOME_17_X64: /opt/hostedtoolcache/Java_Zulu_jdk/17.0.10-7/x64
2024-02-11T16:58:41.5534828Z ##[endgroup]
2024-02-11T16:58:41.7604234Z With the provided path, there will be 4 files uploaded
2024-02-11T16:58:41.7611378Z Artifact name is valid!
2024-02-11T16:58:41.7612139Z Root directory input is valid!
2024-02-11T16:58:41.8353791Z Beginning upload of artifact content to blob storage
2024-02-11T16:58:42.0409777Z Uploaded bytes 1974450
2024-02-11T16:58:42.0575189Z Finished uploading artifact content to blob storage!
2024-02-11T16:58:42.0580324Z SHA256 hash of uploaded artifact zip is a97fcdd91db92760817e9ac8620d1872120d3bc1a85cd98a9b19ae7709be9551
2024-02-11T16:58:42.0581596Z Finalizing artifact upload
2024-02-11T16:58:42.1300496Z Artifact github-actions-manager-1.15.3.zip successfully finalized. Artifact ID 1236706063
2024-02-11T16:58:42.1302257Z Artifact github-actions-manager-1.15.3 has been successfully uploaded! Final size is 1974450 bytes. Artifact ID is 1236706063
2024-02-11T16:58:42.1303739Z Artifact download URL: https://github.com/cunla/ghactions-manager/actions/runs/7863383891/artifacts/1236706063
2024-02-11T16:58:42.2019980Z Post job cleanup.
2024-02-11T16:58:42.3331353Z [command]/usr/bin/tar --posix -cf cache.tzst --exclude cache.tzst -P -C /home/runner/work/ghactions-manager/ghactions-manager --files-from manifest.txt --use-compress-program zstdmt
2024-02-11T16:58:42.4582261Z Cache Size: ~0 MB (212 B)
2024-02-11T16:58:42.5513562Z Cache saved successfully
2024-02-11T16:58:42.5518776Z Cache saved with key: plugin-verifier-ada079ec5b1c58d88bd59b8f5d4a4e5b63d5b6e82ab90e3642dd7a00f67df87d
2024-02-11T16:58:42.5632422Z Post job cleanup.
2024-02-11T16:58:42.7158125Z Cache hit occurred on the primary key setup-java-Linux-gradle-9d50dddc45f5b5ba450bde7c2fafc44107d72b55a2eadafb1c0c58025e2e16e8, not saving cache.
2024-02-11T16:58:42.7294578Z Post job cleanup.
2024-02-11T16:58:42.8026341Z [command]/usr/bin/git version
2024-02-11T16:58:42.8065844Z git version 2.43.0
2024-02-11T16:58:42.8109443Z Temporarily overriding HOME='/home/runner/work/_temp/75b61768-15f3-42d8-8891-af5d261bf51f' before making global git config changes
2024-02-11T16:58:42.8111224Z Adding repository directory to the temporary git global config as a safe directory
2024-02-11T16:58:42.8116443Z [command]/usr/bin/git config --global --add safe.directory /home/runner/work/ghactions-manager/ghactions-manager
2024-02-11T16:58:42.8149067Z [command]/usr/bin/git config --local --name-only --get-regexp core\.sshCommand
2024-02-11T16:58:42.8181317Z [command]/usr/bin/git submodule foreach --recursive sh -c "git config --local --name-only --get-regexp 'core\.sshCommand' && git config --local --unset-all 'core.sshCommand' || :"
2024-02-11T16:58:42.8419692Z [command]/usr/bin/git config --local --name-only --get-regexp http\.https\:\/\/github\.com\/\.extraheader
2024-02-11T16:58:42.8439139Z http.https://github.com/.extraheader
2024-02-11T16:58:42.8451699Z [command]/usr/bin/git config --local --unset-all http.https://github.com/.extraheader
2024-02-11T16:58:42.8480037Z [command]/usr/bin/git submodule foreach --recursive sh -c "git config --local --name-only --get-regexp 'http\.https\:\/\/github\.com\/\.extraheader' && git config --local --unset-all 'http.https://github.com/.extraheader' || :"
2024-02-11T16:58:42.8976145Z Evaluate and set job outputs
2024-02-11T16:58:42.8985426Z Set output 'version'
2024-02-11T16:58:42.8986546Z Cleaning up orphan processes
2024-02-11T16:58:42.9366720Z Terminate orphan process: pid (1840) (java)
2024-02-11T16:58:42.9408026Z Terminate orphan process: pid (2042) (java)